12-26 09:30:12.038  1584  1808 I am_pss  : [17128,10198,com.google.android.uvexposurereporter,6232064,4759552,0,96894976,0,19,11]
12-26 09:30:21.125  1584  1941 I input_interaction: Interaction with: f00dd56 com.google.android.apps.nexuslauncher/com.google.android.apps.nexuslauncher.NexusLauncherActivity (server), PointerEventDispatcher0 (server), 
12-26 09:30:22.189  1584  1941 I input_interaction: Interaction with: f00dd56 com.google.android.apps.nexuslauncher/com.google.android.apps.nexuslauncher.NexusLauncherActivity (server), c5ec6a2 com.android.systemui.wallpapers.ImageWallpaper (server), PointerEventDispatcher0 (server), 
12-26 09:30:37.063  1584  1809 I am_uid_idle: 10147
12-26 09:30:39.620  1584  1809 I am_uid_idle: 10145
12-26 09:30:41.007  1584  1932 I am_compact: [3136,com.google.process.gservices,file,97980,52400,44412,5772,0,0,0,0,23,1,2918550,700,5,1462808,0]
12-26 09:30:43.069  1584  1809 I am_uid_idle: 10131
12-26 09:30:53.653  1584  1808 I am_pss  : [2682,10218,com.google.android.apps.nexuslauncher,166443008,128622592,22155264,299761664,0,2,48]
12-26 09:30:53.874  1584  1809 I am_uid_idle: 10116
12-26 09:30:59.574  1584  1809 I am_uid_idle: 10069
12-26 09:31:11.991  1584  1809 I am_uid_idle: 10127
12-26 09:31:22.649  1584  1932 I am_compact: [3136,com.google.process.gservices,file,97980,52400,44412,5772,0,0,0,0,37,1,2960065,700,5,1482776,0]
12-26 09:31:35.634 14190 15095 I aggregation: 1672065095634
12-26 09:31:41.767  1584  1932 I am_compact: [3136,com.google.process.gservices,file,97980,52400,44412,5772,0,0,0,0,33,1,3001707,700,5,1483800,0]
12-26 09:31:59.570  1584  1808 I am_pss  : [2682,10218,com.google.android.apps.nexuslauncher,166471680,128651264,22155264,299790336,0,2,47]
12-26 09:32:52.293  1584  8934 I am_uid_active: 10116
12-26 09:32:52.541  1584  1931 I commit_sys_config_file: [settings-0-0,22]
12-26 09:32:58.377  1584  1932 I am_compact: [5646,com.google.android.apps.turbo,file,108708,59992,47148,3144,0,0,0,0,36,1,2912936,700,5,1484312,0]
12-26 09:33:07.960  1584  1932 I am_compact: [5646,com.google.android.apps.turbo,file,108708,59992,47148,3144,0,0,0,0,13,1,3097435,700,10,1484312,0]
12-26 09:33:52.407  1584  1808 I am_pss  : [2682,10218,com.google.android.apps.nexuslauncher,166508544,128688128,22155264,299827200,0,2,24]
12-26 09:33:52.603  1584  1931 I commit_sys_config_file: [settings-0-0,19]
12-26 09:33:58.447  1584  1932 I am_compact: [5646,com.google.android.apps.turbo,file,108708,59992,47148,3144,0,0,0,0,36,1,3107017,700,5,1484568,0]
12-26 09:34:41.032  1584  1932 I am_compact: [3136,com.google.process.gservices,file,98224,52400,44656,5604,0,0,0,0,35,1,3020825,700,5,1484568,0]
12-26 09:34:58.411  1584  1809 I am_uid_idle: 10116
12-26 09:35:15.797  1584  1850 I sysui_multi_action: [757,1696,758,6,759,2]
12-26 09:35:22.794  1584  1850 I power_sleep_requested: 0
12-26 09:35:22.805  1584  1584 I am_kill : [0,16474,com.google.android.apps.work.oobconfig,999,empty #33]
12-26 09:35:22.837  1584  1808 I am_pss  : [5646,10116,com.google.android.apps.turbo,12817408,6918144,2469888,115486720,0,19,7]
12-26 09:35:22.850  1584  1850 I sysui_multi_action: [757,1696,758,6,759,0]
12-26 09:35:22.852  1584  8641 I am_proc_died: [0,16474,com.google.android.apps.work.oobconfig,999,19]
12-26 09:35:22.852  1584  8641 I am_uid_stopped: 10148
12-26 09:35:22.857  1584  1808 I am_pss  : [17109,10200,.ShannonImsService,6631424,4079616,0,102219776,0,19,7]
12-26 09:35:22.870  1584  1808 I am_pss  : [17233,10182,com.android.chrome,26450944,23027712,0,131108864,0,19,8]
12-26 09:35:22.872  1584  1932 I am_compact: [5646,com.google.android.apps.turbo,all,108716,59992,47156,3140,-6476,0,-6476,6476,61,1,3157505,905,15,1484568,-6716]
12-26 09:35:22.882  1584  1808 I am_pss  : [16901,10160,com.google.android.googlequicksearchbox:train,48974848,12500992,1081344,210698240,0,19,10]
12-26 09:35:22.890  1584  1808 I am_pss  : [17128,10198,com.google.android.uvexposurereporter,6254592,4759552,0,96894976,0,19,7]
12-26 09:35:22.897  1584  1808 I am_pss  : [17013,10101,com.android.traceur,11052032,7630848,1826816,103706624,0,19,6]
12-26 09:35:22.900  1584  1932 I am_compact: [17109,.ShannonImsService,all,97992,49548,47296,0,-3676,0,-3676,3676,28,1,2918195,915,15,1477852,-3244]
12-26 09:35:22.906  1584  1808 I am_pss  : [16817,10116,com.google.android.apps.turbo:aab,11587584,8380416,0,115658752,0,19,7]
12-26 09:35:22.913  1584  1808 I am_pss  : [16916,10201,com.google.android.turboadapter,5578752,3178496,823296,98738176,0,19,7]
12-26 09:35:22.923  1584  1808 I am_pss  : [16802,10266,com.socialnmobile.dictapps.notepad.color.note,12112896,10113024,0,115654656,0,19,7]
12-26 09:35:22.931  1584  1808 I am_pss  : [16939,10219,com.google.android.apps.wallpaper,10238976,8712192,0,103202816,0,19,6]
12-26 09:35:22.934  1584  1932 I am_compact: [2990,android.process.acore,all,109012,61528,46296,4724,-4568,0,-4568,4568,34,1,2918655,985,15,1474608,-4148]
12-26 09:35:22.938  1584  1808 I am_pss  : [16872,10079,com.android.providers.calendar,6481920,4771840,0,104996864,0,19,6]
12-26 09:35:23.085  1584  1932 I am_compact: [3304,com.google.android.as,all,215040,135084,75408,38060,-37412,0,-37412,37412,151,3,2456579,100,5,1470460,-31688]
12-26 09:35:23.099  1584  1932 I am_compact: [2503,com.google.android.ext.services,all,91256,46428,43676,3684,0,0,0,0,14,3,2456596,100,5,1438772,0]
12-26 09:35:23.266  2682  2682 I wm_on_top_resumed_lost_called: [39696038,com.google.android.apps.nexuslauncher.NexusLauncherActivity,topStateChangedWhenResumed]
12-26 09:35:23.266  1584  1850 I wm_pause_activity: [0,39696038,com.google.android.apps.nexuslauncher/.NexusLauncherActivity,userLeaving=false,sleep]
12-26 09:35:23.268  2682  2682 I wm_on_paused_called: [39696038,com.google.android.apps.nexuslauncher.NexusLauncherActivity,performPause]
12-26 09:35:23.269  1584  3389 I wm_add_to_stopping: [0,39696038,com.google.android.apps.nexuslauncher/.NexusLauncherActivity,completePauseLocked]
12-26 09:35:23.273  1584  1794 I sysui_multi_action: [757,803,799,window_time_0,802,337]
12-26 09:35:23.274  1584  3389 I wm_wallpaper_surface: [0,0,null]
12-26 09:35:23.275  1584  1941 I input_focus: [Focus leaving f00dd56 com.google.android.apps.nexuslauncher/com.google.android.apps.nexuslauncher.NexusLauncherActivity (server),reason=NOT_VISIBLE]
12-26 09:35:23.277  1584  1798 I input_focus: [Requesting to set focus to null window,reason=UpdateInputWindows]
12-26 09:35:23.278  1584  1797 I wm_stop_activity: [0,39696038,com.google.android.apps.nexuslauncher/.NexusLauncherActivity]
12-26 09:35:23.306  2682  2682 I wm_on_stop_called: [39696038,com.google.android.apps.nexuslauncher.NexusLauncherActivity,STOP_ACTIVITY_ITEM]
12-26 09:35:23.310  1584  1808 I commit_sys_config_file: [display-state,3192771]
12-26 09:35:23.344  1584  1584 I battery_saving_stats: [0,1,0,331529,12000,0,357399,22000,0]
12-26 09:35:23.349  1584  3589 I am_uid_active: 10116
12-26 09:35:23.438  1584  1794 I sysui_multi_action: [757,223,758,1]
12-26 09:35:23.444  2172  2172 I service_manager_stats: [200,143,3242501]
12-26 09:35:23.448  2172  2172 I sysui_multi_action: [757,111,758,1]
12-26 09:35:23.448  2172  2172 I sysui_multi_action: [757,126,758,1,759,126,927,0,928,1,1593,0]
12-26 09:35:23.448  2172  2172 I sysui_multi_action: [757,113,758,1,759,113,927,1,928,1,1593,0]
12-26 09:35:23.448  2172  2172 I sysui_multi_action: [757,118,758,1,759,118,927,2,928,0,1593,0]
12-26 09:35:23.448  2172  2172 I sysui_multi_action: [757,0,758,1,759,0,927,3,1593,0]
12-26 09:35:23.450  1584  2228 I wm_set_keyguard_shown: [0,0,1,0,setKeyguardShown]
12-26 09:35:23.450  2172  2172 I sysui_multi_action: [757,196,758,2,759,0]
12-26 09:35:23.450  2172  2172 I sysui_status_bar_state: [1,0,0,0,0,1]
12-26 09:35:23.453  1584  1932 I am_compact: [13199,com.google.android.gms.persistent,all,254720,162992,87608,11592,-48736,0,-48736,48968,181,3,2456060,100,3,1438772,-32212]
12-26 09:35:23.455  1584  3589 I sysui_multi_action: [757,127,758,1]
12-26 09:35:23.455  1584  3589 I sysui_multi_action: [757,804,799,note_load,801,1,802,1]
12-26 09:35:23.455  1584  3589 I notification_panel_revealed: 1
12-26 09:35:23.459  1584  1850 I sysui_multi_action: [757,1696,758,6,759,1]
12-26 09:35:23.459  1584  1584 I sysui_multi_action: [757,198,758,2,759,3,1359,670,1695,2]
12-26 09:35:23.459  1584  1584 I power_screen_state: [0,3,0,0,670]
12-26 09:35:23.459  1584  1584 I screen_toggled: 0
12-26 09:35:23.459  1584  1584 I sysui_multi_action: [757,804,799,screen_timeout,801,300,802,1]
12-26 09:35:23.459  1584  1584 I sysui_multi_action: [757,1594,758,4,759,-2147483648,1359,331529]
12-26 09:35:23.460  1584  1584 I power_screen_broadcast_send: 1
12-26 09:35:23.478  1584  2227 I sysui_multi_action: [757,127,758,2]
12-26 09:35:23.478  1584  2227 I notification_panel_hidden: 
12-26 09:35:23.484  1584  1798 I input_focus: [Focus request a36b5bf NotificationShade,reason=UpdateInputWindows]
12-26 09:35:23.492  1584  1941 I input_focus: [Focus entering a36b5bf NotificationShade (server),reason=Window became focusable. Previous reason: NOT_FOCUSABLE]
12-26 09:35:23.507  1584  1584 I device_idle: [1,no activity]
12-26 09:35:23.507  1584  1584 I device_idle_light: [1,no activity]
12-26 09:35:23.534  1584  1932 I am_compact: [3318,com.google.android.googlequicksearchbox:interactor,all,301508,226628,71728,193108,-20084,0,-20084,20092,81,3,2456147,100,3,1406708,-16172]
12-26 09:35:23.541  1584  1809 I am_wtf  : [0,1584,system_server,-1,JobScheduler.JobStatus,App com.google.android.inputmethod.latin became active but still in NEVER bucket]
12-26 09:35:23.562  1584  1932 I am_compact: [14190,com.google.android.gms,all,228856,176784,49768,24968,-4148,0,-4148,4204,28,3,2910969,905,10,1391008,1588]
12-26 09:35:23.564  1584  1931 I commit_sys_config_file: [settings-0-0,2]
12-26 09:35:23.578  1584  1584 I power_screen_broadcast_done: [0,118,1]
12-26 09:35:23.647  1584  1809 I am_uid_active: 10127
12-26 09:35:23.653  1584  1809 I am_wtf  : [0,1584,system_server,-1,JobScheduler.JobStatus,App com.google.android.inputmethod.latin became active but still in NEVER bucket]
12-26 09:35:23.701  1584  1932 I am_compact: [3629,com.google.android.googlequicksearchbox:search,all,348228,255608,82648,58440,-46772,0,-46772,46760,139,3,2907411,905,10,1392852,-22528]
12-26 09:35:23.726  1584  1809 I am_wtf  : [0,1584,system_server,-1,JobScheduler.JobStatus,App com.google.android.inputmethod.latin became active but still in NEVER bucket]
12-26 09:35:23.801  1584  1809 I am_wtf  : [0,1584,system_server,-1,JobScheduler.JobStatus,App com.google.android.inputmethod.latin became active but still in NEVER bucket]
12-26 09:35:23.887  1584  1809 I am_wtf  : [0,1584,system_server,-1,JobScheduler.JobStatus,App com.google.android.inputmethod.latin became active but still in NEVER bucket]
12-26 09:35:23.974  1584  1809 I am_wtf  : [0,1584,system_server,-1,JobScheduler.JobStatus,App com.google.android.inputmethod.latin became active but still in NEVER bucket]
12-26 09:35:24.066  1584  1809 I am_wtf  : [0,1584,system_server,-1,JobScheduler.JobStatus,App com.google.android.inputmethod.latin became active but still in NEVER bucket]
12-26 09:35:24.067  1584  1809 I am_wtf  : [0,1584,system_server,-1,JobScheduler.JobStatus,App com.google.android.inputmethod.latin became active but still in NEVER bucket]
12-26 09:35:24.068  1584  1809 I am_wtf  : [0,1584,system_server,-1,JobScheduler.JobStatus,App com.google.android.inputmethod.latin became active but still in NEVER bucket]
12-26 09:35:24.068  1584  1809 I am_wtf  : [0,1584,system_server,-1,JobScheduler.JobStatus,App com.google.android.inputmethod.latin became active but still in NEVER bucket]
12-26 09:35:24.453  1584  1931 I commit_sys_config_file: [settings-0-0,14]
12-26 09:35:28.268  1584  2675 I wm_set_keyguard_shown: [0,1,1,0,setKeyguardShown]
12-26 09:35:28.285  2172  2172 I sysui_multi_action: [757,196,758,1,759,0]
12-26 09:35:28.285  2172  2172 I sysui_status_bar_state: [1,1,0,0,0,1]
12-26 09:35:28.296  1584  1797 I user_activity_timeout_override: 10000
12-26 09:36:35.236   459   459 I auditd  : avc:  denied  { find } for pid=1083 uid=1080 name=android.frameworks.stats.IStats/default scontext=u:r:hal_contexthub_default:s0 tcontext=u:object_r:fwk_stats_service:s0 tclass=service_manager permissive=0
12-26 09:36:57.711   459   459 I auditd  : avc:  denied  { find } for pid=1083 uid=1080 name=android.frameworks.stats.IStats/default scontext=u:r:hal_contexthub_default:s0 tcontext=u:object_r:fwk_stats_service:s0 tclass=service_manager permissive=0
12-26 09:36:58.228  1584  1932 I am_compact: [5646,com.google.android.apps.turbo,file,103900,59992,42340,8460,0,0,0,0,34,3,3241929,700,5,1377340,0]
12-26 09:39:45.425   459   459 I auditd  : avc:  denied  { find } for pid=1083 uid=1080 name=android.frameworks.stats.IStats/default scontext=u:r:hal_contexthub_default:s0 tcontext=u:object_r:fwk_stats_service:s0 tclass=service_manager permissive=0
12-26 09:39:45.434  1584  1922 I device_idle_light_step: 
12-26 09:39:45.435  1584  1922 I device_idle_light: [4,s:alarm]
12-26 09:39:45.437  1584  1922 I device_idle_on_start: 
12-26 09:39:45.463  1584  1922 I device_idle_on_phase: net
12-26 09:39:45.463  1584  1922 I device_idle_on_complete: 
12-26 09:39:45.464  1584  1584 I battery_saving_stats: [0,0,0,262120,0,0,1687178,12000,0]
12-26 09:40:37.530   459   459 I auditd  : avc:  denied  { find } for pid=1083 uid=1080 name=android.frameworks.stats.IStats/default scontext=u:r:hal_contexthub_default:s0 tcontext=u:object_r:fwk_stats_service:s0 tclass=service_manager permissive=0
12-26 09:40:55.195  1584  1808 I am_pss  : [17109,10200,.ShannonImsService,6631424,315392,3764224,98455552,0,19,26]
12-26 09:40:55.230  1584  1808 I am_pss  : [16901,10160,com.google.android.googlequicksearchbox:train,48974848,12500992,1081344,210698240,0,19,30]
12-26 09:41:20.589   459   459 I auditd  : avc:  denied  { find } for pid=1083 uid=1080 name=android.frameworks.stats.IStats/default scontext=u:r:hal_contexthub_default:s0 tcontext=u:object_r:fwk_stats_service:s0 tclass=service_manager permissive=0
12-26 09:41:20.615  1584  1808 I am_pss  : [2682,10218,com.google.android.apps.nexuslauncher,100226048,62365696,22151168,233504768,0,5,16]
12-26 09:42:02.757   459   459 I auditd  : avc:  denied  { find } for pid=1083 uid=1080 name=android.frameworks.stats.IStats/default scontext=u:r:hal_contexthub_default:s0 tcontext=u:object_r:fwk_stats_service:s0 tclass=service_manager permissive=0
12-26 09:45:46.257  1584  1931 I commit_sys_config_file: [settings-0-0,16]
12-26 09:45:46.272  1584  1922 I device_idle_light_step: 
12-26 09:45:46.272  1584  1922 I device_idle_light: [5,s:alarm]
12-26 09:45:46.282  1584  1999 I netstats_mobile_sample: [0,0,0,0,0,0,0,0,0,0,0,0,1672065946281]
12-26 09:45:46.282  1584  1999 I netstats_wifi_sample: [0,0,0,0,0,0,0,0,0,0,0,0,1672065946281]
12-26 09:46:26.532  1584  2229 I battery_status: [4,2,1,0,Li-ion]
12-26 09:46:26.629  1584  1931 I commit_sys_config_file: [settings-0-0,27]
12-26 09:46:26.867  1584  1584 I notification_enqueue: [1000,1584,android,32,NULL,-1,Notification(channel=USB shortcut=null contentView=null vibrate=null sound=null tick defaults=0x0 flags=0x2 color=0x00000000 vis=PUBLIC),0]
12-26 09:46:26.879  1584  1584 I notification_enqueue: [1000,1584,android,26,NULL,-1,Notification(channel=DEVELOPER_IMPORTANT shortcut=null contentView=null vibrate=null sound=null tick defaults=0x0 flags=0x2 color=0x00000000 vis=PUBLIC),0]
12-26 09:46:26.884  1584  1809 I am_uid_running: 10077
12-26 09:46:26.958  1584  1810 I am_proc_start: [0,17543,10077,android.process.media,broadcast,{com.android.mtp/com.android.mtp.MtpReceiver}]
12-26 09:46:26.978  1584  3389 I am_proc_bound: [0,17543,android.process.media]
12-26 09:46:26.988  1584  3389 I sysui_multi_action: [757,1417,758,4,1418,70,1421,2]
12-26 09:46:26.988  1584  3389 I battery_discharge: [336658608,100,70]
12-26 09:46:26.988  1584  3389 I battery_status: [4,2,1,2,Li-ion]
12-26 09:46:26.991  1584  1584 I battery_saving_stats: [0,0,1,401527,4000,0,4892262,38000,0]
12-26 09:46:26.992  1584  1584 I device_idle: [0,charging]
12-26 09:46:26.992  1584  1584 I device_idle_light: [0,charging]
12-26 09:46:26.993  1584  1922 I device_idle_off_start: charging
12-26 09:46:27.004  1584  1922 I device_idle_off_phase: net
12-26 09:46:27.005  1584  1584 I screen_toggled: 1
12-26 09:46:27.005  1584  1584 I power_screen_broadcast_send: 1
12-26 09:46:27.012  1584  1808 I am_pss  : [3072,10107,com.google.android.ims,22481920,13135872,7471104,119025664,0,10,8]
12-26 09:46:27.015  1584  1922 I device_idle_off_complete: 
12-26 09:46:27.017  1584  1584 I battery_saving_stats: [0,0,1,26,0,0,26,0,0]
12-26 09:46:27.020  1584  1850 I sysui_multi_action: [757,1696,758,6,759,3]
12-26 09:46:27.030  1584  1808 I am_pss  : [15640,10106,com.google.android.GoogleCamera,218795008,81690624,113299456,267505664,0,10,15]
12-26 09:46:27.053  1584  1853 I sysui_multi_action: [757,127,758,1]
12-26 09:46:27.053  1584  1853 I sysui_multi_action: [757,804,799,note_load,801,1,802,1]
12-26 09:46:27.053  1584  1853 I notification_panel_revealed: 1
12-26 09:46:27.053  1584  1853 I wm_set_keyguard_shown: [0,1,0,0,setKeyguardShown]
12-26 09:46:27.070  1584  8930 I wm_wallpaper_surface: [0,1,Window{a36b5bf u0 NotificationShade}]
12-26 09:46:27.073  1584  1584 I sysui_multi_action: [757,1501,758,1,793,208,794,0,795,208,796,32,806,android,857,USB,858,1,947,0,1500,0,1688,1]
12-26 09:46:27.073  1584  1584 I sysui_multi_action: [757,804,799,note_interruptive,801,0,802,1]
12-26 09:46:27.083  1584  1584 I sysui_multi_action: [757,1501,758,1,793,205,794,0,795,205,796,26,806,android,857,DEVELOPER_IMPORTANT,858,4,947,0,1500,0,1688,1]
12-26 09:46:27.083  1584  1584 I sysui_multi_action: [757,804,799,note_interruptive,801,0,802,1]
12-26 09:46:27.088  1584  1584 I notification_autogrouped: -1|android|32|null|1000
12-26 09:46:27.088  1584  1584 I notification_autogrouped: -1|android|26|null|1000
12-26 09:46:27.091  1584  2016 I notification_adjusted: [-1|android|26|null|1000,key_group_key,ranker_group]
12-26 09:46:27.091  1584  2016 I notification_adjusted: [-1|android|32|null|1000,key_group_key,ranker_group]
12-26 09:46:27.097  1584  8930 I am_uid_active: 10201
12-26 09:46:27.110  1584  1584 I notification_enqueue: [1000,1584,android,2147483647,ranker_group,-1,Notification(channel=USB shortcut=null contentView=null vibrate=null sound=null defaults=0x0 flags=0x702 color=0x00000000 groupKey=ranker_group vis=PRIVATE),0]
12-26 09:46:27.149  2491  2491 I service_manager_slow: [14,carrier_config]
12-26 09:46:27.164  1584  8935 I sysui_multi_action: [757,803,799,sth_unload_generic_sound_model,802,1]
12-26 09:46:27.178  1584  1931 I commit_sys_config_file: [settings-0-0,1]
12-26 09:46:27.187  1584  1584 I sysui_multi_action: [757,198,758,1,759,1,1359,195,1694,3]
12-26 09:46:27.187  1584  1584 I power_screen_state: [1,0,0,0,195]
12-26 09:46:27.208  1584  1794 I sysui_multi_action: [757,223,758,2]
12-26 09:46:27.208  1584  1794 I sysui_multi_action: [757,804,799,dozing_minutes,801,11,802,1]
12-26 09:46:27.222  1584  1584 I power_screen_broadcast_done: [1,217,1]
12-26 09:46:27.260  1584  1932 I am_compact: [3629,com.google.android.googlequicksearchbox:search,all,310424,255608,44844,96732,-8736,0,-8736,8736,86,3,3242759,905,10,1395008,7512]
12-26 09:46:27.313  1584  1810 I am_proc_start: [0,17603,10158,com.google.process.gapps,content provider,{com.google.android.gsf/com.google.android.gsf.settings.GoogleSettingsProvider}]
12-26 09:46:27.315 13199 17511 I c2dm    : [19,com.google.android.gms:224814044,0,0]
12-26 09:46:27.327 13199 17511 I c2dm    : [-19,ERR_SERVICE_NOT_AVAILABLE,0,0]
12-26 09:46:27.349  1584  1809 I am_uid_running: 10186
12-26 09:46:27.350  1584  8931 I am_proc_bound: [0,17603,com.google.process.gapps]
12-26 09:46:27.358  1584  1810 I am_proc_start: [0,17626,10186,com.google.android.gm,broadcast,{com.google.android.gm/com.android.mail.receivers.AppIndexingUpdateReceiver}]
12-26 09:46:27.374  1584  3389 I am_proc_bound: [0,17626,com.google.android.gm]
12-26 09:46:27.423  1584  1808 I commit_sys_config_file: [batterystats,32]
12-26 09:46:27.425  1584  1931 I commit_sys_config_file: [settings-0-0,5]
12-26 09:46:27.429  1584  1808 I commit_sys_config_file: [batterystats,1]
12-26 09:46:27.567  1584  8930 I sysui_multi_action: [757,128,758,1,793,690,794,0,795,690,796,26,798,0,806,android,857,DEVELOPER_IMPORTANT,858,4,946,ranker_group,947,0,1395,2,1500,485,1688,1]
12-26 09:46:27.567  1584  8930 I sysui_multi_action: [757,1501,758,1,793,690,794,0,795,690,796,26,806,android,857,DEVELOPER_IMPORTANT,858,4,946,ranker_group,947,0,1500,0,1688,1]
12-26 09:46:27.567  1584  8930 I sysui_multi_action: [757,804,799,note_interruptive,801,0,802,1]
12-26 09:46:27.567  1584  8930 I sysui_multi_action: [757,804,799,note_freshness,801,690,802,1]
12-26 09:46:27.567  1584  8930 I notification_visibility: [-1|android|26|null|1000,1,690,690,0,0]
12-26 09:46:27.567  1584  8930 I sysui_multi_action: [757,128,758,1,793,336607975,794,0,795,336607975,796,1000,797,a:GMSCORE_STORE_RENDERER:194:0:107736853508538081300,798,1,806,com.google.android.gms,857,com.google.android.gms.noti-67970f04,858,2,947,0,1395,2,1500,995293,1688,1,1745,2098068913]
12-26 09:46:27.567  1584  8930 I sysui_multi_action: [757,1501,758,1,793,336607975,794,0,795,336607975,796,1000,797,a:GMSCORE_STORE_RENDERER:194:0:107736853508538081300,806,com.google.android.gms,857,com.google.android.gms.noti-67970f04,858,2,947,0,1500,0,1688,1,1745,2098068913]
12-26 09:46:27.567  1584  8930 I sysui_multi_action: [757,804,799,note_interruptive,801,0,802,1]
12-26 09:46:27.567  1584  8930 I sysui_multi_action: [757,804,799,note_freshness,801,336607975,802,1]
12-26 09:46:27.567  1584  8930 I notification_visibility: [0|com.google.android.gms|1000|a:GMSCORE_STORE_RENDERER:194:0:107736853508538081300|10158,1,336607975,336607975,0,1]
12-26 09:46:27.756  1584  1931 I commit_sys_config_file: [settings-0-0,2]
12-26 09:46:27.980  1584  2675 I am_uid_active: 10069
12-26 09:46:28.055  3136  7310 I force_gc: Binder
12-26 09:46:28.185  1584  1584 I notification_cancel_all: [1000,1584,com.google.android.gm,0,0,0,20,NULL]
12-26 09:46:28.276  1584  1810 I am_proc_start: [0,17758,10158,com.google.android.gms.unstable,service,{com.google.android.gms/com.google.android.gms.droidguard.DroidGuardService}]
12-26 09:46:28.279  1584  1931 I commit_sys_config_file: [settings-0-0,13]
12-26 09:46:28.294  1584  2675 I am_proc_bound: [0,17758,com.google.android.gms.unstable]
12-26 09:46:28.438  1584  1796 I commit_sys_config_file: [notification-policy,3259036]
12-26 09:46:28.603  1584  8935 I am_uid_running: 10205
12-26 09:46:28.616  1584  1810 I am_proc_start: [0,17823,10205,com.android.remoteprovisioner,service,{com.android.remoteprovisioner/com.android.remoteprovisioner.service.GenerateRkpKeyService}]
12-26 09:46:28.642  1584  8935 I am_proc_bound: [0,17823,com.android.remoteprovisioner]
12-26 09:46:28.646  1584  8935 I am_uid_active: 10205
12-26 09:46:28.921  1584  1931 I commit_sys_config_file: [settings-0-0,7]
12-26 09:46:29.407  1584  1931 I commit_sys_config_file: [settings-0-0,14]
12-26 09:46:33.659  1584  1932 I am_compact: [17603,com.google.process.gapps,file,103868,54688,48080,0,0,0,0,0,21,0,0,700,5,1441428,0]
12-26 09:46:34.372  1584  1932 I am_compact: [17109,.ShannonImsService,file,94900,49548,44204,3168,0,0,0,0,21,3,3241958,700,5,1441428,0]
12-26 09:46:34.421  1584  1932 I am_compact: [3136,com.google.process.gservices,file,99388,52400,45844,3068,0,0,0,0,23,1,3200090,700,5,1441428,0]
12-26 09:46:34.997  1584  1850 I sysui_multi_action: [757,1696,758,6,759,2]
12-26 09:46:35.216  1584  1932 I am_compact: [5646,com.google.android.apps.turbo,file,110612,60068,48904,5004,0,0,0,0,22,1,3249332,700,5,1441428,0]
12-26 09:46:35.732  1584  8935 I battery_status: [2,2,1,2,Li-ion]
12-26 09:46:35.962  1584  1931 I commit_sys_config_file: [settings-0-0,7]
12-26 09:46:36.995  1584  1850 I power_sleep_requested: 0
12-26 09:46:37.047  1584  1850 I sysui_multi_action: [757,1696,758,6,759,0]
12-26 09:46:37.487  1584  1808 I commit_sys_config_file: [display-state,3251524]
12-26 09:46:37.640  1584  1794 I sysui_multi_action: [757,223,758,1]
12-26 09:46:37.659  1584  8931 I wm_set_keyguard_shown: [0,1,1,0,setKeyguardShown]
12-26 09:46:37.662  1584  3389 I sysui_multi_action: [757,128,758,2,793,10785,794,10095,795,10785,796,26,798,0,806,android,857,DEVELOPER_IMPORTANT,858,4,946,ranker_group,947,0,1395,2,1500,10095,1688,1]
12-26 09:46:37.662  1584  3389 I notification_visibility: [-1|android|26|null|1000,0,10785,10785,0,0]
12-26 09:46:37.663  1584  3389 I sysui_multi_action: [757,128,758,2,793,336618071,794,10096,795,336618071,796,1000,797,a:GMSCORE_STORE_RENDERER:194:0:107736853508538081300,798,1,806,com.google.android.gms,857,com.google.android.gms.noti-67970f04,858,2,947,0,1395,2,1500,10096,1688,1,1745,2098068913]
12-26 09:46:37.663  1584  3389 I notification_visibility: [0|com.google.android.gms|1000|a:GMSCORE_STORE_RENDERER:194:0:107736853508538081300|10158,0,336618071,336618071,0,1]
12-26 09:46:37.677  1584  1850 I sysui_multi_action: [757,1696,758,6,759,1]
12-26 09:46:37.677  1584  1584 I sysui_multi_action: [757,198,758,2,759,3,1359,684,1695,2]
12-26 09:46:37.677  1584  1584 I power_screen_state: [0,3,0,0,684]
12-26 09:46:37.677  1584  1584 I screen_toggled: 0
12-26 09:46:37.677  1584  1584 I sysui_multi_action: [757,804,799,screen_timeout,801,300,802,1]
12-26 09:46:37.678  1584  1584 I sysui_multi_action: [757,1594,758,4,759,-2147483648,1359,10491]
12-26 09:46:37.678  1584  1584 I power_screen_broadcast_send: 1
12-26 09:46:37.694  1584  8935 I sysui_multi_action: [757,127,758,2]
12-26 09:46:37.694  1584  8935 I notification_panel_hidden: 
12-26 09:46:37.701  1584  8935 I wm_wallpaper_surface: [0,0,null]
12-26 09:46:37.719  1584  1584 I battery_saving_stats: [0,1,0,10702,0,0,10702,0,0]
12-26 09:46:37.805  1584  1584 I power_screen_broadcast_done: [0,127,1]
12-26 09:46:37.895  1584  1932 I am_compact: [2682,com.google.android.apps.nexuslauncher,all,225480,155516,68596,22196,-28500,0,-28500,28500,118,3,2693816,0,5,1442196,-25036]
12-26 09:46:41.816  1584  1932 I am_compact: [5646,com.google.android.apps.turbo,file,110612,60068,48904,5004,0,0,0,0,53,1,3298850,700,5,1417928,0]
12-26 09:46:42.913  1584  8935 I am_kill : [0,16426,com.google.android.euicc,975,empty #33]
12-26 09:46:42.916  1584  8935 I am_kill : [0,16391,com.android.vending:background,985,empty #34]
12-26 09:46:42.951  1584  3389 I am_proc_died: [0,16426,com.google.android.euicc,975,19]
12-26 09:46:42.952  1584  3389 I am_uid_stopped: 10146
12-26 09:46:42.956  1584  1852 I am_proc_died: [0,16391,com.android.vending:background,985,19]
12-26 09:46:43.033  1584  1932 I am_compact: [14190,com.google.android.gms,all,350868,274936,73344,11848,-27144,0,-27144,27324,122,3,3242620,905,5,1417928,-17772]
12-26 09:46:57.866  1584  1922 I am_kill : [0,16802,com.socialnmobile.dictapps.notepad.color.note,985,empty #33]
12-26 09:46:57.868  1584  1922 I am_kill : [0,16939,com.google.android.apps.wallpaper,985,empty #34]
12-26 09:46:57.868  1584  1922 I am_kill : [0,16872,com.android.providers.calendar,985,empty #35]
12-26 09:46:57.891  1584  1808 I am_pss  : [2682,10218,com.google.android.apps.nexuslauncher,102684672,39260160,50442240,205295616,0,5,18]
12-26 09:46:57.913  1584  2228 I am_proc_died: [0,16939,com.google.android.apps.wallpaper,985,19]
12-26 09:46:57.914  1584  2228 I am_uid_stopped: 10219
12-26 09:46:57.920  1584  1852 I am_proc_died: [0,16802,com.socialnmobile.dictapps.notepad.color.note,985,19]
12-26 09:46:57.920  1584  1852 I am_uid_stopped: 10266
12-26 09:46:57.928  1584  1932 I am_compact: [3136,com.google.process.gservices,all,99452,52400,45884,3056,-3740,0,-3740,3740,59,1,3298055,915,15,1427292,-3760]
12-26 09:46:57.944  1584  8926 I am_proc_died: [0,16872,com.android.providers.calendar,985,19]
12-26 09:46:57.945  1584  8926 I am_uid_stopped: 10079
12-26 09:46:57.959  1584  1932 I am_compact: [17603,com.google.process.gapps,all,103696,54816,47720,0,-4144,0,-4144,4144,31,1,3297293,915,15,1423532,-4008]
12-26 09:47:27.139  1584  1809 I am_uid_idle: 10201
12-26 09:47:27.263  1584  1931 I commit_sys_config_file: [settings-0-0,14]
12-26 09:47:28.524  1584  1808 I am_pss  : [17626,10186,com.google.android.gm,69679104,60317696,0,208470016,0,19,25]
12-26 09:47:28.682  1584  1809 I am_uid_idle: 10205
12-26 09:47:33.098  1584  1932 I am_compact: [5646,com.google.android.apps.turbo,file,111000,60068,49292,4828,0,0,0,0,27,1,3305450,700,5,1421060,0]
12-26 09:47:38.944  1584  1808 I am_pss  : [17758,10158,com.google.android.gms.unstable,38309888,16560128,0,228605952,0,19,11]
12-26 09:47:42.914  1584  1809 I am_uid_idle: 10069
12-26 09:47:57.869  1584  1809 I am_uid_idle: 10127
12-26 09:48:27.272  1584  1931 I commit_sys_config_file: [settings-0-0,13]
12-26 09:48:31.470  1584  8926 I battery_status: [4,2,1,2,Li-ion]
12-26 09:48:31.490  1584  1808 I am_pss  : [17626,10186,com.google.android.gm,70847488,61427712,0,210075648,0,19,20]
12-26 09:48:31.680  1584  1931 I commit_sys_config_file: [settings-0-0,14]
12-26 09:48:33.131  1584  1932 I am_compact: [5646,com.google.android.apps.turbo,file,111264,60068,49556,4828,0,0,0,0,61,1,3356732,700,5,1421572,0]
12-26 09:48:41.059  1584  1932 I am_freeze: [16817,com.google.android.apps.turbo:aab]
12-26 09:48:42.307  1584  1932 I am_freeze: [6731,com.google.android.partnersetup]
12-26 09:48:42.433  1584  1932 I am_freeze: [4557,com.google.android.tts]
12-26 09:48:43.340  1584  1932 I am_freeze: [5675,com.google.android.apps.gcs]
12-26 09:48:46.891  1584  1932 I am_freeze: [3827,com.google.android.apps.messaging]
12-26 09:48:46.906  1584  1932 I am_freeze: [3471,com.google.android.projection.gearhead:projection]
12-26 09:48:46.912  1584  1932 I am_freeze: [2173,com.google.android.permissioncontroller]
12-26 09:48:46.917  1584  1932 I am_freeze: [6055,com.google.android.apps.tips]
12-26 09:48:46.922  1584  1932 I am_freeze: [5968,com.google.android.apps.safetyhub]
12-26 09:48:46.924  1584  1932 I am_freeze: [17013,com.android.traceur]
12-26 09:48:48.220  1584  1932 I am_freeze: [7014,com.google.android.gms.ui]
12-26 09:49:15.675  1584  1932 I am_freeze: [17128,com.google.android.uvexposurereporter]
12-26 09:49:27.015  1584  1853 I battery_status: [2,2,1,2,Li-ion]
12-26 09:49:27.257  1584  1931 I commit_sys_config_file: [settings-0-0,15]
12-26 09:49:32.880  1584  8926 I battery_status: [4,2,1,2,Li-ion]
12-26 09:49:33.132  1584  1931 I commit_sys_config_file: [settings-0-0,15]
12-26 09:49:39.009  1584  1932 I am_compact: [5646,com.google.android.apps.turbo,file,111528,60068,49820,4824,0,0,0,0,47,1,3416765,700,5,1421572,0]
12-26 09:49:50.597  1584  1932 I am_freeze: [16901,com.google.android.googlequicksearchbox:train]
12-26 09:49:53.892  1584  1932 I am_freeze: [3004,com.google.android.apps.carrier.carrierwifi]
12-26 09:50:03.603  1584  1853 I battery_status: [2,2,1,2,Li-ion]
12-26 09:50:03.656  1584  1808 I am_pss  : [2500,1000,com.android.settings,73245696,29167616,33013760,178089984,0,19,22]
12-26 09:50:03.673  1584  1808 I am_pss  : [6026,10131,com.google.android.apps.security.securityhub,13071360,7794688,3543040,110661632,0,19,14]
12-26 09:50:03.859  1584  1931 I commit_sys_config_file: [settings-0-0,16]
12-26 09:50:09.722  1584  1932 I am_compact: [5646,com.google.android.apps.turbo,file,111788,60068,50080,4824,0,0,0,0,52,1,3482642,700,5,1422596,0]
12-26 09:50:23.856  1584  1932 I am_freeze: [2500,com.android.settings]
12-26 09:50:23.863  1584  1932 I am_freeze: [6026,com.google.android.apps.security.securityhub]
12-26 09:50:23.866  1584  1932 I am_freeze: [9306,com.google.android.apps.wellbeing]
12-26 09:50:27.013  1584  1853 I battery_status: [4,2,1,2,Li-ion]
12-26 09:50:27.271  1584  1931 I commit_sys_config_file: [settings-0-0,15]
12-26 09:50:33.133  1584  1932 I am_compact: [5646,com.google.android.apps.turbo,file,111788,60068,50080,4824,0,0,0,0,48,1,3513356,700,5,1422852,0]
12-26 09:50:42.401  1584  1942 I sysui_multi_action: [757,804,799,power_consecutive_short_tap_count,801,1,802,1]
12-26 09:50:42.401  1584  1942 I sysui_multi_action: [757,804,799,power_double_tap_interval,801,639884,802,1]
12-26 09:50:42.402  1584  1942 I intercept_power: [ACTION_DOWN,0,1]
12-26 09:50:42.427  1584  1584 I screen_toggled: 1
12-26 09:50:42.428  1584  1584 I power_screen_broadcast_send: 1
12-26 09:50:42.446  1584  1850 I sysui_multi_action: [757,1696,758,6,759,3]
12-26 09:50:42.466  1584  1808 I am_pss  : [17758,10158,com.google.android.gms.unstable,38309888,16560128,0,228605952,0,19,17]
12-26 09:50:42.468  1584  1852 I sysui_multi_action: [757,127,758,1]
12-26 09:50:42.469  1584  1852 I sysui_multi_action: [757,804,799,note_load,801,2,802,1]
12-26 09:50:42.469  1584  1852 I notification_panel_revealed: 2
12-26 09:50:42.470  1584  3389 I wm_set_keyguard_shown: [0,1,0,0,setKeyguardShown]
12-26 09:50:42.480  1584  1808 I am_pss  : [17823,10205,com.android.remoteprovisioner,6609920,5001216,0,103596032,0,19,7]
12-26 09:50:42.480  1584  1798 I wm_wallpaper_surface: [0,1,Window{a36b5bf u0 NotificationShade}]
12-26 09:50:42.487  1584  1808 I am_pss  : [17603,10158,com.google.process.gapps,8091648,573440,4243456,103006208,0,19,6]
12-26 09:50:42.493  1584  1584 I battery_saving_stats: [0,0,0,244774,1038000,0,244774,1038000,0]
12-26 09:50:42.497  1584  1808 I am_pss  : [6778,10125,com.google.android.settings.intelligence,52837376,33251328,9977856,163897344,0,19,9]
12-26 09:50:42.504  1584  1808 I am_pss  : [2956,10228,com.google.android.cellbroadcastreceiver,17529856,12627968,3248128,111054848,0,19,6]
12-26 09:50:42.511  1584  1808 I am_pss  : [17543,10077,android.process.media,9032704,7352320,0,107388928,0,19,6]
12-26 09:50:42.520  1584  8936 I sysui_multi_action: [757,803,799,sth_unload_generic_sound_model,802,1]
12-26 09:50:42.521  1584  1808 I am_pss  : [9306,10145,com.google.android.apps.wellbeing,47987712,11792384,31334400,132145152,0,19,9]
12-26 09:50:42.533  1584  1808 I am_pss  : [3827,10143,com.google.android.apps.messaging,77663232,66199552,8044544,179843072,0,19,10]
12-26 09:50:42.547  1584  1808 I am_pss  : [5502,10121,com.android.vending,74502144,25845760,29835264,184934400,0,19,12]
12-26 09:50:42.559  1584  1808 I am_pss  : [6055,10140,com.google.android.apps.tips,19368960,6930432,9986048,118112256,0,19,7]
12-26 09:50:42.571  1584  1584 I power_screen_broadcast_done: [1,143,1]
12-26 09:50:42.573  1584  1808 I am_pss  : [5968,10135,com.google.android.apps.safetyhub,27996160,21393408,4358144,131395584,0,19,8]
12-26 09:50:42.578  1584  1809 I am_uid_active: 10127
12-26 09:50:42.596  1584  1932 I am_compact: [3629,com.google.android.googlequicksearchbox:search,all,308448,255608,42868,99384,-5564,0,-5564,5564,51,3,3290894,905,10,1425156,-3908]
12-26 09:50:42.619  1584  1584 I sysui_multi_action: [757,198,758,1,759,1,1359,219,1694,1]
12-26 09:50:42.619  1584  1584 I power_screen_state: [1,0,0,0,219]
12-26 09:50:42.632  1584  1794 I sysui_multi_action: [757,223,758,2]
12-26 09:50:42.632  1584  1794 I sysui_multi_action: [757,804,799,dozing_minutes,801,4,802,1]
12-26 09:50:42.680  1584  1942 I intercept_power: [ACTION_UP,0,0]
12-26 09:50:42.973  1584  8926 I sysui_multi_action: [757,128,758,1,793,256095,794,0,795,256095,796,26,798,0,806,android,857,DEVELOPER_IMPORTANT,858,4,946,ranker_group,947,0,1395,2,1500,255405,1688,1]
12-26 09:50:42.973  1584  8926 I sysui_multi_action: [757,1501,758,1,793,256096,794,1,795,256096,796,26,806,android,857,DEVELOPER_IMPORTANT,858,4,946,ranker_group,947,0,1500,0,1688,1]
12-26 09:50:42.973  1584  8926 I sysui_multi_action: [757,804,799,note_interruptive,801,0,802,1]
12-26 09:50:42.973  1584  8926 I sysui_multi_action: [757,804,799,note_freshness,801,256095,802,1]
12-26 09:50:42.973  1584  8926 I notification_visibility: [-1|android|26|null|1000,1,256095,256095,0,0]
12-26 09:50:42.974  1584  8926 I sysui_multi_action: [757,128,758,1,793,336863382,794,0,795,336863382,796,1000,797,a:GMSCORE_STORE_RENDERER:194:0:107736853508538081300,798,1,806,com.google.android.gms,857,com.google.android.gms.noti-67970f04,858,2,947,0,1395,2,1500,255407,1688,1,1745,2098068913]
12-26 09:50:42.974  1584  8926 I sysui_multi_action: [757,1501,758,1,793,336863382,794,0,795,336863382,796,1000,797,a:GMSCORE_STORE_RENDERER:194:0:107736853508538081300,806,com.google.android.gms,857,com.google.android.gms.noti-67970f04,858,2,947,0,1500,0,1688,1,1745,2098068913]
12-26 09:50:42.974  1584  8926 I sysui_multi_action: [757,804,799,note_interruptive,801,0,802,1]
12-26 09:50:42.974  1584  8926 I sysui_multi_action: [757,804,799,note_freshness,801,336863382,802,1]
12-26 09:50:42.974  1584  8926 I notification_visibility: [0|com.google.android.gms|1000|a:GMSCORE_STORE_RENDERER:194:0:107736853508538081300|10158,1,336863382,336863382,0,1]
12-26 09:50:43.479  1584  1941 I input_interaction: Interaction with: a36b5bf NotificationShade (server), PointerEventDispatcher0 (server), 
12-26 09:50:44.389  1584  8936 I wm_set_keyguard_shown: [0,1,0,1,keyguardGoingAway]
12-26 09:50:44.390  1584  8936 I wm_set_resumed_activity: [0,com.google.android.apps.nexuslauncher/.NexusLauncherActivity,resumeTopActivity - onActivityStateChanged]
12-26 09:50:44.391  1584  8936 I wm_resume_activity: [0,39696038,137,com.google.android.apps.nexuslauncher/.NexusLauncherActivity]
12-26 09:50:44.394  2682  2682 I wm_on_restart_called: [39696038,com.google.android.apps.nexuslauncher.NexusLauncherActivity,performRestartActivity]
12-26 09:50:44.396  2682  2682 I wm_on_start_called: [39696038,com.google.android.apps.nexuslauncher.NexusLauncherActivity,handleStartActivity]
12-26 09:50:44.397  2682  2682 I wm_on_resume_called: [39696038,com.google.android.apps.nexuslauncher.NexusLauncherActivity,RESUME_ACTIVITY]
12-26 09:50:44.397  2682  2682 I wm_on_top_resumed_gained_called: [39696038,com.google.android.apps.nexuslauncher.NexusLauncherActivity,topWhenResuming]
12-26 09:50:44.431  1584  1851 I am_proc_died: [0,2500,com.android.settings,905,8]
12-26 09:50:44.447  1584  1851 I wm_set_keyguard_shown: [0,0,0,1,setKeyguardShown]
12-26 09:50:44.453  2172  2172 I sysui_multi_action: [757,196,758,2,759,0]
12-26 09:50:44.453  2172  2172 I sysui_status_bar_state: [1,0,0,0,0,1]
12-26 09:50:44.456  2172  2172 I sysui_multi_action: [757,111,758,2]
12-26 09:50:44.457  2172  2172 I sysui_multi_action: [757,196,758,2,759,0]
12-26 09:50:44.457  2172  2172 I sysui_status_bar_state: [0,0,0,0,0,1]
12-26 09:50:44.473  1584  1853 I sysui_multi_action: [757,128,758,2,793,257596,794,1501,795,257596,796,26,798,0,806,android,857,DEVELOPER_IMPORTANT,858,4,946,ranker_group,947,0,1395,2,1500,1500,1688,1]
12-26 09:50:44.474  1584  1853 I notification_visibility: [-1|android|26|null|1000,0,257596,257596,0,0]
12-26 09:50:44.474  1584  1853 I sysui_multi_action: [757,128,758,2,793,336864882,794,1500,795,336864882,796,1000,797,a:GMSCORE_STORE_RENDERER:194:0:107736853508538081300,798,1,806,com.google.android.gms,857,com.google.android.gms.noti-67970f04,858,2,947,0,1395,2,1500,1500,1688,1,1745,2098068913]
12-26 09:50:44.474  1584  1853 I notification_visibility: [0|com.google.android.gms|1000|a:GMSCORE_STORE_RENDERER:194:0:107736853508538081300|10158,0,336864882,336864882,0,1]
12-26 09:50:44.476  1584  1797 I user_activity_timeout_override: -1
12-26 09:50:44.479  1584  1798 I input_focus: [Focus request f00dd56 com.google.android.apps.nexuslauncher/com.google.android.apps.nexuslauncher.NexusLauncherActivity,reason=UpdateInputWindows]
12-26 09:50:44.494  1584  1941 I input_focus: [Focus leaving a36b5bf NotificationShade (server),reason=NOT_FOCUSABLE]
12-26 09:50:44.494  1584  1941 I input_focus: [Focus entering f00dd56 com.google.android.apps.nexuslauncher/com.google.android.apps.nexuslauncher.NexusLauncherActivity (server),reason=setFocusedWindow]
12-26 09:50:44.509  1584  1851 I sysui_multi_action: [757,127,758,2]
12-26 09:50:44.509  1584  1851 I notification_panel_hidden: 
12-26 09:50:44.573  1584  1810 I am_proc_start: [0,17970,1000,com.android.settings,content provider,{com.android.settings/com.android.settings.slices.SettingsSliceProvider}]
12-26 09:50:44.599  1584  2227 I am_proc_bound: [0,17970,com.android.settings]
12-26 09:50:44.756  1584  1932 I am_compact: [17970,com.android.settings,all,124672,75312,48272,0,-4356,0,-4356,4356,35,0,0,905,10,1481408,-4096]
12-26 09:50:45.463  1584  1941 I input_interaction: Interaction with: f00dd56 com.google.android.apps.nexuslauncher/com.google.android.apps.nexuslauncher.NexusLauncherActivity (server), c5ec6a2 com.android.systemui.wallpapers.ImageWallpaper (server), PointerEventDispatcher0 (server), 
12-26 09:50:48.183  1584  1931 I commit_sys_config_file: [settings-1-0,10]
12-26 09:50:48.431  1584  1808 I commit_sys_config_file: [display-state,3502468]
12-26 09:50:49.832  1584  1932 I am_compact: [17109,.ShannonImsService,file,95136,49548,44440,3036,0,0,0,0,29,1,3298006,700,5,1489856,0]
12-26 09:50:51.990  1584  1851 I wm_task_created: [138,-1]
12-26 09:50:51.995  1584  1851 I wm_task_moved: [138,1,2]
12-26 09:50:51.995  1584  1851 I wm_task_to_front: [0,138]
12-26 09:50:51.996  1584  1851 I wm_create_task: [0,138]
12-26 09:50:51.996  1584  1851 I wm_create_activity: [0,148049568,138,com.example.android.testing.espresso.BasicSample/.MainActivity,android.intent.action.MAIN,NULL,NULL,270532608]
12-26 09:50:51.996  1584  1851 I wm_task_moved: [138,1,2]
12-26 09:50:51.998  1584  1851 I wm_pause_activity: [0,39696038,com.google.android.apps.nexuslauncher/.NexusLauncherActivity,userLeaving=true,pauseBackTasks]
12-26 09:50:52.002  1584  1797 I am_uid_running: 10243
12-26 09:50:52.003  2682  2682 I wm_on_top_resumed_lost_called: [39696038,com.google.android.apps.nexuslauncher.NexusLauncherActivity,topStateChangedWhenResumed]
12-26 09:50:52.003  2682  2682 I wm_on_paused_called: [39696038,com.google.android.apps.nexuslauncher.NexusLauncherActivity,performPause]
12-26 09:50:52.010  1584  1851 I wm_add_to_stopping: [0,39696038,com.google.android.apps.nexuslauncher/.NexusLauncherActivity,makeInvisible]
12-26 09:50:52.010  1584  1794 I sysui_multi_action: [757,803,799,window_time_0,802,929]
12-26 09:50:52.013  1584  1810 I am_proc_start: [0,17989,10243,com.example.android.testing.espresso.BasicSample,next-top-activity,{com.example.android.testing.espresso.BasicSample/com.example.android.testing.espresso.BasicSample.MainActivity}]
12-26 09:50:52.020  1584  1941 I input_focus: [Focus leaving f00dd56 com.google.android.apps.nexuslauncher/com.google.android.apps.nexuslauncher.NexusLauncherActivity (server),reason=NO_WINDOW]
12-26 09:50:52.053  1584  2228 I am_proc_bound: [0,17989,com.example.android.testing.espresso.BasicSample]
12-26 09:50:52.054  1584  2228 I wm_restart_activity: [0,148049568,138,com.example.android.testing.espresso.BasicSample/.MainActivity]
12-26 09:50:52.054  1584  2228 I wm_set_resumed_activity: [0,com.example.android.testing.espresso.BasicSample/.MainActivity,minimalResumeActivityLocked - onActivityStateChanged]
12-26 09:50:52.055  1584  1797 I am_uid_active: 10243
12-26 09:50:52.105 17989 17989 I wm_on_create_called: [148049568,com.example.android.testing.espresso.BasicSample.MainActivity,performCreate]
12-26 09:50:52.105 17989 17989 I wm_on_start_called: [148049568,com.example.android.testing.espresso.BasicSample.MainActivity,handleStartActivity]
12-26 09:50:52.106 17989 17989 I wm_on_resume_called: [148049568,com.example.android.testing.espresso.BasicSample.MainActivity,RESUME_ACTIVITY]
12-26 09:50:52.115 17989 17989 I wm_on_top_resumed_gained_called: [148049568,com.example.android.testing.espresso.BasicSample.MainActivity,topStateChangedWhenResumed]
12-26 09:50:52.132  1584  1798 I input_focus: [Focus request ed6cc18 com.example.android.testing.espresso.BasicSample/com.example.android.testing.espresso.BasicSample.MainActivity,reason=UpdateInputWindows]
12-26 09:50:52.178  1584  1794 I sysui_multi_action: [319,41,321,39,322,191,325,3555,757,761,758,7,759,1,806,com.example.android.testing.espresso.BasicSample,871,com.example.android.testing.espresso.BasicSample.MainActivity,904,com.google.android.apps.nexuslauncher,905,0,945,68,1320,4,1321,24]
12-26 09:50:52.179  1584  1794 I wm_activity_launch_time: [0,148049568,com.example.android.testing.espresso.BasicSample/.MainActivity,191]
12-26 09:50:52.179  1584  1941 I input_focus: [Focus entering ed6cc18 com.example.android.testing.espresso.BasicSample/com.example.android.testing.espresso.BasicSample.MainActivity (server),reason=Window became focusable. Previous reason: NOT_VISIBLE]
12-26 09:50:52.550  1584  1798 I wm_wallpaper_surface: [0,0,null]
12-26 09:50:52.560  1584  1797 I wm_stop_activity: [0,39696038,com.google.android.apps.nexuslauncher/.NexusLauncherActivity]
12-26 09:50:52.573  2682  2682 I wm_on_stop_called: [39696038,com.google.android.apps.nexuslauncher.NexusLauncherActivity,STOP_ACTIVITY_ITEM]
12-26 09:50:52.688  1584  1932 I am_compact: [14190,com.google.android.gms,all,247800,179136,66064,11336,-26416,0,-26416,26416,105,3,3306667,905,10,1492672,-25844]
12-26 09:50:53.417  1584  1941 I input_interaction: Interaction with: b2c5d09 NavigationBar0 (server), PointerEventDispatcher0 (server), 
12-26 09:50:53.422  2172  2172 I sysui_multi_action: [757,931,758,4,759,3,932,0,933,0]
12-26 09:50:53.524  2172  2172 I sysui_multi_action: [757,931,758,4,759,3,932,0,933,1]
12-26 09:50:53.534  1584  1795 I wm_task_moved: [1,1,2]
12-26 09:50:53.534  1584  1795 I wm_task_moved: [137,1,2147483647]
12-26 09:50:53.535  1584  1795 I wm_task_to_front: [0,137]
12-26 09:50:53.535  1584  1795 I wm_focused_root_task: [0,0,1,138,bringingFoundTaskToFront]
12-26 09:50:53.536  1584  1795 I wm_set_resumed_activity: [0,com.google.android.apps.nexuslauncher/.NexusLauncherActivity,bringingFoundTaskToFront]
12-26 09:50:53.536  1584  1795 I wm_new_intent: [0,39696038,137,com.google.android.apps.nexuslauncher/.NexusLauncherActivity,android.intent.action.MAIN,NULL,NULL,268435712]
12-26 09:50:53.536  1584  1795 I wm_pause_activity: [0,148049568,com.example.android.testing.espresso.BasicSample/.MainActivity,userLeaving=true,pauseBackTasks]
12-26 09:50:53.538 17989 17989 I wm_on_top_resumed_lost_called: [148049568,com.example.android.testing.espresso.BasicSample.MainActivity,topStateChangedWhenResumed]
12-26 09:50:53.538  1584  1795 I wm_add_to_stopping: [0,148049568,com.example.android.testing.espresso.BasicSample/.MainActivity,makeInvisible]
12-26 09:50:53.538  1584  1794 I sysui_multi_action: [757,803,799,window_time_0,802,1]
12-26 09:50:53.539  1584  1795 I wm_set_resumed_activity: [0,com.google.android.apps.nexuslauncher/.NexusLauncherActivity,resumeTopActivity - onActivityStateChanged]
12-26 09:50:53.539  1584  1795 I wm_resume_activity: [0,39696038,137,com.google.android.apps.nexuslauncher/.NexusLauncherActivity]
12-26 09:50:53.539  2682  2682 I wm_on_restart_called: [39696038,com.google.android.apps.nexuslauncher.NexusLauncherActivity,performRestartActivity]
12-26 09:50:53.539  2682  2682 I wm_on_start_called: [39696038,com.google.android.apps.nexuslauncher.NexusLauncherActivity,handleStartActivity]
12-26 09:50:53.541  2682  2682 I wm_on_resume_called: [39696038,com.google.android.apps.nexuslauncher.NexusLauncherActivity,RESUME_ACTIVITY]
12-26 09:50:53.541  1584  1798 I input_focus: [Requesting to set focus to null window,reason=UpdateInputWindows]
12-26 09:50:53.542 17989 17989 I wm_on_paused_called: [148049568,com.example.android.testing.espresso.BasicSample.MainActivity,performPause]
12-26 09:50:53.554  1584  1941 I input_focus: [Focus leaving ed6cc18 com.example.android.testing.espresso.BasicSample/com.example.android.testing.espresso.BasicSample.MainActivity (server),reason=Waiting for window because NOT_FOCUSABLE]
12-26 09:50:53.555  1584  1798 I input_focus: [Focus request f00dd56 com.google.android.apps.nexuslauncher/com.google.android.apps.nexuslauncher.NexusLauncherActivity,reason=UpdateInputWindows]
12-26 09:50:53.562  2682  2682 I wm_on_top_resumed_gained_called: [39696038,com.google.android.apps.nexuslauncher.NexusLauncherActivity,topStateChangedWhenResumed]
12-26 09:50:53.563  1584  1798 I wm_wallpaper_surface: [0,1,Window{f00dd56 u0 com.google.android.apps.nexuslauncher/com.google.android.apps.nexuslauncher.NexusLauncherActivity}]
12-26 09:50:53.592  1584  1794 I sysui_multi_action: [319,42,322,34,325,3557,757,761,758,9,759,2,806,com.google.android.apps.nexuslauncher,871,com.google.android.apps.nexuslauncher.NexusLauncherActivity,905,0,1320,4,1321,24]
12-26 09:50:53.595  1584  1941 I input_focus: [Focus entering f00dd56 com.google.android.apps.nexuslauncher/com.google.android.apps.nexuslauncher.NexusLauncherActivity (server),reason=Window became focusable. Previous reason: NOT_VISIBLE]
12-26 09:50:53.607  1584  1932 I am_compact: [5646,com.google.android.apps.turbo,all,111788,60068,50080,4824,-9596,0,-9596,9596,63,1,3536767,915,15,1467084,-5404]
12-26 09:50:53.931  1584  1797 I wm_stop_activity: [0,148049568,com.example.android.testing.espresso.BasicSample/.MainActivity]
12-26 09:50:53.960 17989 17989 I wm_on_stop_called: [148049568,com.example.android.testing.espresso.BasicSample.MainActivity,STOP_ACTIVITY_ITEM]
12-26 09:50:53.988  1584  1932 I am_compact: [17989,com.example.android.testing.espresso.BasicSample,file,163568,108368,53976,0,0,0,0,0,16,0,0,700,15,1481392,0]
12-26 09:50:54.566  1584  1941 I input_interaction: Interaction with: f00dd56 com.google.android.apps.nexuslauncher/com.google.android.apps.nexuslauncher.NexusLauncherActivity (server), c5ec6a2 com.android.systemui.wallpapers.ImageWallpaper (server), PointerEventDispatcher0 (server), 
12-26 09:50:55.741  1584  1941 I input_interaction: Interaction with: b2c5d09 NavigationBar0 (server), PointerEventDispatcher0 (server), 
12-26 09:50:55.746  2172  2172 I sysui_multi_action: [757,931,758,4,759,3,932,0,933,0]
