12-26 09:53:45.832  1584  6289 I wm_restart_activity: [0,31942287,140,com.google.android.apps.nbu.files/.advancedbrowsing.browser.AdvancedBrowsingActivity]
12-26 09:53:45.833  1584  6289 I wm_set_resumed_activity: [0,com.google.android.apps.nbu.files/.advancedbrowsing.browser.AdvancedBrowsingActivity,minimalResumeActivityLocked - onActivityStateChanged]
12-26 09:53:45.833  1584  1794 I sysui_multi_action: [757,803,799,window_time_0,802,3]
12-26 09:53:45.834  1584  1798 I input_focus: [Requesting to set focus to null window,reason=UpdateInputWindows]
12-26 09:53:45.841  1584  1941 I input_focus: [Focus leaving 94f978f com.google.android.apps.nbu.files/com.google.android.apps.nbu.files.home.HomeActivity (server),reason=Waiting for window because NOT_FOCUSABLE]
12-26 09:53:45.846 18386 18386 I wm_on_create_called: [31942287,com.google.android.apps.nbu.files.advancedbrowsing.browser.AdvancedBrowsingActivity,performCreate]
12-26 09:53:45.861 18386 18386 I wm_on_start_called: [31942287,com.google.android.apps.nbu.files.advancedbrowsing.browser.AdvancedBrowsingActivity,handleStartActivity]
12-26 09:53:45.862 18386 18386 I wm_on_resume_called: [31942287,com.google.android.apps.nbu.files.advancedbrowsing.browser.AdvancedBrowsingActivity,RESUME_ACTIVITY]
12-26 09:53:45.866 18386 18386 I wm_on_top_resumed_gained_called: [31942287,com.google.android.apps.nbu.files.advancedbrowsing.browser.AdvancedBrowsingActivity,topStateChangedWhenResumed]
12-26 09:53:45.871  1584  1798 I input_focus: [Focus request 2c3aefa com.google.android.apps.nbu.files/com.google.android.apps.nbu.files.advancedbrowsing.browser.AdvancedBrowsingActivity,reason=UpdateInputWindows]
12-26 09:53:45.883  1584  1794 I wm_activity_launch_time: [0,31942287,com.google.android.apps.nbu.files/.advancedbrowsing.browser.AdvancedBrowsingActivity,68]
12-26 09:53:46.017  1584  1941 I input_focus: [Focus entering 2c3aefa com.google.android.apps.nbu.files/com.google.android.apps.nbu.files.advancedbrowsing.browser.AdvancedBrowsingActivity (server),reason=Window became focusable. Previous reason: NOT_VISIBLE]
12-26 09:53:46.411  1584  1797 I wm_stop_activity: [0,242301695,com.google.android.apps.nbu.files/.home.HomeActivity]
12-26 09:53:46.423 18386 18386 I wm_on_stop_called: [242301695,com.google.android.apps.nbu.files.home.HomeActivity,STOP_ACTIVITY_ITEM]
12-26 09:53:46.454  1584  1941 I input_interaction: Interaction with: 2c3aefa com.google.android.apps.nbu.files/com.google.android.apps.nbu.files.advancedbrowsing.browser.AdvancedBrowsingActivity (server), PointerEventDispatcher0 (server), 
12-26 09:53:47.536  1584  1584 I job_deferred_execution: 336973061
12-26 09:53:49.360  1584  1932 I am_compact: [18448,com.google.android.apps.photos,file,150296,89580,59592,0,0,0,0,0,55,0,0,700,3,1608112,0]
12-26 09:53:49.963  1584  8653 I wm_task_moved: [140,1,3]
12-26 09:53:49.964  1584  8653 I wm_create_activity: [0,256672706,140,android/com.android.internal.app.ResolverActivity,android.intent.action.VIEW,text/plain,content://com.google.android.apps.nbu.files.provider/...,8388609]
12-26 09:53:49.968  1584  8653 I wm_pause_activity: [0,31942287,com.google.android.apps.nbu.files/.advancedbrowsing.browser.AdvancedBrowsingActivity,userLeaving=true,resumeTopActivity]
12-26 09:53:49.972 18386 18386 I wm_on_top_resumed_lost_called: [31942287,com.google.android.apps.nbu.files.advancedbrowsing.browser.AdvancedBrowsingActivity,topStateChangedWhenResumed]
12-26 09:53:49.974 18386 18386 I wm_on_paused_called: [31942287,com.google.android.apps.nbu.files.advancedbrowsing.browser.AdvancedBrowsingActivity,performPause]
12-26 09:53:49.975  1584  1794 I sysui_multi_action: [757,803,799,window_time_0,802,4]
12-26 09:53:49.988  1584  1810 I am_proc_start: [0,18540,1000,system:ui,next-top-activity,{android/com.android.internal.app.ResolverActivity}]
12-26 09:53:50.006  1584  8653 I am_proc_bound: [0,18540,system:ui]
12-26 09:53:50.009  1584  8653 I wm_restart_activity: [0,256672706,140,android/com.android.internal.app.ResolverActivity]
12-26 09:53:50.010  1584  8653 I wm_set_resumed_activity: [0,android/com.android.internal.app.ResolverActivity,minimalResumeActivityLocked - onActivityStateChanged]
12-26 09:53:50.011  1584  1798 I input_focus: [Requesting to set focus to null window,reason=UpdateInputWindows]
12-26 09:53:50.016  1584  1941 I input_focus: [Focus leaving 2c3aefa com.google.android.apps.nbu.files/com.google.android.apps.nbu.files.advancedbrowsing.browser.AdvancedBrowsingActivity (server),reason=Waiting for window because NOT_FOCUSABLE]
12-26 09:53:50.061 18540 18540 I sysui_multi_action: [757,451,758,4,806,android.intent.action.VIEW:text/plain:]
12-26 09:53:50.061 18540 18540 I wm_on_create_called: [256672706,com.android.internal.app.ResolverActivity,performCreate]
12-26 09:53:50.063 18540 18540 I wm_on_start_called: [256672706,com.android.internal.app.ResolverActivity,handleStartActivity]
12-26 09:53:50.063 18540 18540 I wm_on_resume_called: [256672706,com.android.internal.app.ResolverActivity,RESUME_ACTIVITY]
12-26 09:53:50.069 18540 18540 I wm_on_top_resumed_gained_called: [256672706,com.android.internal.app.ResolverActivity,topStateChangedWhenResumed]
12-26 09:53:50.079  1584  1798 I input_focus: [Focus request 32cdc7a android/com.android.internal.app.ResolverActivity,reason=UpdateInputWindows]
12-26 09:53:50.092  1584  1794 I sysui_multi_action: [319,134,322,134,325,3733,757,761,758,7,759,2,806,android,871,com.android.internal.app.ResolverActivity,904,com.google.android.apps.nbu.files,905,0,945,52,1320,12,1321,1]
12-26 09:53:50.092  1584  1794 I wm_activity_launch_time: [0,256672706,android/com.android.internal.app.ResolverActivity,134]
12-26 09:53:50.099  1584  1941 I input_focus: [Focus entering 32cdc7a android/com.android.internal.app.ResolverActivity (server),reason=Window became focusable. Previous reason: NOT_VISIBLE]
12-26 09:53:50.425  1584  1932 I am_compact: [3136,com.google.process.gservices,file,96948,52400,43380,5684,0,0,0,0,26,1,3712371,700,3,1608368,0]
12-26 09:53:51.995  1584  1809 I am_uid_idle: 10205
12-26 09:53:52.486  1584  1809 I am_uid_idle: 10079
12-26 09:53:52.832  1584  1941 I input_interaction: Interaction with: 32cdc7a android/com.android.internal.app.ResolverActivity (server), PointerEventDispatcher0 (server), 
12-26 09:53:52.997  1584  1851 I wm_task_moved: [140,1,3]
12-26 09:53:52.999  1584  1851 I wm_create_activity: [0,117276135,140,com.android.chrome/com.google.android.apps.chrome.IntentDispatcher,android.intent.action.VIEW,text/plain,content://com.google.android.apps.nbu.files.provider/...,58720257]
12-26 09:53:53.000  1584  1851 I wm_pause_activity: [0,256672706,android/com.android.internal.app.ResolverActivity,userLeaving=true,resumeTopActivity]
12-26 09:53:53.005 18540 18540 I sysui_multi_action: [757,456,758,4]
12-26 09:53:53.005 18540 18540 I sysui_multi_action: [757,452,758,4]
12-26 09:53:53.005  1584  1851 I wm_finish_activity: [0,256672706,140,android/com.android.internal.app.ResolverActivity,app-request]
12-26 09:53:53.010 18540 18540 I wm_on_top_resumed_lost_called: [256672706,com.android.internal.app.ResolverActivity,topStateChangedWhenResumed]
12-26 09:53:53.010 18540 18540 I wm_on_paused_called: [256672706,com.android.internal.app.ResolverActivity,performPause]
12-26 09:53:53.011  1584  1851 I wm_add_to_stopping: [0,256672706,android/com.android.internal.app.ResolverActivity,completeFinishing]
12-26 09:53:53.012  1584  1851 I wm_restart_activity: [0,117276135,140,com.android.chrome/com.google.android.apps.chrome.IntentDispatcher]
12-26 09:53:53.013  1584  1851 I wm_set_resumed_activity: [0,com.android.chrome/com.google.android.apps.chrome.IntentDispatcher,minimalResumeActivityLocked - onActivityStateChanged]
12-26 09:53:53.014  1584  1797 I am_uid_active: 10182
12-26 09:53:53.015  1584  1794 I sysui_multi_action: [757,803,799,window_time_0,802,3]
12-26 09:53:53.015  1584  1798 I input_focus: [Requesting to set focus to null window,reason=UpdateInputWindows]
12-26 09:53:53.024  1584  1941 I input_focus: [Focus leaving 32cdc7a android/com.android.internal.app.ResolverActivity (server),reason=Waiting for window because NOT_FOCUSABLE]
12-26 09:53:53.047  1584  1851 I wm_task_created: [141,-1]
12-26 09:53:53.048  1584  1851 I wm_task_moved: [141,1,4]
12-26 09:53:53.048  1584  1851 I wm_task_to_front: [0,141]
12-26 09:53:53.049  1584  1851 I wm_create_task: [0,141]
12-26 09:53:53.049  1584  1851 I wm_create_activity: [0,181844016,141,com.android.chrome/org.chromium.chrome.browser.ChromeTabbedActivity,android.intent.action.VIEW,text/plain,content://com.google.android.apps.nbu.files.provider/...,335552513]
12-26 09:53:53.049  1584  1851 I wm_task_moved: [141,1,4]
12-26 09:53:53.049  1584  1851 I wm_pause_activity: [0,117276135,com.android.chrome/com.google.android.apps.chrome.IntentDispatcher,userLeaving=true,pauseBackTasks]
12-26 09:53:53.052  1584  1851 I wm_finish_activity: [0,117276135,140,com.android.chrome/com.google.android.apps.chrome.IntentDispatcher,app-request]
12-26 09:53:53.052 17233 17233 I wm_on_create_called: [117276135,com.google.android.apps.chrome.IntentDispatcher,performCreate]
12-26 09:53:53.061  1584  8323 I wm_add_to_stopping: [0,117276135,com.android.chrome/com.google.android.apps.chrome.IntentDispatcher,completeFinishing]
12-26 09:53:53.062  1584  8323 I wm_add_to_stopping: [0,31942287,com.google.android.apps.nbu.files/.advancedbrowsing.browser.AdvancedBrowsingActivity,makeInvisible]
12-26 09:53:53.062  1584  8323 I wm_restart_activity: [0,181844016,141,com.android.chrome/org.chromium.chrome.browser.ChromeTabbedActivity]
12-26 09:53:53.063  1584  8323 I wm_set_resumed_activity: [0,com.android.chrome/org.chromium.chrome.browser.ChromeTabbedActivity,minimalResumeActivityLocked - onActivityStateChanged]
12-26 09:53:53.063  1584  1794 I sysui_multi_action: [757,803,799,window_time_0,802,0]
12-26 09:53:53.070  1584  1797 I wm_destroy_activity: [0,117276135,140,com.android.chrome/com.google.android.apps.chrome.IntentDispatcher,finish-imm:idle]
12-26 09:53:53.107  1584  1808 I am_pss  : [18386,10159,com.google.android.apps.nbu.files,390673408,303906816,0,689987584,0,2,23]
12-26 09:53:53.156 17233 17233 I wm_on_create_called: [181844016,org.chromium.chrome.browser.ChromeTabbedActivity,performCreate]
12-26 09:53:53.159 17233 17233 I wm_on_start_called: [181844016,org.chromium.chrome.browser.ChromeTabbedActivity,handleStartActivity]
12-26 09:53:53.162 17233 17233 I wm_on_resume_called: [181844016,org.chromium.chrome.browser.ChromeTabbedActivity,RESUME_ACTIVITY]
12-26 09:53:53.170 17233 17233 I wm_on_top_resumed_gained_called: [181844016,org.chromium.chrome.browser.ChromeTabbedActivity,topStateChangedWhenResumed]
12-26 09:53:53.173 17233 17233 I wm_on_destroy_called: [117276135,com.google.android.apps.chrome.IntentDispatcher,performDestroy]
12-26 09:53:53.177  1584  6289 I am_uid_running: 90000
12-26 09:53:53.186  1584  1798 I input_focus: [Focus request 734183e com.android.chrome/org.chromium.chrome.browser.ChromeTabbedActivity,reason=UpdateInputWindows]
12-26 09:53:53.214  1584  1794 I wm_activity_launch_time: [0,181844016,com.android.chrome/org.chromium.chrome.browser.ChromeTabbedActivity,167]
12-26 09:53:53.216  1584  1941 I input_focus: [Focus entering 734183e com.android.chrome/org.chromium.chrome.browser.ChromeTabbedActivity (server),reason=Window became focusable. Previous reason: NOT_VISIBLE]
12-26 09:53:53.321  1584  1810 I am_proc_start: [0,18631,90000,com.android.chrome:sandboxed_process0:org.chromium.content.app.SandboxedProcessService0:0,,{com.android.chrome/org.chromium.content.app.SandboxedProcessService0:0}]
12-26 09:53:53.342  1584  1810 I am_proc_start: [0,18643,10182,com.android.chrome:privileged_process0,service,{com.android.chrome/org.chromium.content.app.PrivilegedProcessService0}]
12-26 09:53:53.347  1584  1851 I am_proc_bound: [0,18631,com.android.chrome:sandboxed_process0:org.chromium.content.app.SandboxedProcessService0:0]
12-26 09:53:53.349  1584  1851 I am_uid_active: 90000
12-26 09:53:53.360  1584  8323 I am_proc_bound: [0,18643,com.android.chrome:privileged_process0]
12-26 09:53:53.532 14190 14218 I aggregation: 1672066433532
12-26 09:53:53.565  1584  1798 I input_focus: [Focus request cea2385 com.android.chrome/org.chromium.chrome.browser.ChromeTabbedActivity,reason=UpdateInputWindows]
12-26 09:53:53.574  1584  1941 I input_focus: [Focus leaving 734183e com.android.chrome/org.chromium.chrome.browser.ChromeTabbedActivity (server),reason=Waiting for window because NOT_VISIBLE]
12-26 09:53:53.604  1584  1797 I wm_stop_activity: [0,31942287,com.google.android.apps.nbu.files/.advancedbrowsing.browser.AdvancedBrowsingActivity]
12-26 09:53:53.605  1584  1797 I wm_destroy_activity: [0,256672706,140,android/com.android.internal.app.ResolverActivity,finish-imm:transit]
12-26 09:53:53.606 18540 18540 I wm_on_stop_called: [256672706,com.android.internal.app.ResolverActivity,LIFECYCLER_STOP_ACTIVITY]
12-26 09:53:53.609 18386 18386 I wm_on_stop_called: [31942287,com.google.android.apps.nbu.files.advancedbrowsing.browser.AdvancedBrowsingActivity,STOP_ACTIVITY_ITEM]
12-26 09:53:53.618 18540 18540 I wm_on_destroy_called: [256672706,com.android.internal.app.ResolverActivity,performDestroy]
12-26 09:53:53.630  1584  1941 I input_focus: [Focus entering cea2385 com.android.chrome/org.chromium.chrome.browser.ChromeTabbedActivity (server),reason=Window became focusable. Previous reason: NOT_VISIBLE]
12-26 09:53:53.711  1584  6289 I am_uid_running: 10096
12-26 09:53:53.721  1584  1810 I am_proc_start: [0,18717,10096,com.android.providers.partnerbookmarks,content provider,{com.android.providers.partnerbookmarks/com.android.providers.partnerbookmarks.PartnerBookmarksProvider}]
12-26 09:53:53.738  1584  6289 I am_proc_bound: [0,18717,com.android.providers.partnerbookmarks]
12-26 09:53:53.741  1584  6289 I am_uid_active: 10096
12-26 09:53:53.774  1584  1932 I am_compact: [18114,com.example.android.testing.espresso.BasicSample,all,161080,107536,52128,0,-15300,0,-15300,15300,154,1,3675733,900,15,1608624,-15360]
12-26 09:53:53.776  1584  2227 I am_uid_active: 10205
12-26 09:53:53.821  1584  1932 I am_compact: [5646,com.google.android.apps.turbo,all,106824,60324,44860,4884,-4764,0,-4764,4764,46,1,3716751,905,15,1593264,-4096]
12-26 09:53:54.149  1584  1809 I am_uid_idle: 10243
12-26 09:53:54.460  1584  1941 I input_interaction: Interaction with: cea2385 com.android.chrome/org.chromium.chrome.browser.ChromeTabbedActivity (server), PointerEventDispatcher0 (server), 
12-26 09:53:54.579  1584  1798 I input_focus: [Focus request 734183e com.android.chrome/org.chromium.chrome.browser.ChromeTabbedActivity,reason=UpdateInputWindows]
12-26 09:53:54.589  1584  1941 I input_focus: [Focus entering 734183e com.android.chrome/org.chromium.chrome.browser.ChromeTabbedActivity (server),reason=setFocusedWindow]
12-26 09:53:55.211  1584  1941 I input_interaction: Interaction with: 734183e com.android.chrome/org.chromium.chrome.browser.ChromeTabbedActivity (server), PointerEventDispatcher0 (server), 
12-26 09:53:59.553  1584  1932 I am_compact: [18386,com.google.android.apps.nbu.files,file,281496,180084,98692,0,-112,64,-176,0,23,0,0,700,3,1589168,0]
12-26 09:53:59.814  1584  1932 I am_compact: [18717,com.android.providers.partnerbookmarks,file,94440,45792,47544,0,0,0,0,0,22,0,0,700,3,1589168,0]
12-26 09:53:59.909  1584  8936 I am_uid_running: 10130
12-26 09:53:59.920  1584  1810 I am_proc_start: [0,18744,10130,com.google.android.as.oss,service,{com.google.android.as.oss/com.google.android.apps.miphone.astrea.grpc.AstreaGrpcService}]
12-26 09:53:59.945  1584  8936 I am_proc_bound: [0,18744,com.google.android.as.oss]
12-26 09:53:59.947  1584  8936 I am_uid_active: 10130
12-26 09:54:03.003  1584  1862 I commit_sys_config_file: [package-user-0,21]
12-26 09:54:04.513  1584  1932 I am_compact: [3136,com.google.process.gservices,file,97164,52400,43596,5544,0,0,0,0,36,1,3734059,700,3,1593264,0]
12-26 09:54:04.517  1584  1808 I am_pss  : [17233,10182,com.android.chrome,157964288,133718016,0,338378752,0,2,24]
12-26 09:54:04.543  1584  1932 I am_compact: [17603,com.google.process.gapps,file,100100,54816,44124,3616,0,0,0,0,24,3,3321593,700,3,1593264,0]
