12-26 09:00:00.252  1584  1809 I am_uid_active: 10125
12-26 09:00:42.449  1584  1922 I device_idle_step: 
12-26 09:00:42.479  1584  8274 I am_uid_running: 10266
12-26 09:00:42.503  1584  1922 I device_idle: [6,s:alarm]
12-26 09:00:42.509  1584  1922 I device_idle_off_start: unknown
12-26 09:00:42.509  1584  1922 I device_idle_off_phase: power
12-26 09:00:42.510  1584  1922 I device_idle_off_phase: net
12-26 09:00:42.512  1584  1922 I device_idle_off_complete: 
12-26 09:00:42.515  1584  1810 I am_proc_start: [0,16802,10266,com.socialnmobile.dictapps.notepad.color.note,broadcast,{com.socialnmobile.dictapps.notepad.color.note/com.socialnmobile.colornote.receiver.AutoSyncReceiver}]
12-26 09:00:42.533  1584  1853 I am_proc_bound: [0,16802,com.socialnmobile.dictapps.notepad.color.note]
12-26 09:00:42.540  1584  1810 I am_proc_start: [0,16817,10116,com.google.android.apps.turbo:aab,service,{com.google.android.apps.turbo/com.google.android.libraries.smartbattery.appusage.library.EvaluateAppBucketsJob}]
12-26 09:00:42.544  1584  1584 I job_deferred_execution: 21629841
12-26 09:00:42.546  1584  1584 I battery_saving_stats: [0,0,2,21600010,106000,2,328001499,1646000,30]
12-26 09:00:42.555  1584  6289 I am_proc_bound: [0,16817,com.google.android.apps.turbo:aab]
12-26 09:00:42.571  1584  8931 I job_deferred_execution: 21629183
12-26 09:00:42.583  1584  8931 I am_uid_active: 10069
12-26 09:00:42.638  1584  1853 I job_deferred_execution: 21628641
12-26 09:00:42.646  1584  6289 I job_deferred_execution: 21628387
12-26 09:00:42.683  1584  8274 I job_deferred_execution: 21628389
12-26 09:00:42.724  1584  6289 I job_deferred_execution: 21627920
12-26 09:00:42.765  1584  8274 I job_deferred_execution: 21628375
12-26 09:00:42.774  1584  8931 I am_uid_running: 10079
12-26 09:00:42.787  1584  1810 I am_proc_start: [0,16872,10079,com.android.providers.calendar,broadcast,{com.android.providers.calendar/com.android.providers.calendar.CalendarProviderBroadcastReceiver}]
12-26 09:00:42.797  1584  3390 I am_proc_bound: [0,16872,com.android.providers.calendar]
12-26 09:00:42.872  1584  3389 I job_deferred_execution: 21628473
12-26 09:00:42.872 14190 16171 I aggregation: 1672063242872
12-26 09:00:42.908  1584  8274 I job_deferred_execution: 21628500
12-26 09:00:42.992  1584  3390 I job_deferred_execution: 21624079
12-26 09:00:43.016  1584  1810 I am_proc_start: [0,16901,10160,com.google.android.googlequicksearchbox:train,service,{com.google.android.googlequicksearchbox/com.google.frameworks.client.data.android.server.tiktok.TrainProcessEndpointService}]
12-26 09:00:43.020  1584  8274 I am_uid_running: 10201
12-26 09:00:43.033  1584  3390 I am_proc_bound: [0,16901,com.google.android.googlequicksearchbox:train]
12-26 09:00:43.036  1584  1810 I am_proc_start: [0,16916,10201,com.google.android.turboadapter,service,{com.google.android.turboadapter/com.google.android.turboadapter.GoogleBatteryService}]
12-26 09:00:43.051  1584  6289 I am_proc_bound: [0,16916,com.google.android.turboadapter]
12-26 09:00:43.051  1584  6289 I am_uid_active: 10201
12-26 09:00:43.138  1584  1999 I netstats_mobile_sample: [0,0,0,0,0,0,0,0,0,0,0,0,1672063243138]
12-26 09:00:43.138  1584  1999 I netstats_wifi_sample: [0,0,0,0,0,0,0,0,0,0,0,0,1672063243138]
12-26 09:00:43.140  1584  1999 I am_uid_running: 10219
12-26 09:00:43.155  1584  1810 I am_proc_start: [0,16939,10219,com.google.android.apps.wallpaper,broadcast,{com.google.android.apps.wallpaper/com.android.wallpaper.module.DailyLoggingAlarmReceiver}]
12-26 09:00:43.169  1584  3390 I am_proc_bound: [0,16939,com.google.android.apps.wallpaper]
12-26 09:00:43.187  1584  1932 I am_compact: [16916,com.google.android.turboadapter,all,80728,33316,47168,0,9980,10192,-1060,1468,133,0,0,0,5,1520584,-512]
12-26 09:00:43.296  1584  1932 I am_compact: [2500,com.android.settings,all,250364,136612,111840,4800,-22172,0,-22172,22664,108,1,2703477,905,8,1520072,-19136]
12-26 09:00:43.387  1584  1853 I netstats_mobile_sample: [0,0,0,0,0,0,0,0,0,0,0,0,1672063243387]
12-26 09:00:43.387  1584  1853 I netstats_wifi_sample: [0,0,0,0,0,0,0,0,0,0,0,0,1672063243387]
12-26 09:00:43.471  1584  1810 I am_proc_start: [0,16973,10189,com.google.android.apps.maps:server_recovery_process_scheduled,broadcast,{com.google.android.apps.maps/com.google.android.apps.gmm.plugins.serverrecovery.ScheduledRecoverySignalHandlerImpl}]
12-26 09:00:43.487  1584  3389 I am_proc_bound: [0,16973,com.google.android.apps.maps:server_recovery_process_scheduled]
12-26 09:00:43.589  1584  1932 I am_compact: [5646,com.google.android.apps.turbo,file,112628,59992,51068,3220,0,0,0,0,14,1,2814886,700,5,1504008,256]
12-26 09:00:43.850  2500  8253 I service_manager_stats: [100,152,129722]
12-26 09:00:44.111  1584  3389 I am_proc_died: [0,16973,com.google.android.apps.maps:server_recovery_process_scheduled,905,19]
12-26 09:00:44.131  1584  1808 I am_pss  : [16426,10146,com.google.android.euicc,15450112,12304384,1347584,120180736,0,19,7]
12-26 09:00:44.139  1584  1808 I am_pss  : [16086,10205,com.android.remoteprovisioner,6544384,5046272,0,103677952,0,19,7]
12-26 09:00:44.148  1584  1808 I am_pss  : [16292,10123,com.google.android.apps.carrier.log,6190080,4780032,0,99549184,0,19,6]
12-26 09:00:44.155  1584  1932 I am_compact: [2500,com.android.settings,all,246880,144472,100480,24724,-12012,34388,-46400,48036,176,3,2823582,905,8,1505544,-37324]
12-26 09:00:44.164  1584  1808 I am_pss  : [16231,10121,com.android.vending:instant_app_installer,17431552,6754304,0,134955008,0,19,7]
12-26 09:00:44.171  1584  1808 I am_pss  : [16263,1001,com.google.RilConfigService,4995072,3608576,0,95621120,0,19,6]
12-26 09:00:44.244  1584  3389 I am_uid_running: 10101
12-26 09:00:44.260  1584  1810 I am_proc_start: [0,17013,10101,com.android.traceur,content provider,{com.android.traceur/com.android.traceur.SearchProvider}]
12-26 09:00:44.273  1584  3390 I am_proc_bound: [0,17013,com.android.traceur]
12-26 09:00:44.702  1584  1796 I commit_sys_config_file: [jobs,12]
12-26 09:00:45.143  1584  8653 I am_kill : [0,12105,com.google.android.apps.maps,975,empty #33]
12-26 09:00:45.145  1584  8653 I am_kill : [0,10969,com.google.android.apps.nbu.files,975,empty #34]
12-26 09:00:45.187  1584  8274 I am_proc_died: [0,10969,com.google.android.apps.nbu.files,975,19]
12-26 09:00:45.187  1584  8274 I am_uid_stopped: 10159
12-26 09:00:45.205  1584  8653 I am_proc_died: [0,12105,com.google.android.apps.maps,975,19]
12-26 09:00:45.206  1584  8653 I am_uid_stopped: 10189
12-26 09:00:45.321  1584  1932 I am_compact: [6778,com.google.android.settings.intelligence,all,226188,156896,66516,4700,-28688,0,-28688,28776,131,1,2700468,905,19,1477180,-23612]
12-26 09:00:45.369  1584  1932 I am_compact: [9306,com.google.android.apps.wellbeing,all,130584,80552,47592,23120,-6652,0,-6652,6652,47,1,2700523,905,19,1453568,-2988]
12-26 09:00:45.399  1584  1932 I am_compact: [17013,com.android.traceur,all,101804,52884,47828,0,-3648,0,-3648,3648,29,0,0,905,19,1450580,-3560]
12-26 09:00:45.476  1584  1932 I am_compact: [5502,com.android.vending,all,183900,123888,55832,21204,-18184,0,-18184,18184,76,3,2720749,905,19,1447020,-17736]
12-26 09:00:45.558  1584  1932 I am_compact: [3629,com.google.android.googlequicksearchbox:search,all,350716,207580,133336,8636,0,0,0,0,16,1,2700490,905,10,1429540,512]
12-26 09:00:45.567  1584  1932 I am_compact: [4718,com.google.android.inputmethod.latin,all,170912,117688,51612,15868,0,0,0,0,9,1,2700561,905,19,1430052,256]
12-26 09:00:45.639  1584  1932 I am_compact: [3827,com.google.android.apps.messaging,all,156056,103672,49856,16924,-8824,0,-8824,9008,71,3,2739486,915,19,1430308,-3452]
12-26 09:00:45.683  1584  1932 I am_compact: [16901,com.google.android.googlequicksearchbox:train,all,203156,146792,55192,0,-8712,0,-8712,8712,44,0,0,915,10,1426912,-3836]
12-26 09:00:45.827  1584  1932 I am_compact: [6778,com.google.android.settings.intelligence,all,202416,156896,42744,29092,0,0,0,0,16,3,2825607,905,19,1434852,768]
12-26 09:00:45.994  1584  1932 I am_compact: [5502,com.android.vending,all,172420,123888,44352,33540,0,0,0,0,14,3,2825762,905,19,1449188,1280]
12-26 09:00:46.734  1584  1932 I am_compact: [9306,com.google.android.apps.wellbeing,all,135784,80680,52616,19644,-11864,0,-11864,11864,69,3,2825655,905,19,1455844,-11260]
12-26 09:00:47.855  1584  3389 I am_kill : [0,16263,com.google.RilConfigService,985,empty #33]
12-26 09:00:47.870  1584  1932 I am_compact: [3827,com.google.android.apps.messaging,all,170336,103672,64112,10788,0,0,0,0,17,3,2825925,905,19,1444840,0]
12-26 09:00:47.891  1584  1851 I am_proc_died: [0,16263,com.google.RilConfigService,985,19]
12-26 09:00:48.778  1584  1932 I am_compact: [3629,com.google.android.googlequicksearchbox:search,file,350716,207580,133336,8636,0,0,0,0,24,3,2825844,700,10,1452008,0]
12-26 09:00:48.795  1584  1932 I am_compact: [16901,com.google.android.googlequicksearchbox:train,file,200688,147740,51716,2068,0,0,0,0,16,3,2825969,700,10,1452008,0]
12-26 09:00:48.806  1584  1932 I am_compact: [2990,android.process.acore,file,107976,61296,45492,5424,0,0,0,0,11,1,2700506,700,10,1452008,0]
12-26 09:00:49.756  1584  1932 I am_compact: [16901,com.google.android.googlequicksearchbox:train,all,200688,147740,51716,2068,0,0,0,0,13,1,2829081,925,10,1453544,0]
12-26 09:00:50.903  1584  1932 I am_compact: [3136,com.google.process.gservices,file,97980,52400,44412,5772,0,0,0,0,58,3,2794544,700,10,1453800,0]
12-26 09:00:51.563  1584  1851 I am_kill : [0,16292,com.google.android.apps.carrier.log,985,empty #33]
12-26 09:00:51.623  1584  3391 I am_proc_died: [0,16292,com.google.android.apps.carrier.log,985,19]
12-26 09:00:51.624  1584  3391 I am_uid_stopped: 10123
12-26 09:00:58.147  1584  1932 I am_compact: [14190,com.google.android.gms,all,244580,176592,65700,7068,-25776,0,-25776,25776,147,1,2714988,905,10,1454312,-24008]
12-26 09:00:59.860  1584  1851 I am_kill : [0,9215,com.google.process.gapps,985,empty #33]
12-26 09:00:59.924  1584  3391 I am_proc_died: [0,9215,com.google.process.gapps,985,19]
12-26 09:00:59.937  1584  1808 I am_pss  : [16391,10121,com.android.vending:background,21700608,8671232,0,145096704,0,19,8]
12-26 09:00:59.944  1584  1808 I am_pss  : [16474,10148,com.google.android.apps.work.oobconfig,10860544,8728576,0,116056064,0,19,6]
12-26 09:00:59.951  1584  1808 I am_pss  : [16475,10132,com.google.android.configupdater,8912896,7434240,0,101543936,0,19,6]
12-26 09:01:12.591  1584  1922 I device_idle_step: 
12-26 09:01:12.598  1584  1922 I device_idle: [5,s:early]
12-26 09:01:12.601  1584  1922 I device_idle_on_start: 
12-26 09:01:12.602  1584  1922 I device_idle_on_phase: power
12-26 09:01:12.671  1584  1922 I device_idle_on_phase: net
12-26 09:01:12.671  1584  1922 I device_idle_on_complete: 
12-26 09:01:12.676  1584  1584 I battery_saving_stats: [0,0,0,30129,0,0,1419696,12000,0]
12-26 09:09:07.602   459   459 I auditd  : avc:  denied  { find } for pid=1083 uid=1080 name=android.frameworks.stats.IStats/default scontext=u:r:hal_contexthub_default:s0 tcontext=u:object_r:fwk_stats_service:s0 tclass=service_manager permissive=0
12-26 09:09:07.605  1584  1931 I commit_sys_config_file: [settings-0-0,11]
12-26 09:09:33.195   459   459 I auditd  : avc:  denied  { find } for pid=1083 uid=1080 name=android.frameworks.stats.IStats/default scontext=u:r:hal_contexthub_default:s0 tcontext=u:object_r:fwk_stats_service:s0 tclass=service_manager permissive=0
12-26 09:11:14.775   459   459 I auditd  : avc:  denied  { find } for pid=1083 uid=1080 name=android.frameworks.stats.IStats/default scontext=u:r:hal_contexthub_default:s0 tcontext=u:object_r:fwk_stats_service:s0 tclass=service_manager permissive=0
12-26 09:11:56.939   459   459 I auditd  : avc:  denied  { find } for pid=1083 uid=1080 name=android.frameworks.stats.IStats/default scontext=u:r:hal_contexthub_default:s0 tcontext=u:object_r:fwk_stats_service:s0 tclass=service_manager permissive=0
12-26 09:15:36.238  1584  1931 I commit_sys_config_file: [settings-0-0,3]
12-26 09:26:00.847  1584  1931 I commit_sys_config_file: [settings-0-0,9]
12-26 09:26:00.905  1584  1850 I sysui_multi_action: [757,1696,758,6,759,3]
12-26 09:26:00.906  1584  1584 I screen_toggled: 1
12-26 09:26:00.906  1584  1584 I power_screen_broadcast_send: 1
12-26 09:26:00.912  1584  1809 I am_kill : [0,16086,com.android.remoteprovisioner,985,empty #33]
12-26 09:26:00.944  1584  8274 I am_proc_died: [0,16086,com.android.remoteprovisioner,985,19]
12-26 09:26:00.952  1584  8926 I sysui_multi_action: [757,127,758,1]
12-26 09:26:00.952  1584  8926 I sysui_multi_action: [757,804,799,note_load,801,1,802,1]
12-26 09:26:00.952  1584  8926 I notification_panel_revealed: 1
12-26 09:26:00.952  1584  8926 I wm_set_keyguard_shown: [0,1,0,0,setKeyguardShown]
12-26 09:26:00.954  1584  8274 I am_uid_stopped: 10205
12-26 09:26:01.008  1584  1798 I wm_wallpaper_surface: [0,1,Window{a36b5bf u0 NotificationShade}]
12-26 09:26:01.023  1584  1584 I battery_saving_stats: [0,0,2,1488348,10000,0,329489847,1656000,30]
12-26 09:26:01.034  1584  1810 I am_proc_start: [0,17109,10200,.ShannonImsService,content provider,{com.shannon.imsservice/com.shannon.imsservice.util.contentprovider.ImsContentProvider}]
12-26 09:26:01.043  1584  8653 I sysui_multi_action: [757,803,799,sth_unload_generic_sound_model,802,1]
12-26 09:26:01.061  1584  8653 I am_proc_bound: [0,17109,.ShannonImsService]
12-26 09:26:01.079  1584  1584 I power_screen_broadcast_done: [1,173,1]
12-26 09:26:01.086  1584  1809 I am_uid_active: 10127
12-26 09:26:01.094  1584  1584 I sysui_multi_action: [757,198,758,1,759,1,1359,231,1694,4]
12-26 09:26:01.094  1584  1584 I power_screen_state: [1,0,0,0,231]
12-26 09:26:01.114  1584  1794 I sysui_multi_action: [757,223,758,2]
12-26 09:26:01.114  1584  1794 I sysui_multi_action: [757,804,799,dozing_minutes,801,5103,802,1]
12-26 09:26:01.244  1584  1809 I am_uid_running: 10198
12-26 09:26:01.281  1584  1810 I am_proc_start: [0,17128,10198,com.google.android.uvexposurereporter,broadcast,{com.google.android.uvexposurereporter/com.google.android.uvexposurereporter.UvExposureReporter}]
12-26 09:26:01.312  1584  8653 I am_proc_bound: [0,17128,com.google.android.uvexposurereporter]
12-26 09:26:01.356  1584  8274 I am_kill : [0,14895,com.google.android.gms.unstable,985,empty #33]
12-26 09:26:01.412  1584  8274 I am_proc_died: [0,14895,com.google.android.gms.unstable,985,19]
12-26 09:26:01.481  1584  8274 I sysui_multi_action: [757,128,758,1,793,335381889,794,0,795,335381889,796,1000,797,a:GMSCORE_STORE_RENDERER:194:0:107736853508538081300,798,0,806,com.google.android.gms,857,com.google.android.gms.noti-67970f04,858,2,947,0,1395,1,1500,306223650,1688,1,1745,2098068913]
12-26 09:26:01.482  1584  8274 I sysui_multi_action: [757,1501,758,1,793,335381890,794,1,795,335381890,796,1000,797,a:GMSCORE_STORE_RENDERER:194:0:107736853508538081300,806,com.google.android.gms,857,com.google.android.gms.noti-67970f04,858,2,947,0,1500,0,1688,1,1745,2098068913]
12-26 09:26:01.482  1584  8274 I sysui_multi_action: [757,804,799,note_interruptive,801,0,802,1]
12-26 09:26:01.482  1584  8274 I sysui_multi_action: [757,804,799,note_freshness,801,335381889,802,1]
12-26 09:26:01.482  1584  8274 I notification_visibility: [0|com.google.android.gms|1000|a:GMSCORE_STORE_RENDERER:194:0:107736853508538081300|10158,1,335381889,335381889,0,0]
12-26 09:26:01.511  1584  1931 I commit_sys_config_file: [settings-1-0,7]
12-26 09:26:02.255  1584  1932 I am_compact: [5646,com.google.android.apps.turbo,file,113504,59992,51944,3220,0,0,0,0,41,1,2823875,700,5,1441668,0]
12-26 09:26:04.090  1584  1931 I commit_sys_config_file: [settings-1-0,14]
12-26 09:26:07.142  1584  1932 I am_compact: [3136,com.google.process.gservices,file,97980,52400,44412,5772,0,0,0,0,51,1,2831188,700,5,1442180,0]
12-26 09:26:08.378  1584  1932 I am_compact: [17109,.ShannonImsService,file,97668,48972,47608,0,0,0,0,0,45,0,0,700,5,1442180,0]
12-26 09:26:08.868  1584  1850 I sysui_multi_action: [757,1696,758,6,759,2]
12-26 09:26:10.870  1584  1850 I power_sleep_requested: 0
12-26 09:26:10.945  1584  1850 I sysui_multi_action: [757,1696,758,6,759,0]
12-26 09:26:11.399  1584  1808 I commit_sys_config_file: [display-state,2819653]
12-26 09:26:11.430  1584  1584 I battery_saving_stats: [0,1,2,10407,0,0,22947,0,0]
12-26 09:26:11.524  1584  1794 I sysui_multi_action: [757,223,758,1]
12-26 09:26:11.540  1584  8926 I wm_set_keyguard_shown: [0,1,1,0,setKeyguardShown]
12-26 09:26:11.547  1584  8935 I sysui_multi_action: [757,128,758,2,793,335391955,794,10066,795,335391955,796,1000,797,a:GMSCORE_STORE_RENDERER:194:0:107736853508538081300,798,0,806,com.google.android.gms,857,com.google.android.gms.noti-67970f04,858,2,947,0,1395,1,1500,10065,1688,1,1745,2098068913]
12-26 09:26:11.547  1584  8935 I notification_visibility: [0|com.google.android.gms|1000|a:GMSCORE_STORE_RENDERER:194:0:107736853508538081300|10158,0,335391955,335391955,0,0]
12-26 09:26:11.568  1584  1850 I sysui_multi_action: [757,1696,758,6,759,1]
12-26 09:26:11.570  1584  1584 I sysui_multi_action: [757,198,758,2,759,3,1359,703,1695,2]
12-26 09:26:11.570  1584  1584 I power_screen_state: [0,3,0,0,703]
12-26 09:26:11.570  1584  1584 I screen_toggled: 0
12-26 09:26:11.570  1584  1584 I sysui_multi_action: [757,804,799,screen_timeout,801,300,802,1]
12-26 09:26:11.570  1584  1584 I sysui_multi_action: [757,1594,758,4,759,-2147483648,1359,10476]
12-26 09:26:11.570  1584  1584 I power_screen_broadcast_send: 1
12-26 09:26:11.582  1584  8926 I sysui_multi_action: [757,127,758,2]
12-26 09:26:11.582  1584  8926 I notification_panel_hidden: 
12-26 09:26:11.589  1584  8926 I wm_wallpaper_surface: [0,0,null]
12-26 09:26:11.676  1584  1931 I commit_sys_config_file: [settings-0-0,20]
12-26 09:26:11.710  1584  1584 I power_screen_broadcast_done: [0,140,1]
12-26 09:26:26.522   459   459 I auditd  : avc:  denied  { find } for pid=1083 uid=1080 name=android.frameworks.stats.IStats/default scontext=u:r:hal_contexthub_default:s0 tcontext=u:object_r:fwk_stats_service:s0 tclass=service_manager permissive=0
12-26 09:26:37.899   459   459 I auditd  : avc:  denied  { find } for pid=1083 uid=1080 name=android.frameworks.stats.IStats/default scontext=u:r:hal_contexthub_default:s0 tcontext=u:object_r:fwk_stats_service:s0 tclass=service_manager permissive=0
12-26 09:26:37.940  1584  1584 I screen_toggled: 1
12-26 09:26:37.940  1584  1584 I power_screen_broadcast_send: 1
12-26 09:26:37.945  1584  1850 I sysui_multi_action: [757,1696,758,6,759,3]
12-26 09:26:37.950  1584  3391 I sysui_multi_action: [757,127,758,1]
12-26 09:26:37.950  1584  3391 I sysui_multi_action: [757,804,799,note_load,801,1,802,1]
12-26 09:26:37.951  1584  3391 I notification_panel_revealed: 1
12-26 09:26:37.952  1584  8274 I wm_set_keyguard_shown: [0,1,0,0,setKeyguardShown]
12-26 09:26:37.996  1584  1798 I wm_wallpaper_surface: [0,1,Window{a36b5bf u0 NotificationShade}]
12-26 09:26:38.029  1584  1584 I battery_saving_stats: [0,0,2,26598,0,0,329516445,1656000,30]
12-26 09:26:38.062  1584  8926 I sysui_multi_action: [757,803,799,sth_unload_generic_sound_model,802,1]
12-26 09:26:38.088  1584  1584 I power_screen_broadcast_done: [1,148,1]
12-26 09:26:38.121  1584  1584 I sysui_multi_action: [757,198,758,1,759,1,1359,206,1694,4]
12-26 09:26:38.121  1584  1584 I power_screen_state: [1,0,0,0,206]
12-26 09:26:38.136  1584  1794 I sysui_multi_action: [757,223,758,2]
12-26 09:26:38.136  1584  1794 I sysui_multi_action: [757,804,799,dozing_minutes,801,0,802,1]
12-26 09:26:38.242  1584  1931 I commit_sys_config_file: [settings-0-0,9]
12-26 09:26:38.461  1584  8934 I sysui_multi_action: [757,128,758,1,793,335418869,794,0,795,335418869,796,1000,797,a:GMSCORE_STORE_RENDERER:194:0:107736853508538081300,798,0,806,com.google.android.gms,857,com.google.android.gms.noti-67970f04,858,2,947,0,1395,1,1500,36979,1688,1,1745,2098068913]
12-26 09:26:38.461  1584  8934 I sysui_multi_action: [757,1501,758,1,793,335418869,794,0,795,335418869,796,1000,797,a:GMSCORE_STORE_RENDERER:194:0:107736853508538081300,806,com.google.android.gms,857,com.google.android.gms.noti-67970f04,858,2,947,0,1500,0,1688,1,1745,2098068913]
12-26 09:26:38.461  1584  8934 I sysui_multi_action: [757,804,799,note_interruptive,801,0,802,1]
12-26 09:26:38.461  1584  8934 I sysui_multi_action: [757,804,799,note_freshness,801,335418869,802,1]
12-26 09:26:38.462  1584  8934 I notification_visibility: [0|com.google.android.gms|1000|a:GMSCORE_STORE_RENDERER:194:0:107736853508538081300|10158,1,335418869,335418869,0,0]
12-26 09:26:40.135  1584  1809 I am_uid_idle: 10201
12-26 09:26:40.135  1584  1809 I am_uid_idle: 10125
12-26 09:26:40.135  1584  1809 I am_uid_idle: 10069
12-26 09:26:40.680  1584  1932 I am_compact: [5646,com.google.android.apps.turbo,file,114032,59992,52472,3220,0,0,0,0,56,1,2860106,700,5,1442808,0]
12-26 09:26:45.319  1584  1932 I am_compact: [17109,.ShannonImsService,file,97992,49548,47296,0,0,0,0,0,40,1,2866228,700,5,1443832,0]
12-26 09:26:45.918  1584  1850 I sysui_multi_action: [757,1696,758,6,759,2]
12-26 09:26:47.920  1584  1850 I power_sleep_requested: 0
12-26 09:26:47.995  1584  1850 I sysui_multi_action: [757,1696,758,6,759,0]
12-26 09:26:48.432  1584  1808 I commit_sys_config_file: [display-state,2833522]
12-26 09:26:48.478  1584  1584 I battery_saving_stats: [0,1,2,10449,2000,0,33396,2000,0]
12-26 09:26:48.568  1584  1794 I sysui_multi_action: [757,223,758,1]
12-26 09:26:48.581  1584  8323 I wm_set_keyguard_shown: [0,1,1,0,setKeyguardShown]
12-26 09:26:48.584  1584  3589 I sysui_multi_action: [757,128,758,2,793,335428992,794,10123,795,335428992,796,1000,797,a:GMSCORE_STORE_RENDERER:194:0:107736853508538081300,798,0,806,com.google.android.gms,857,com.google.android.gms.noti-67970f04,858,2,947,0,1395,1,1500,10123,1688,1,1745,2098068913]
12-26 09:26:48.584  1584  3589 I notification_visibility: [0|com.google.android.gms|1000|a:GMSCORE_STORE_RENDERER:194:0:107736853508538081300|10158,0,335428992,335428992,0,0]
12-26 09:26:48.602  1584  1850 I sysui_multi_action: [757,1696,758,6,759,1]
12-26 09:26:48.603  1584  1584 I sysui_multi_action: [757,198,758,2,759,3,1359,687,1695,2]
12-26 09:26:48.603  1584  1584 I power_screen_state: [0,3,0,0,687]
12-26 09:26:48.603  1584  1584 I screen_toggled: 0
12-26 09:26:48.603  1584  1584 I sysui_multi_action: [757,804,799,screen_timeout,801,300,802,1]
12-26 09:26:48.603  1584  1584 I sysui_multi_action: [757,1594,758,4,759,-2147483648,1359,10482]
12-26 09:26:48.604  1584  1584 I power_screen_broadcast_send: 1
12-26 09:26:48.618  1584  3589 I sysui_multi_action: [757,127,758,2]
12-26 09:26:48.619  1584  3589 I notification_panel_hidden: 
12-26 09:26:48.623  1584  3589 I wm_wallpaper_surface: [0,0,null]
12-26 09:26:48.714  1584  1931 I commit_sys_config_file: [settings-0-0,6]
12-26 09:26:48.718  1584  1584 I power_screen_broadcast_done: [0,115,1]
12-26 09:26:57.124   459   459 I auditd  : avc:  denied  { find } for pid=1083 uid=1080 name=android.frameworks.stats.IStats/default scontext=u:r:hal_contexthub_default:s0 tcontext=u:object_r:fwk_stats_service:s0 tclass=service_manager permissive=0
12-26 09:27:33.284   459   459 I auditd  : avc:  denied  { find } for pid=1083 uid=1080 name=android.frameworks.stats.IStats/default scontext=u:r:hal_contexthub_default:s0 tcontext=u:object_r:fwk_stats_service:s0 tclass=service_manager permissive=0
12-26 09:27:37.973  1584  1932 I am_compact: [5646,com.google.android.apps.turbo,file,107708,59992,46148,3216,0,0,0,0,43,1,2875366,700,5,1447088,0]
12-26 09:27:53.344   459   459 I auditd  : avc:  denied  { find } for pid=1083 uid=1080 name=android.frameworks.stats.IStats/default scontext=u:r:hal_contexthub_default:s0 tcontext=u:object_r:fwk_stats_service:s0 tclass=service_manager permissive=0
12-26 09:29:29.507   459   459 I auditd  : avc:  denied  { find } for pid=1083 uid=1080 name=android.frameworks.stats.IStats/default scontext=u:r:hal_contexthub_default:s0 tcontext=u:object_r:fwk_stats_service:s0 tclass=service_manager permissive=0
12-26 09:29:31.713  1584  1584 I am_kill : [0,16475,com.google.android.configupdater,985,empty #33]
12-26 09:29:31.723  1584  1584 I screen_toggled: 1
12-26 09:29:31.725  1584  1584 I power_screen_broadcast_send: 1
12-26 09:29:31.732  1584  1850 I sysui_multi_action: [757,1696,758,6,759,3]
12-26 09:29:31.754  1584  1808 I am_pss  : [17013,10101,com.android.traceur,9151488,4759552,1839104,103694336,0,19,8]
12-26 09:29:31.763  1584  1808 I am_pss  : [16817,10116,com.google.android.apps.turbo:aab,11589632,8380416,0,115658752,0,19,7]
12-26 09:29:31.768  1584  8934 I sysui_multi_action: [757,127,758,1]
12-26 09:29:31.768  1584  8934 I sysui_multi_action: [757,804,799,note_load,801,1,802,1]
12-26 09:29:31.769  1584  8934 I notification_panel_revealed: 1
12-26 09:29:31.769  1584  3391 I wm_set_keyguard_shown: [0,1,0,0,setKeyguardShown]
12-26 09:29:31.774  1584  1808 I am_pss  : [16916,10201,com.google.android.turboadapter,5579776,3178496,823296,98738176,0,19,7]
12-26 09:29:31.776  1584  1584 I battery_saving_stats: [0,0,2,163298,0,0,329679743,1656000,30]
12-26 09:29:31.777  1584  8641 I am_proc_died: [0,16475,com.google.android.configupdater,985,19]
12-26 09:29:31.779  1584  8641 I am_uid_stopped: 10132
12-26 09:29:31.782  1584  1808 I am_pss  : [16802,10266,com.socialnmobile.dictapps.notepad.color.note,11591680,9080832,0,115654656,0,19,7]
12-26 09:29:31.786  1584  1798 I wm_wallpaper_surface: [0,1,Window{a36b5bf u0 NotificationShade}]
12-26 09:29:31.789  1584  1808 I am_pss  : [16939,10219,com.google.android.apps.wallpaper,10238976,8712192,0,103202816,0,19,6]
12-26 09:29:31.796  1584  1808 I am_pss  : [16872,10079,com.android.providers.calendar,6466560,4755456,0,104980480,0,19,7]
12-26 09:29:31.806  1584  1808 I am_pss  : [16426,10146,com.google.android.euicc,15581184,12304384,1347584,120180736,0,19,7]
12-26 09:29:31.818  1584  8926 I sysui_multi_action: [757,803,799,sth_unload_generic_sound_model,802,1]
12-26 09:29:31.847  1584  1584 I power_screen_broadcast_done: [1,122,1]
12-26 09:29:31.919  1584  1584 I sysui_multi_action: [757,198,758,1,759,1,1359,219,1694,4]
12-26 09:29:31.919  1584  1584 I power_screen_state: [1,0,0,0,219]
12-26 09:29:31.934  1584  1794 I sysui_multi_action: [757,223,758,2]
12-26 09:29:31.934  1584  1794 I sysui_multi_action: [757,804,799,dozing_minutes,801,2,802,1]
12-26 09:29:32.032  1584  1931 I commit_sys_config_file: [settings-0-0,11]
12-26 09:29:32.272  1584  8641 I sysui_multi_action: [757,128,758,1,793,335592680,794,0,795,335592680,796,1000,797,a:GMSCORE_STORE_RENDERER:194:0:107736853508538081300,798,0,806,com.google.android.gms,857,com.google.android.gms.noti-67970f04,858,2,947,0,1395,1,1500,173811,1688,1,1745,2098068913]
12-26 09:29:32.273  1584  8641 I sysui_multi_action: [757,1501,758,1,793,335592681,794,1,795,335592681,796,1000,797,a:GMSCORE_STORE_RENDERER:194:0:107736853508538081300,806,com.google.android.gms,857,com.google.android.gms.noti-67970f04,858,2,947,0,1500,0,1688,1,1745,2098068913]
12-26 09:29:32.273  1584  8641 I sysui_multi_action: [757,804,799,note_interruptive,801,0,802,1]
12-26 09:29:32.273  1584  8641 I sysui_multi_action: [757,804,799,note_freshness,801,335592680,802,1]
12-26 09:29:32.273  1584  8641 I notification_visibility: [0|com.google.android.gms|1000|a:GMSCORE_STORE_RENDERER:194:0:107736853508538081300|10158,1,335592680,335592680,0,0]
12-26 09:29:33.064  2172  2172 I sysui_multi_action: [757,197,758,5,759,0]
12-26 09:29:33.070  1584  8641 I wm_set_keyguard_shown: [0,1,0,1,keyguardGoingAway]
12-26 09:29:33.072  1584  8641 I wm_set_resumed_activity: [0,com.google.android.apps.nexuslauncher/.NexusLauncherActivity,resumeTopActivity - onActivityStateChanged]
12-26 09:29:33.074  1584  8641 I wm_resume_activity: [0,39696038,137,com.google.android.apps.nexuslauncher/.NexusLauncherActivity]
12-26 09:29:33.078  2682  2682 I wm_on_restart_called: [39696038,com.google.android.apps.nexuslauncher.NexusLauncherActivity,performRestartActivity]
12-26 09:29:33.079  2682  2682 I wm_on_start_called: [39696038,com.google.android.apps.nexuslauncher.NexusLauncherActivity,handleStartActivity]
12-26 09:29:33.082  2682  2682 I wm_on_resume_called: [39696038,com.google.android.apps.nexuslauncher.NexusLauncherActivity,RESUME_ACTIVITY]
12-26 09:29:33.083  2682  2682 I wm_on_top_resumed_gained_called: [39696038,com.google.android.apps.nexuslauncher.NexusLauncherActivity,topWhenResuming]
12-26 09:29:33.302  2172  2172 I sysui_multi_action: [757,111,758,2]
12-26 09:29:33.304  1584  3391 I am_uid_active: 10145
12-26 09:29:33.311  2172  2172 I sysui_multi_action: [757,196,758,2,759,0]
12-26 09:29:33.311  2172  2172 I sysui_status_bar_state: [0,0,0,0,0,1]
12-26 09:29:33.314  1584  3391 I wm_set_keyguard_shown: [0,0,0,1,setKeyguardShown]
12-26 09:29:33.315  1584  1797 I device_idle: [0,unlocked]
12-26 09:29:33.315  1584  1797 I device_idle_light: [0,unlocked]
12-26 09:29:33.316  1584  1922 I device_idle_off_start: unlocked
12-26 09:29:33.319  1584  1922 I device_idle_off_phase: power
12-26 09:29:33.320  1584  1922 I device_idle_off_phase: net
12-26 09:29:33.321  1584  1922 I device_idle_off_complete: 
12-26 09:29:33.332  1584  1797 I user_activity_timeout_override: -1
12-26 09:29:33.336  1584  1584 I battery_saving_stats: [0,1,2,1561,0,0,34957,2000,0]
12-26 09:29:33.344  1584  1999 I netstats_mobile_sample: [0,0,0,0,0,0,0,0,0,0,0,0,1672064973344]
12-26 09:29:33.344  1584  1999 I netstats_wifi_sample: [0,0,0,0,0,0,0,0,0,0,0,0,1672064973344]
12-26 09:29:33.383  2172  2172 I sysui_multi_action: [757,204,758,1,759,0,796,1000,797,a:GMSCORE_STORE_RENDERER:194:0:107736853508538081300,806,com.google.android.gms,857,com.google.android.gms.noti-67970f04,947,0,1745,2098068913]
12-26 09:29:33.540  1584  3391 I am_uid_running: 10182
12-26 09:29:33.569  1584  1810 I am_proc_start: [0,17233,10182,com.android.chrome,service,{com.android.chrome/org.chromium.chrome.browser.customtabs.CustomTabsConnectionService}]
12-26 09:29:33.592  1584  8935 I am_proc_bound: [0,17233,com.android.chrome]
12-26 09:29:36.877  2500  2532 I sysui_multi_action: [757,1371,758,4,854,auto_rotate,1089,0]
12-26 09:29:36.881  1584  2047 I am_uid_active: 10147
12-26 09:29:36.883  1584  2047 I am_uid_active: 10131
12-26 09:29:36.895  2500  8253 I sysui_multi_action: [757,1371,758,4,854,hardware_info_device_model,1089,0]
12-26 09:29:36.900  2500  8253 I sysui_multi_action: [757,1371,758,4,854,ambient_display_always_on,1089,0]
12-26 09:29:36.910  2500  8253 I sysui_multi_action: [757,1371,758,4,854,ambient_display_tap,1089,0]
12-26 09:29:36.921  2500  8253 I sysui_multi_action: [757,1371,758,4,854,ambient_display_notification,1089,0]
12-26 09:29:36.928  2500  8253 I sysui_multi_action: [757,1371,758,4,854,media_volume,1089,0]
12-26 09:29:36.934  2500  2532 I sysui_multi_action: [757,1371,758,4,854,call_volume,1089,0]
12-26 09:29:36.944  2500  2532 I sysui_multi_action: [757,1371,758,4,854,ring_volume,1089,0]
12-26 09:29:36.949  2500  2532 I sysui_multi_action: [757,1371,758,4,854,alarm_volume,1089,0]
12-26 09:29:36.955  2500  2532 I sysui_multi_action: [757,1371,758,4,854,auto_brightness,1089,0]
12-26 09:29:36.959  2500  2532 I sysui_multi_action: [757,1371,758,4,854,gesture_double_twist,1089,0]
12-26 09:29:36.964  2500  2532 I sysui_multi_action: [757,1371,758,4,854,screen_magnification_gestures_preference_screen,1089,0]
12-26 09:29:36.968  2500  2532 I sysui_multi_action: [757,1371,758,4,854,screen_magnification_navbar_preference_screen,1089,0]
12-26 09:29:36.971  2500  2532 I sysui_multi_action: [757,1371,758,4,854,night_display_activated,1089,0]
12-26 09:29:36.975  2500  2532 I sysui_multi_action: [757,1371,758,4,854,night_display_temperature,1089,0]
12-26 09:29:36.979  2500  2532 I sysui_multi_action: [757,1371,758,4,854,smart_battery,1089,0]
12-26 09:29:36.982  2500  2532 I sysui_multi_action: [757,1371,758,4,854,gesture_double_tap_power,1089,0]
12-26 09:29:36.985  2500  2532 I sysui_multi_action: [757,1371,758,4,854,toggle_nfc,1089,0]
12-26 09:29:36.989  2500  2532 I sysui_multi_action: [757,1371,758,4,854,nfc_secure_settings,1089,0]
12-26 09:29:36.992  2500  2532 I sysui_multi_action: [757,1371,758,4,854,gesture_pick_up,1089,0]
12-26 09:29:36.996  2500  2532 I sysui_multi_action: [757,1371,758,4,854,gesture_tap,1089,0]
12-26 09:29:36.999  2500  2532 I sysui_multi_action: [757,1371,758,4,854,os_firmware_version,1089,0]
12-26 09:29:37.002  2500  2532 I sysui_multi_action: [757,1371,758,4,854,gesture_tap_screen_input_summary,1089,0]
12-26 09:29:37.025  2500  2532 I sysui_multi_action: [757,1371,758,4,854,airplane_mode,1089,0]
12-26 09:29:37.030  2500  2532 I sysui_multi_action: [757,1371,758,4,854,battery_saver,1089,0]
12-26 09:29:37.871  1584  1932 I am_compact: [5646,com.google.android.apps.turbo,file,107972,59992,46412,3216,0,0,0,0,30,1,2889408,700,5,1497796,0]
12-26 09:29:39.129  1584  1932 I am_compact: [17109,.ShannonImsService,file,97992,49548,47296,0,0,0,0,0,43,1,2880005,700,5,1497796,0]
12-26 09:29:39.673  1584  1932 I am_compact: [9306,com.google.android.apps.wellbeing,file,352208,276608,73052,11804,0,0,0,0,52,3,2827020,700,3,1497796,0]
12-26 09:29:39.725  1584  1932 I am_compact: [3136,com.google.process.gservices,file,97980,52400,44412,5772,0,0,0,0,33,1,2864992,700,5,1497796,0]
12-26 09:29:43.105  1584  1932 I am_compact: [2500,com.android.settings,file,245328,179052,64240,64924,0,0,0,0,45,3,2824441,700,5,1497796,0]
12-26 09:29:43.128  1584  1932 I am_compact: [6026,com.google.android.apps.security.securityhub,file,106012,58480,46280,3940,0,0,0,0,22,1,2703503,700,5,1497796,0]
12-26 09:29:45.708  1584  1942 I sysui_multi_action: [757,804,799,power_consecutive_short_tap_count,801,1,802,1]
12-26 09:29:45.709  1584  1942 I sysui_multi_action: [757,804,799,power_double_tap_interval,801,2906150,802,1]
12-26 09:29:45.710  1584  1942 I intercept_power: [ACTION_DOWN,0,1]
12-26 09:29:45.925  1584  1942 I intercept_power: [ACTION_UP,0,0]
12-26 09:29:45.933  1584  1584 I power_sleep_requested: 0
12-26 09:29:45.979  1584  1808 I am_pss  : [2682,10218,com.google.android.apps.nexuslauncher,131238912,92823552,23326720,263299072,0,2,17]
12-26 09:29:45.985  1584  1850 I sysui_multi_action: [757,1696,758,6,759,0]
12-26 09:29:46.397  1584  1850 I wm_pause_activity: [0,39696038,com.google.android.apps.nexuslauncher/.NexusLauncherActivity,userLeaving=false,sleep]
12-26 09:29:46.397  2682  2682 I wm_on_top_resumed_lost_called: [39696038,com.google.android.apps.nexuslauncher.NexusLauncherActivity,topStateChangedWhenResumed]
12-26 09:29:46.400  2682  2682 I wm_on_paused_called: [39696038,com.google.android.apps.nexuslauncher.NexusLauncherActivity,performPause]
12-26 09:29:46.402  1584  8641 I wm_add_to_stopping: [0,39696038,com.google.android.apps.nexuslauncher/.NexusLauncherActivity,completePauseLocked]
12-26 09:29:46.404  1584  3589 I sysui_multi_action: [757,128,758,2,793,335606811,794,14131,795,335606811,796,1000,797,a:GMSCORE_STORE_RENDERER:194:0:107736853508538081300,798,0,806,com.google.android.gms,857,com.google.android.gms.noti-67970f04,858,2,947,0,1395,1,1500,14130,1688,1,1745,2098068913]
12-26 09:29:46.404  1584  3589 I notification_visibility: [0|com.google.android.gms|1000|a:GMSCORE_STORE_RENDERER:194:0:107736853508538081300|10158,0,335606811,335606811,0,0]
12-26 09:29:46.405  1584  1794 I sysui_multi_action: [757,803,799,window_time_0,802,335648]
12-26 09:29:46.405  1584  8641 I wm_wallpaper_surface: [0,0,null]
12-26 09:29:46.409  1584  1797 I wm_stop_activity: [0,39696038,com.google.android.apps.nexuslauncher/.NexusLauncherActivity]
12-26 09:29:46.414  1584  1798 I input_focus: [Requesting to set focus to null window,reason=UpdateInputWindows]
12-26 09:29:46.434  2682  2682 I wm_on_stop_called: [39696038,com.google.android.apps.nexuslauncher.NexusLauncherActivity,STOP_ACTIVITY_ITEM]
12-26 09:29:46.443  1584  8641 I sysui_multi_action: [757,127,758,2]
12-26 09:29:46.443  1584  8641 I notification_panel_hidden: 
12-26 09:29:46.445  1584  1820 I service_manager_stats: [100,102,706147]
12-26 09:29:46.450  1584  1808 I commit_sys_config_file: [display-state,2857299]
12-26 09:29:46.454  1584  1584 I battery_saving_stats: [0,1,0,13117,2000,0,25870,10000,0]
12-26 09:29:46.468  2172  2172 I sysui_multi_action: [757,204,758,2,759,0,796,1000,797,a:GMSCORE_STORE_RENDERER:194:0:107736853508538081300,806,com.google.android.gms,857,com.google.android.gms.noti-67970f04,947,0,1745,2098068913]
12-26 09:29:46.562  1584  1941 I input_focus: [Focus leaving a36b5bf NotificationShade (server),reason=NO_WINDOW]
12-26 09:29:46.565  1584  1794 I sysui_multi_action: [757,223,758,1]
12-26 09:29:46.583  2172  2172 I sysui_multi_action: [757,111,758,1]
12-26 09:29:46.583  2172  2172 I sysui_multi_action: [757,126,758,1,759,126,927,0,928,1,1593,0]
12-26 09:29:46.583  2172  2172 I sysui_multi_action: [757,113,758,1,759,113,927,1,928,1,1593,0]
12-26 09:29:46.583  2172  2172 I sysui_multi_action: [757,118,758,1,759,118,927,2,928,0,1593,0]
12-26 09:29:46.583  2172  2172 I sysui_multi_action: [757,0,758,1,759,0,927,3,1593,0]
12-26 09:29:46.585  1584  3391 I wm_set_keyguard_shown: [0,0,1,0,setKeyguardShown]
12-26 09:29:46.588  2172  2172 I sysui_multi_action: [757,196,758,2,759,0]
12-26 09:29:46.588  2172  2172 I sysui_status_bar_state: [1,0,0,0,0,1]
12-26 09:29:46.597  1584  3391 I sysui_multi_action: [757,127,758,1]
12-26 09:29:46.597  1584  3391 I sysui_multi_action: [757,804,799,note_load,801,1,802,1]
12-26 09:29:46.597  1584  3391 I notification_panel_revealed: 1
12-26 09:29:46.603  1584  1850 I sysui_multi_action: [757,1696,758,6,759,1]
12-26 09:29:46.604  1584  1584 I sysui_multi_action: [757,198,758,2,759,2,1359,900,1695,4]
12-26 09:29:46.604  1584  1584 I power_screen_state: [0,2,0,0,900]
12-26 09:29:46.604  1584  1584 I screen_toggled: 0
12-26 09:29:46.604  1584  1584 I sysui_multi_action: [757,804,799,screen_timeout,801,300,802,1]
12-26 09:29:46.604  1584  1584 I sysui_multi_action: [757,1594,758,4,759,-2147483648,1359,14685]
12-26 09:29:46.605  1584  1584 I power_screen_broadcast_send: 1
12-26 09:29:46.628  1584  8641 I wm_set_keyguard_shown: [0,1,1,0,setKeyguardShown]
12-26 09:29:46.637  2172  2172 I sysui_multi_action: [757,196,758,1,759,0]
12-26 09:29:46.637  2172  2172 I sysui_status_bar_state: [1,1,0,0,0,1]
12-26 09:29:46.648  1584  1797 I user_activity_timeout_override: 10000
12-26 09:29:46.649  1584  1798 I input_focus: [Focus request a36b5bf NotificationShade,reason=UpdateInputWindows]
12-26 09:29:46.651  1584  1584 I device_idle: [1,no activity]
12-26 09:29:46.651  1584  1584 I device_idle_light: [1,no activity]
12-26 09:29:46.662  1584  1798 I wm_wallpaper_surface: [0,1,Window{a36b5bf u0 NotificationShade}]
12-26 09:29:46.663  1584  8934 I sysui_multi_action: [757,127,758,2]
12-26 09:29:46.663  1584  8934 I notification_panel_hidden: 
12-26 09:29:46.676  1584  1941 I input_focus: [Focus entering a36b5bf NotificationShade (server),reason=Window became focusable. Previous reason: NOT_VISIBLE]
12-26 09:29:46.681  1584  3391 I wm_wallpaper_surface: [0,0,null]
12-26 09:29:46.686  1584  1931 I commit_sys_config_file: [settings-0-0,15]
12-26 09:29:46.720  1584  1584 I power_screen_broadcast_done: [0,116,1]
12-26 09:29:46.965  1584  1932 I am_compact: [3629,com.google.android.googlequicksearchbox:search,all,393616,255576,128068,7800,-93540,-264,-93276,93276,264,1,2829064,905,10,1505732,-87960]
12-26 09:29:51.747  1584  1584 I screen_toggled: 1
12-26 09:29:51.748  1584  1584 I power_screen_broadcast_send: 1
12-26 09:29:51.756  1584  1850 I sysui_multi_action: [757,1696,758,6,759,3]
12-26 09:29:51.763  1584  8641 I sysui_multi_action: [757,127,758,1]
12-26 09:29:51.763  1584  8641 I sysui_multi_action: [757,804,799,note_load,801,1,802,1]
12-26 09:29:51.763  1584  8641 I notification_panel_revealed: 1
12-26 09:29:51.764  1584  8641 I wm_set_keyguard_shown: [0,1,0,0,setKeyguardShown]
12-26 09:29:51.807  1584  1798 I wm_wallpaper_surface: [0,1,Window{a36b5bf u0 NotificationShade}]
12-26 09:29:51.815  1584  1584 I battery_saving_stats: [0,0,0,5362,0,0,1425058,12000,0]
12-26 09:29:51.870  1584  3394 I sysui_multi_action: [757,803,799,sth_unload_generic_sound_model,802,1]
12-26 09:29:51.898  1584  1584 I power_screen_broadcast_done: [1,150,1]
12-26 09:29:51.911  1584  1932 I am_compact: [14190,com.google.android.gms,all,229116,176784,50044,24168,-5584,0,-5584,5584,29,3,2838433,905,10,1476068,-5632]
12-26 09:29:51.930  1584  1584 I sysui_multi_action: [757,198,758,1,759,1,1359,199,1694,4]
12-26 09:29:51.930  1584  1584 I power_screen_state: [1,0,0,0,199]
12-26 09:29:51.949  1584  1794 I sysui_multi_action: [757,223,758,2]
12-26 09:29:51.949  1584  1794 I sysui_multi_action: [757,804,799,dozing_minutes,801,0,802,1]
12-26 09:29:52.067  1584  1931 I commit_sys_config_file: [settings-0-0,9]
12-26 09:29:52.274  1584  2227 I sysui_multi_action: [757,128,758,1,793,335612682,794,0,795,335612682,796,1000,797,a:GMSCORE_STORE_RENDERER:194:0:107736853508538081300,798,0,806,com.google.android.gms,857,com.google.android.gms.noti-67970f04,858,2,947,0,1395,1,1500,20001,1688,1,1745,2098068913]
12-26 09:29:52.274  1584  2227 I sysui_multi_action: [757,1501,758,1,793,335612682,794,0,795,335612682,796,1000,797,a:GMSCORE_STORE_RENDERER:194:0:107736853508538081300,806,com.google.android.gms,857,com.google.android.gms.noti-67970f04,858,2,947,0,1500,0,1688,1,1745,2098068913]
12-26 09:29:52.274  1584  2227 I sysui_multi_action: [757,804,799,note_interruptive,801,0,802,1]
12-26 09:29:52.275  1584  2227 I sysui_multi_action: [757,804,799,note_freshness,801,335612682,802,1]
12-26 09:29:52.275  1584  2227 I notification_visibility: [0|com.google.android.gms|1000|a:GMSCORE_STORE_RENDERER:194:0:107736853508538081300|10158,1,335612682,335612682,0,0]
12-26 09:29:52.323  1584  1931 I commit_sys_config_file: [settings-1-0,9]
12-26 09:29:52.475  1584  1584 I device_idle: [0,motion]
12-26 09:29:52.475  1584  1584 I device_idle: [1,no activity]
12-26 09:29:53.229  1584  8926 I wm_set_keyguard_shown: [0,1,0,1,keyguardGoingAway]
12-26 09:29:53.230  1584  8926 I wm_set_resumed_activity: [0,com.google.android.apps.nexuslauncher/.NexusLauncherActivity,resumeTopActivity - onActivityStateChanged]
12-26 09:29:53.232  1584  8926 I wm_resume_activity: [0,39696038,137,com.google.android.apps.nexuslauncher/.NexusLauncherActivity]
12-26 09:29:53.234  2682  2682 I wm_on_restart_called: [39696038,com.google.android.apps.nexuslauncher.NexusLauncherActivity,performRestartActivity]
12-26 09:29:53.235  2682  2682 I wm_on_start_called: [39696038,com.google.android.apps.nexuslauncher.NexusLauncherActivity,handleStartActivity]
12-26 09:29:53.238  2682  2682 I wm_on_resume_called: [39696038,com.google.android.apps.nexuslauncher.NexusLauncherActivity,RESUME_ACTIVITY]
12-26 09:29:53.238  2682  2682 I wm_on_top_resumed_gained_called: [39696038,com.google.android.apps.nexuslauncher.NexusLauncherActivity,topWhenResuming]
12-26 09:29:53.274  1584  2227 I wm_set_keyguard_shown: [0,0,0,1,setKeyguardShown]
12-26 09:29:53.274  1584  1797 I device_idle: [0,unlocked]
12-26 09:29:53.274  1584  1797 I device_idle_light: [0,unlocked]
12-26 09:29:53.275  1584  1922 I device_idle_off_start: unlocked
12-26 09:29:53.275  1584  1922 I device_idle_off_complete: 
12-26 09:29:53.283  2172  2172 I sysui_multi_action: [757,196,758,2,759,0]
12-26 09:29:53.283  2172  2172 I sysui_status_bar_state: [1,0,0,0,0,1]
12-26 09:29:53.287  2172  2172 I sysui_multi_action: [757,111,758,2]
12-26 09:29:53.290  1584  8934 I sysui_multi_action: [757,128,758,2,793,335613698,794,1016,795,335613698,796,1000,797,a:GMSCORE_STORE_RENDERER:194:0:107736853508538081300,798,0,806,com.google.android.gms,857,com.google.android.gms.noti-67970f04,858,2,947,0,1395,1,1500,1016,1688,1,1745,2098068913]
12-26 09:29:53.290  1584  8934 I notification_visibility: [0|com.google.android.gms|1000|a:GMSCORE_STORE_RENDERER:194:0:107736853508538081300|10158,0,335613698,335613698,0,0]
12-26 09:29:53.290  2172  2172 I sysui_multi_action: [757,196,758,2,759,0]
12-26 09:29:53.291  2172  2172 I sysui_status_bar_state: [0,0,0,0,0,1]
12-26 09:29:53.305  1584  1797 I user_activity_timeout_override: -1
12-26 09:29:53.309  1584  1798 I input_focus: [Focus request f00dd56 com.google.android.apps.nexuslauncher/com.google.android.apps.nexuslauncher.NexusLauncherActivity,reason=UpdateInputWindows]
12-26 09:29:53.311  1584  1941 I input_focus: [Focus leaving a36b5bf NotificationShade (server),reason=setFocusedWindow]
12-26 09:29:53.312  1584  1941 I input_focus: [Focus entering f00dd56 com.google.android.apps.nexuslauncher/com.google.android.apps.nexuslauncher.NexusLauncherActivity (server),reason=setFocusedWindow]
12-26 09:29:53.316  1584  8935 I am_uid_active: 10187
12-26 09:29:53.331  1584  3391 I sysui_multi_action: [757,127,758,2]
12-26 09:29:53.331  1584  3391 I notification_panel_hidden: 
12-26 09:29:53.531  1584  8926 I am_uid_active: 10069
12-26 09:29:53.878  1584  1932 I am_compact: [5646,com.google.android.apps.turbo,file,108244,59992,46684,3216,0,0,0,0,15,1,2898316,700,5,1507812,0]
12-26 09:29:53.975  1584  1941 I input_interaction: Interaction with: f00dd56 com.google.android.apps.nexuslauncher/com.google.android.apps.nexuslauncher.NexusLauncherActivity (server), c5ec6a2 com.android.systemui.wallpapers.ImageWallpaper (server), PointerEventDispatcher0 (server), 
12-26 09:29:55.953  1584  1796 I commit_sys_config_file: [jobs,21]
12-26 09:29:55.978  1584  8934 I sysui_multi_action: [757,127,758,1]
12-26 09:29:55.979  1584  8934 I sysui_multi_action: [757,804,799,note_load,801,1,802,1]
12-26 09:29:55.979  1584  8934 I notification_panel_revealed: 1
12-26 09:29:55.993  1584  1798 I input_focus: [Focus request a36b5bf NotificationShade,reason=UpdateInputWindows]
12-26 09:29:56.006  1584  1941 I input_focus: [Focus leaving f00dd56 com.google.android.apps.nexuslauncher/com.google.android.apps.nexuslauncher.NexusLauncherActivity (server),reason=Waiting for window because NOT_VISIBLE]
12-26 09:29:56.009  1584  1941 I input_focus: [Focus entering a36b5bf NotificationShade (server),reason=Window became focusable. Previous reason: NOT_VISIBLE]
12-26 09:29:56.012  1584  1941 I input_interaction: Interaction with: f00dd56 com.google.android.apps.nexuslauncher/com.google.android.apps.nexuslauncher.NexusLauncherActivity (server), c5ec6a2 com.android.systemui.wallpapers.ImageWallpaper (server), a36b5bf NotificationShade (server), PointerEventDispatcher0 (server), 
12-26 09:29:56.012  2682  2682 I view_enqueue_input_event: [Motion - Cancel,com.google.android.apps.nexuslauncher/com.google.android.apps.nexuslauncher.NexusLauncherActivity]
12-26 09:29:56.016  1584  1941 I input_interaction: Interaction with: c5ec6a2 com.android.systemui.wallpapers.ImageWallpaper (server), a36b5bf NotificationShade (server), PointerEventDispatcher0 (server), 
12-26 09:29:56.016  2172  2172 I sysui_multi_action: [757,803,799,panel_open,802,1]
12-26 09:29:56.017  2172  2172 I sysui_multi_action: [757,1328,758,4,1326,4,1327,54,1329,0]
12-26 09:29:56.628  1584  1798 I input_focus: [Focus request f00dd56 com.google.android.apps.nexuslauncher/com.google.android.apps.nexuslauncher.NexusLauncherActivity,reason=UpdateInputWindows]
12-26 09:29:56.639  1584  1941 I input_focus: [Focus leaving a36b5bf NotificationShade (server),reason=setFocusedWindow]
12-26 09:29:56.639  1584  1941 I input_focus: [Focus entering f00dd56 com.google.android.apps.nexuslauncher/com.google.android.apps.nexuslauncher.NexusLauncherActivity (server),reason=setFocusedWindow]
12-26 09:29:57.485  1584  1798 I input_focus: [Focus request a36b5bf NotificationShade,reason=UpdateInputWindows]
12-26 09:29:57.494  1584  1941 I input_focus: [Focus leaving f00dd56 com.google.android.apps.nexuslauncher/com.google.android.apps.nexuslauncher.NexusLauncherActivity (server),reason=Waiting for window because NOT_FOCUSABLE]
12-26 09:29:57.494  1584  1941 I input_focus: [Focus entering a36b5bf NotificationShade (server),reason=Window became focusable. Previous reason: NOT_FOCUSABLE]
12-26 09:29:57.995  2172  2172 I view_enqueue_input_event: [Motion - Cancel,NotificationShade]
12-26 09:29:58.080  1584  1798 I input_focus: [Focus request f00dd56 com.google.android.apps.nexuslauncher/com.google.android.apps.nexuslauncher.NexusLauncherActivity,reason=UpdateInputWindows]
12-26 09:29:58.086  1584  8934 I sysui_multi_action: [757,127,758,2]
12-26 09:29:58.086  1584  8934 I notification_panel_hidden: 
12-26 09:29:58.090  1584  1941 I input_focus: [Focus leaving a36b5bf NotificationShade (server),reason=setFocusedWindow]
12-26 09:29:58.090  1584  1941 I input_focus: [Focus entering f00dd56 com.google.android.apps.nexuslauncher/com.google.android.apps.nexuslauncher.NexusLauncherActivity (server),reason=setFocusedWindow]
12-26 09:29:58.499  1584  1941 I input_interaction: Interaction with: f00dd56 com.google.android.apps.nexuslauncher/com.google.android.apps.nexuslauncher.NexusLauncherActivity (server), c5ec6a2 com.android.systemui.wallpapers.ImageWallpaper (server), PointerEventDispatcher0 (server), 
12-26 09:29:59.138  1584  1932 I am_compact: [17109,.ShannonImsService,file,97992,49548,47296,0,0,0,0,0,24,1,2899575,700,5,1508068,0]
12-26 09:29:59.493  1584  1932 I am_compact: [3136,com.google.process.gservices,file,97980,52400,44412,5772,0,0,0,0,26,1,2900171,700,7,1508068,0]
12-26 09:29:59.597  1584  1932 I am_compact: [2990,android.process.acore,file,109052,61400,46464,4728,0,0,0,0,28,1,2829092,700,7,1508068,0]
12-26 09:30:01.177  1584  1931 I commit_sys_config_file: [settings-1-0,9]
12-26 09:30:08.486  1584  1932 I am_compact: [2500,com.android.settings,all,195628,130076,63612,9432,-25064,0,-25064,25064,126,1,2903551,905,15,1508324,-24580]
12-26 09:30:08.602  1584  1932 I am_compact: [9306,com.google.android.apps.wellbeing,all,155444,80568,72328,4076,-31792,0,-31792,31792,115,1,2900119,905,15,1483744,-26824]
12-26 09:30:12.024  1584  1808 I am_pss  : [17233,10182,com.android.chrome,26392576,23027712,0,131108864,0,19,24]
