12-26 09:50:55.822  1584  1941 I input_interaction: Interaction with: b2c5d09 NavigationBar0 (server), f00dd56 com.google.android.apps.nexuslauncher/com.google.android.apps.nexuslauncher.NexusLauncherActivity (server), PointerEventDispatcher0 (server), 
12-26 09:50:55.822  2172  2172 I view_enqueue_input_event: [Motion - Cancel,NavigationBar0]
12-26 09:50:55.822  2172  2172 I sysui_multi_action: [757,931,758,4,759,3,932,32,933,1]
12-26 09:50:55.826  1584  1941 I input_interaction: Interaction with: f00dd56 com.google.android.apps.nexuslauncher/com.google.android.apps.nexuslauncher.NexusLauncherActivity (server), PointerEventDispatcher0 (server), 
12-26 09:50:56.323  1584  1941 I input_interaction: Interaction with: f00dd56 com.google.android.apps.nexuslauncher/com.google.android.apps.nexuslauncher.NexusLauncherActivity (server), c5ec6a2 com.android.systemui.wallpapers.ImageWallpaper (server), PointerEventDispatcher0 (server), 
12-26 09:50:57.300  1584  1941 I input_interaction: Interaction with: b2c5d09 NavigationBar0 (server), PointerEventDispatcher0 (server), 
12-26 09:50:57.680  1584  2227 I sysui_multi_action: [757,803,799,assist_with_context,802,1]
12-26 09:50:58.174  1584  1941 I input_interaction: Interaction with: f00dd56 com.google.android.apps.nexuslauncher/com.google.android.apps.nexuslauncher.NexusLauncherActivity (server), c5ec6a2 com.android.systemui.wallpapers.ImageWallpaper (server), PointerEventDispatcher0 (server), 
12-26 09:50:58.846  1584  8935 I wm_destroy_activity: [0,148049568,138,com.example.android.testing.espresso.BasicSample/.MainActivity,finish-imm:remove-task]
12-26 09:50:58.848  1584  1794 I sysui_multi_action: [757,803,799,window_time_0,802,6]
12-26 09:50:58.848  1584  1797 I am_kill : [0,17989,com.example.android.testing.espresso.BasicSample,900,remove task]
12-26 09:50:58.912  1584  3389 I am_proc_died: [0,17989,com.example.android.testing.espresso.BasicSample,900,18]
12-26 09:50:58.920  1584  3389 I am_uid_stopped: 10243
12-26 09:50:58.921  1584  3389 I wm_task_removed: [138,removeChild:removeChild last r=ActivityRecord{8d30ea0 u0 com.example.android.testing.espresso.BasicSample/.MainActivity} t-1 f}} in t=Task{975fd0 #138 type=standard A=10243:com.example.android.testing.espresso.BasicSample}]
12-26 09:50:58.921  1584  3389 I wm_task_removed: [138,removeChild]
12-26 09:51:02.058  1584  1862 I commit_sys_config_file: [package-user-0,33]
12-26 09:51:05.042  1584  3389 I battery_status: [2,2,1,2,Li-ion]
12-26 09:51:05.294  1584  1931 I commit_sys_config_file: [settings-0-0,20]
12-26 09:51:09.574  1584  1941 I input_interaction: Interaction with: b2c5d09 NavigationBar0 (server), PointerEventDispatcher0 (server), 
12-26 09:51:09.581  2172  2172 I sysui_multi_action: [757,931,758,4,759,3,932,0,933,0]
12-26 09:51:09.696  2172  2172 I sysui_multi_action: [757,931,758,4,759,3,932,0,933,1]
12-26 09:51:09.706  1584  1795 I wm_new_intent: [0,39696038,137,com.google.android.apps.nexuslauncher/.NexusLauncherActivity,android.intent.action.MAIN,NULL,NULL,268435712]
12-26 09:51:09.707  1584  1795 I wm_task_moved: [1,1,1]
12-26 09:51:09.707  2682  2682 I wm_on_top_resumed_lost_called: [39696038,com.google.android.apps.nexuslauncher.NexusLauncherActivity,pausing]
12-26 09:51:09.708  2682  2682 I wm_on_paused_called: [39696038,com.google.android.apps.nexuslauncher.NexusLauncherActivity,performPause]
12-26 09:51:09.708  2682  2682 I wm_on_resume_called: [39696038,com.google.android.apps.nexuslauncher.NexusLauncherActivity,LIFECYCLER_RESUME_ACTIVITY]
12-26 09:51:09.708  2682  2682 I wm_on_top_resumed_gained_called: [39696038,com.google.android.apps.nexuslauncher.NexusLauncherActivity,topWhenResuming]
12-26 09:51:09.743  1584  1808 I am_pss  : [17970,1000,com.android.settings,24680448,14327808,2277376,127229952,0,19,10]
12-26 09:51:11.104  1584  1932 I am_compact: [5646,com.google.android.apps.turbo,file,103620,60068,41912,13348,0,0,0,0,26,3,3557241,700,5,1519280,0]
12-26 09:51:11.166  1584  1941 I input_interaction: Interaction with: b2c5d09 NavigationBar0 (server), f00dd56 com.google.android.apps.nexuslauncher/com.google.android.apps.nexuslauncher.NexusLauncherActivity (server), PointerEventDispatcher0 (server), 
12-26 09:51:11.167  2172  2172 I view_enqueue_input_event: [Motion - Cancel,NavigationBar0]
12-26 09:51:11.170  1584  1941 I input_interaction: Interaction with: f00dd56 com.google.android.apps.nexuslauncher/com.google.android.apps.nexuslauncher.NexusLauncherActivity (server), PointerEventDispatcher0 (server), 
12-26 09:51:11.379  1584  1941 I input_interaction: Interaction with: b2c5d09 NavigationBar0 (server), PointerEventDispatcher0 (server), 
12-26 09:51:11.384  2172  2172 I sysui_multi_action: [757,931,758,4,759,3,932,0,933,0]
12-26 09:51:11.723  2172  2172 I sysui_multi_action: [757,931,758,4,759,3,932,0,933,1]
12-26 09:51:11.737  1584  1795 I wm_new_intent: [0,39696038,137,com.google.android.apps.nexuslauncher/.NexusLauncherActivity,android.intent.action.MAIN,NULL,NULL,268435712]
12-26 09:51:11.737  1584  1795 I wm_task_moved: [1,1,1]
12-26 09:51:11.738  2682  2682 I wm_on_top_resumed_lost_called: [39696038,com.google.android.apps.nexuslauncher.NexusLauncherActivity,pausing]
12-26 09:51:11.739  2682  2682 I wm_on_paused_called: [39696038,com.google.android.apps.nexuslauncher.NexusLauncherActivity,performPause]
12-26 09:51:11.740  2682  2682 I wm_on_resume_called: [39696038,com.google.android.apps.nexuslauncher.NexusLauncherActivity,LIFECYCLER_RESUME_ACTIVITY]
12-26 09:51:11.740  2682  2682 I wm_on_top_resumed_gained_called: [39696038,com.google.android.apps.nexuslauncher.NexusLauncherActivity,topWhenResuming]
12-26 09:51:14.199  1584  1941 I input_interaction: Interaction with: f00dd56 com.google.android.apps.nexuslauncher/com.google.android.apps.nexuslauncher.NexusLauncherActivity (server), c5ec6a2 com.android.systemui.wallpapers.ImageWallpaper (server), PointerEventDispatcher0 (server), 
12-26 09:51:15.422  1584  1941 I input_interaction: Interaction with: b2c5d09 NavigationBar0 (server), PointerEventDispatcher0 (server), 
12-26 09:51:15.424  2172  2172 I sysui_multi_action: [757,931,758,4,759,4,932,0,933,0]
12-26 09:51:15.449  1584  1941 I input_interaction: Interaction with: f00dd56 com.google.android.apps.nexuslauncher/com.google.android.apps.nexuslauncher.NexusLauncherActivity (server), PointerEventDispatcher0 (server), 
12-26 09:51:15.449  1584  1941 I input_interaction: Interaction with: b2c5d09 NavigationBar0 (server), PointerEventDispatcher0 (server), 
12-26 09:51:15.488  1584  1941 I input_interaction: Interaction with: b2c5d09 NavigationBar0 (server), f00dd56 com.google.android.apps.nexuslauncher/com.google.android.apps.nexuslauncher.NexusLauncherActivity (server), PointerEventDispatcher0 (server), 
12-26 09:51:15.488  2172  2172 I view_enqueue_input_event: [Motion - Cancel,NavigationBar0]
12-26 09:51:15.488  2172  2172 I sysui_multi_action: [757,931,758,4,759,4,932,32,933,1]
12-26 09:51:15.489  1584  8926 I sysui_multi_action: [757,803,799,key_back_press,802,1]
12-26 09:51:15.491  2682  2682 I view_enqueue_input_event: [Key - Cancel,com.google.android.apps.nexuslauncher/com.google.android.apps.nexuslauncher.NexusLauncherActivity]
12-26 09:51:15.492  1584  1941 I input_interaction: Interaction with: f00dd56 com.google.android.apps.nexuslauncher/com.google.android.apps.nexuslauncher.NexusLauncherActivity (server), PointerEventDispatcher0 (server), 
12-26 09:51:16.657  1584  1941 I input_interaction: Interaction with: f00dd56 com.google.android.apps.nexuslauncher/com.google.android.apps.nexuslauncher.NexusLauncherActivity (server), c5ec6a2 com.android.systemui.wallpapers.ImageWallpaper (server), PointerEventDispatcher0 (server), 
12-26 09:51:27.270  1584  1931 I commit_sys_config_file: [settings-0-0,15]
12-26 09:51:33.095  1584  1932 I am_compact: [5646,com.google.android.apps.turbo,file,103848,60068,42140,13268,0,0,0,0,32,1,3574738,700,5,1520048,0]
12-26 09:51:36.755  1584  1808 I commit_sys_config_file: [batterystats,20]
12-26 09:51:36.760  1584  1808 I commit_sys_config_file: [batterystats,6]
12-26 09:52:02.604  1584  1809 I am_uid_idle: 10127
12-26 09:52:16.526  1584  1808 I commit_sys_config_file: [procstats,40]
12-26 09:52:16.861  1584  1808 I am_meminfo: [4376150016,827592704,464760832,662777856,981261312]
12-26 09:52:16.882  1584  1808 I am_pss  : [2682,10218,com.google.android.apps.nexuslauncher,238009344,189997056,30138368,376000512,2,2,19]
12-26 09:52:16.908  1584  1808 I am_pss  : [3629,10160,com.google.android.googlequicksearchbox:search,237391872,127836160,61030400,402636800,2,3,23]
12-26 09:52:16.924  1584  1808 I am_pss  : [13199,10158,com.google.android.gms.persistent,97543168,71671808,3883008,261476352,2,3,14]
12-26 09:52:16.931  1584  1808 I am_pss  : [5646,10116,com.google.android.apps.turbo,17803264,1720320,12611584,110415872,2,15,7]
12-26 09:52:16.943  1584  1808 I am_pss  : [14190,10158,com.google.android.gms,78320640,19755008,31219712,236392448,2,3,12]
12-26 09:52:16.963  1584  1808 I am_pss  : [3318,10160,com.google.android.googlequicksearchbox:interactor,322219008,65212416,212135936,297508864,2,3,19]
12-26 09:52:16.973  1584  1808 I am_pss  : [6778,10125,com.google.android.settings.intelligence,52956160,33161216,9953280,164442112,2,19,9]
12-26 09:52:16.981  1584  1808 I am_pss  : [17970,1000,com.android.settings,24680448,14331904,2273280,127234048,2,19,7]
12-26 09:52:16.988  1584  1808 I am_pss  : [2334,1002,com.android.bluetooth,27602944,25157632,0,138018816,2,0,7]
12-26 09:52:16.995  1584  1808 I am_pss  : [6026,10131,com.google.android.apps.security.securityhub,13075456,7794688,3543040,110661632,2,19,6]
12-26 09:52:17.007  1584  1808 I am_pss  : [3591,10127,com.google.android.apps.scone,17560576,15130624,0,125607936,2,10,11]
12-26 09:52:17.015  1584  1808 I am_pss  : [17109,10200,.ShannonImsService,6773760,1122304,3100672,99258368,2,19,7]
12-26 09:52:17.025  1584  1808 I am_pss  : [3280,10232,com.google.android.providers.media.module,22156288,19247104,0,131424256,2,0,10]
12-26 09:52:17.034  1584  1808 I am_pss  : [2990,10069,android.process.acore,14106624,5926912,5804032,112324608,2,19,8]
12-26 09:52:17.047  1584  1808 I am_pss  : [17758,10158,com.google.android.gms.unstable,38396928,16588800,0,228864000,2,19,12]
12-26 09:52:17.053  1584  1808 I am_pss  : [17823,10205,com.android.remoteprovisioner,6610944,5001216,0,103596032,2,19,5]
12-26 09:52:17.059  1584  1808 I am_pss  : [17603,10158,com.google.process.gapps,8091648,573440,4243456,103006208,2,19,6]
12-26 09:52:17.072  1584  1808 I am_pss  : [17626,10186,com.google.android.gm,70932480,61493248,0,210141184,2,19,12]
12-26 09:52:17.079  1584  1808 I am_pss  : [2956,10228,com.google.android.cellbroadcastreceiver,17541120,12627968,3248128,111054848,2,19,7]
12-26 09:52:17.085  1584  1808 I am_pss  : [16916,10201,com.google.android.turboadapter,5630976,3231744,815104,99053568,2,19,5]
12-26 09:52:17.091  1584  1808 I am_pss  : [17543,10077,android.process.media,9035776,7352320,0,107388928,2,19,6]
12-26 09:52:17.102  1584  1808 I am_pss  : [4718,10187,com.google.android.inputmethod.latin,80529408,71294976,3690496,203309056,2,7,10]
12-26 09:52:17.111  1584  1808 I am_pss  : [3004,10147,com.google.android.apps.carrier.carrierwifi,13985792,6971392,4931584,108593152,2,19,7]
12-26 09:52:17.120  1584  1808 I am_pss  : [17233,10182,com.android.chrome,26402816,23027712,0,131108864,2,19,8]
12-26 09:52:17.130  1584  1808 I am_pss  : [9306,10145,com.google.android.apps.wellbeing,48004096,11792384,31334400,132145152,2,19,9]
12-26 09:52:17.142  1584  1808 I am_pss  : [16901,10160,com.google.android.googlequicksearchbox:train,49455104,13205504,1081344,210735104,2,19,11]
12-26 09:52:17.148  1584  1808 I am_pss  : [17128,10198,com.google.android.uvexposurereporter,6253568,4759552,0,96894976,2,19,5]
12-26 09:52:17.159  1584  1808 I am_pss  : [7014,10158,com.google.android.gms.ui,52059136,18894848,9416704,218689536,2,19,10]
12-26 09:52:17.171  1584  1808 I am_pss  : [3827,10143,com.google.android.apps.messaging,77679616,66199552,8044544,179843072,2,19,11]
12-26 09:52:17.179  1584  1808 I am_pss  : [5675,10154,com.google.android.apps.gcs,17396736,15564800,0,119312384,2,19,6]
12-26 09:52:17.185  1584  1808 I am_pss  : [3072,10107,com.google.android.ims,22575104,13811712,6860800,119762944,2,10,6]
12-26 09:52:17.197  1584  1808 I am_pss  : [5502,10121,com.android.vending,74533888,25845760,29835264,184934400,2,19,11]
12-26 09:52:17.209  1584  1808 I am_pss  : [4557,10184,com.google.android.tts,79209472,76587008,0,185978880,2,19,11]
12-26 09:52:17.218  1584  1808 I am_pss  : [3471,10104,com.google.android.projection.gearhead:projection,34666496,25251840,7458816,129765376,2,19,8]
12-26 09:52:17.226  1584  1808 I am_pss  : [2173,10224,com.google.android.permissioncontroller,21475328,13844480,5025792,124198912,2,19,6]
12-26 09:52:17.234  1584  1808 I am_pss  : [6055,10140,com.google.android.apps.tips,19402752,6930432,9986048,118112256,2,19,6]
12-26 09:52:17.242  1584  1808 I am_pss  : [5968,10135,com.google.android.apps.safetyhub,28002304,21393408,4358144,131395584,2,19,7]
12-26 09:52:17.262  1584  1808 I am_pss  : [15640,10106,com.google.android.GoogleCamera,218162176,81690624,113299456,267509760,2,10,19]
12-26 09:52:17.269  1584  1808 I am_pss  : [17013,10101,com.android.traceur,11044864,7630848,1826816,103706624,2,19,7]
12-26 09:52:17.277  1584  1808 I am_pss  : [16231,10121,com.android.vending:instant_app_installer,23481344,8065024,0,139145216,2,19,7]
12-26 09:52:17.285  1584  1808 I am_pss  : [6731,10134,com.google.android.partnersetup,7570432,5926912,0,105861120,2,19,7]
12-26 09:52:17.294  1584  1808 I am_pss  : [16817,10116,com.google.android.apps.turbo:aab,11600896,8388608,0,115679232,2,19,8]
12-26 09:52:17.308  1584  1808 I am_pss  : [3304,10137,com.google.android.as,154465280,124674048,22073344,277835776,2,5,14]
12-26 09:52:17.315  1584  1808 I am_pss  : [2727,1000,com.google.android.iwlan,5806080,4308992,0,96776192,2,6,6]
12-26 09:52:17.323  1584  1808 I am_pss  : [3450,10204,com.google.android.connectivitythermalpowermanager,10483712,8826880,0,103411712,2,0,7]
12-26 09:52:17.329  1584  1808 I am_pss  : [3426,1000,com.google.SSRestartDetector,6909952,5480448,0,95883264,2,0,6]
12-26 09:52:17.338  1584  1808 I am_pss  : [3402,1027,com.android.nfc,18497536,15405056,0,122761216,2,0,7]
12-26 09:52:17.344  1584  1808 I am_pss  : [3367,10203,com.qorvo.uwb.vendorservice,5216256,3690496,0,95391744,2,0,5]
12-26 09:52:17.350  1584  1808 I am_pss  : [2503,10225,com.google.android.ext.services,6064128,983040,3551232,94777344,2,5,6]
12-26 09:52:17.358  1584  1808 I am_pss  : [2797,1000,com.android.qns,6899712,5140480,0,100593664,2,6,7]
12-26 09:52:17.369  1584  1808 I am_pss  : [2491,1001,com.android.phone,41901056,36847616,0,160448512,2,0,10]
12-26 09:52:17.376  1584  1808 I am_pss  : [2484,10197,com.samsung.slsi.telephony.oemril,5535744,3948544,0,96202752,2,0,7]
12-26 09:52:17.384  1584  1808 I am_pss  : [2437,10200,com.shannon.imsservice,14445568,11366400,0,117813248,2,0,7]
12-26 09:52:17.389  1584  1808 I am_pss  : [2449,10149,com.google.android.apps.cbrsnetworkmonitor,4971520,3588096,0,90746880,2,0,5]
12-26 09:52:17.396  1584  1808 I am_pss  : [2423,10209,com.shannon.rcsservice,12299264,10399744,0,111489024,2,0,6]
12-26 09:52:17.403  1584  1808 I am_pss  : [2420,1068,com.android.se,5721088,4259840,0,96530432,2,0,6]
12-26 09:52:17.410  1584  1808 I am_pss  : [2405,10202,com.google.pixel.digitalkey.timesync,5000192,3604480,0,93036544,2,0,7]
12-26 09:52:17.417  1584  1808 I am_pss  : [2382,1001,com.samsung.slsi.telephony.oem.oemrilhookservice,5283840,3719168,0,94601216,2,0,7]
12-26 09:52:17.425  1584  1808 I am_pss  : [2368,10215,com.google.android.grilservice,12620800,11087872,0,104525824,2,0,7]
12-26 09:52:17.433  1584  1808 I am_pss  : [2350,10217,com.android.hbmsvmanager,6729728,4608000,0,105947136,2,0,7]
12-26 09:52:17.443  1584  1808 I am_pss  : [2291,1073,com.android.networkstack.process,10871808,9011200,0,112177152,2,0,10]
12-26 09:52:17.460  1584  1808 I am_pss  : [2172,10220,com.android.systemui,178252800,151482368,0,379203584,2,0,16]
12-26 09:52:17.495  1584  1808 I am_pss  : [1584,1000,system,510082048,386801664,0,893202432,2,0,34]
12-26 09:52:25.328  1584 10966 I commit_sys_config_file: [appops,3603223]
12-26 09:52:27.285  1584  1931 I commit_sys_config_file: [settings-0-0,20]
12-26 09:52:33.101  1584  1932 I am_compact: [5646,com.google.android.apps.turbo,file,103848,60068,42140,13268,0,0,0,0,31,1,3596729,700,5,1522608,0]
12-26 09:52:46.010  1584  1941 I input_interaction: Interaction with: b2c5d09 NavigationBar0 (server), PointerEventDispatcher0 (server), 
12-26 09:52:46.859  1584  1941 I input_interaction: Interaction with: f00dd56 com.google.android.apps.nexuslauncher/com.google.android.apps.nexuslauncher.NexusLauncherActivity (server), c5ec6a2 com.android.systemui.wallpapers.ImageWallpaper (server), PointerEventDispatcher0 (server), 
12-26 09:52:47.417  1584  1794 I sysui_multi_action: [757,803,799,window_time_0,802,108]
12-26 09:52:47.418  1584  1797 I am_kill : [0,16901,com.google.android.googlequicksearchbox:train,955,remove task]
12-26 09:52:47.481  1584  8932 I am_proc_died: [0,16901,com.google.android.googlequicksearchbox:train,955,19]
12-26 09:52:47.860  1584  1794 I sysui_multi_action: [757,803,799,window_time_0,802,1]
12-26 09:52:48.764  1584  1794 I sysui_multi_action: [757,803,799,window_time_0,802,1]
12-26 09:52:50.711  1584  8934 I wm_task_created: [139,-1]
12-26 09:52:50.720  1584  8934 I wm_task_moved: [139,1,2]
12-26 09:52:50.720  1584  8934 I wm_task_to_front: [0,139]
12-26 09:52:50.721  1584  8934 I wm_create_task: [0,139]
12-26 09:52:50.721  1584  8934 I wm_create_activity: [0,78748248,139,com.example.android.testing.espresso.BasicSample/.MainActivity,android.intent.action.MAIN,NULL,NULL,270532608]
12-26 09:52:50.721  1584  8934 I wm_task_moved: [139,1,2]
12-26 09:52:50.723  1584  8934 I wm_pause_activity: [0,39696038,com.google.android.apps.nexuslauncher/.NexusLauncherActivity,userLeaving=true,pauseBackTasks]
12-26 09:52:50.730  2682  2682 I wm_on_top_resumed_lost_called: [39696038,com.google.android.apps.nexuslauncher.NexusLauncherActivity,topStateChangedWhenResumed]
12-26 09:52:50.731  1584  1797 I am_uid_running: 10243
12-26 09:52:50.731  2682  2682 I wm_on_paused_called: [39696038,com.google.android.apps.nexuslauncher.NexusLauncherActivity,performPause]
12-26 09:52:50.731  1584  8934 I wm_add_to_stopping: [0,39696038,com.google.android.apps.nexuslauncher/.NexusLauncherActivity,makeInvisible]
12-26 09:52:50.732  1584  1794 I sysui_multi_action: [757,803,799,window_time_0,802,2]
12-26 09:52:50.740  1584  1810 I am_proc_start: [0,18114,10243,com.example.android.testing.espresso.BasicSample,next-top-activity,{com.example.android.testing.espresso.BasicSample/com.example.android.testing.espresso.BasicSample.MainActivity}]
12-26 09:52:50.748  1584  1941 I input_focus: [Focus leaving f00dd56 com.google.android.apps.nexuslauncher/com.google.android.apps.nexuslauncher.NexusLauncherActivity (server),reason=NO_WINDOW]
12-26 09:52:50.779  1584  8932 I am_proc_bound: [0,18114,com.example.android.testing.espresso.BasicSample]
12-26 09:52:50.780  1584  8932 I wm_restart_activity: [0,78748248,139,com.example.android.testing.espresso.BasicSample/.MainActivity]
12-26 09:52:50.781  1584  8932 I wm_set_resumed_activity: [0,com.example.android.testing.espresso.BasicSample/.MainActivity,minimalResumeActivityLocked - onActivityStateChanged]
12-26 09:52:50.781  1584  1797 I am_uid_active: 10243
12-26 09:52:50.827 18114 18114 I wm_on_create_called: [78748248,com.example.android.testing.espresso.BasicSample.MainActivity,performCreate]
12-26 09:52:50.827 18114 18114 I wm_on_start_called: [78748248,com.example.android.testing.espresso.BasicSample.MainActivity,handleStartActivity]
12-26 09:52:50.829 18114 18114 I wm_on_resume_called: [78748248,com.example.android.testing.espresso.BasicSample.MainActivity,RESUME_ACTIVITY]
12-26 09:52:50.836 18114 18114 I wm_on_top_resumed_gained_called: [78748248,com.example.android.testing.espresso.BasicSample.MainActivity,topStateChangedWhenResumed]
12-26 09:52:50.848  1584  1798 I input_focus: [Focus request f4fd9d2 com.example.android.testing.espresso.BasicSample/com.example.android.testing.espresso.BasicSample.MainActivity,reason=UpdateInputWindows]
12-26 09:52:50.869  1584  1794 I sysui_multi_action: [319,36,321,33,322,159,325,3674,757,761,758,7,759,1,806,com.example.android.testing.espresso.BasicSample,871,com.example.android.testing.espresso.BasicSample.MainActivity,904,com.google.android.apps.nexuslauncher,905,0,945,70,1320,4,1321,24]
12-26 09:52:50.869  1584  1794 I wm_activity_launch_time: [0,78748248,com.example.android.testing.espresso.BasicSample/.MainActivity,159]
12-26 09:52:50.873  1584  1941 I input_focus: [Focus entering f4fd9d2 com.example.android.testing.espresso.BasicSample/com.example.android.testing.espresso.BasicSample.MainActivity (server),reason=Window became focusable. Previous reason: NOT_VISIBLE]
12-26 09:52:51.270  1584  1798 I wm_wallpaper_surface: [0,0,null]
12-26 09:52:51.274  1584  1797 I wm_stop_activity: [0,39696038,com.google.android.apps.nexuslauncher/.NexusLauncherActivity]
12-26 09:52:51.282  1584  1584 I job_deferred_execution: 47649060
12-26 09:52:51.289  2682  2682 I wm_on_stop_called: [39696038,com.google.android.apps.nexuslauncher.NexusLauncherActivity,STOP_ACTIVITY_ITEM]
12-26 09:52:51.300  1584  8932 I am_kill : [0,3629,com.google.android.googlequicksearchbox:search,905,remove task]
12-26 09:52:51.316  1584  1932 I am_compact: [3629,com.google.android.googlequicksearchbox:search,all,378264,280004,88288,61292,-378264,-280004,-88288,-61292,15,3,3546230,905,5,1544112,3840]
12-26 09:52:51.320  1584  1809 I am_wtf  : [0,1584,system_server,-1,JobScheduler.JobStatus,App com.google.android.inputmethod.latin became active but still in NEVER bucket]
12-26 09:52:51.364  1584  1932 I am_compact: [14190,com.google.android.gms,all,228320,179264,46456,31376,-6264,0,-6264,6264,47,3,3556322,905,5,1548292,26028]
12-26 09:52:51.364  1584  1932 I am_unfreeze: [2173,com.google.android.permissioncontroller]
12-26 09:52:51.426  1584  2227 I am_proc_died: [0,3629,com.google.android.googlequicksearchbox:search,905,10]
12-26 09:52:51.429  1584  2227 I am_schedule_service_restart: [0,com.google.android.googlequicksearchbox/com.google.android.apps.gsa.nowoverlayservice.DrawerOverlayService,1000]
12-26 09:52:51.429  1584  2227 I am_schedule_service_restart: [0,com.google.android.googlequicksearchbox/com.google.android.apps.gsa.shared.util.keepalive.StandaloneKeepAlive$KeepAliveService,11000]
12-26 09:52:51.535  1584  1941 I input_interaction: Interaction with: b2c5d09 NavigationBar0 (server), PointerEventDispatcher0 (server), 
12-26 09:52:51.538  2172  2172 I sysui_multi_action: [757,931,758,4,759,3,932,0,933,0]
12-26 09:52:51.632  2172  2172 I sysui_multi_action: [757,931,758,4,759,3,932,0,933,1]
12-26 09:52:51.641  1584  1795 I wm_task_moved: [1,1,2]
12-26 09:52:51.642  1584  1795 I wm_task_moved: [137,1,2147483647]
12-26 09:52:51.642  1584  1795 I wm_task_to_front: [0,137]
12-26 09:52:51.643  1584  1795 I wm_focused_root_task: [0,0,1,139,bringingFoundTaskToFront]
12-26 09:52:51.644  1584  1795 I wm_set_resumed_activity: [0,com.google.android.apps.nexuslauncher/.NexusLauncherActivity,bringingFoundTaskToFront]
12-26 09:52:51.644  1584  1795 I wm_new_intent: [0,39696038,137,com.google.android.apps.nexuslauncher/.NexusLauncherActivity,android.intent.action.MAIN,NULL,NULL,268435712]
12-26 09:52:51.644  1584  1795 I wm_pause_activity: [0,78748248,com.example.android.testing.espresso.BasicSample/.MainActivity,userLeaving=true,pauseBackTasks]
12-26 09:52:51.644 18114 18114 I wm_on_top_resumed_lost_called: [78748248,com.example.android.testing.espresso.BasicSample.MainActivity,topStateChangedWhenResumed]
12-26 09:52:51.646  1584  1795 I wm_add_to_stopping: [0,78748248,com.example.android.testing.espresso.BasicSample/.MainActivity,makeInvisible]
12-26 09:52:51.646  1584  1794 I sysui_multi_action: [757,803,799,window_time_0,802,1]
12-26 09:52:51.646  1584  1795 I wm_set_resumed_activity: [0,com.google.android.apps.nexuslauncher/.NexusLauncherActivity,resumeTopActivity - onActivityStateChanged]
12-26 09:52:51.647  1584  1795 I wm_resume_activity: [0,39696038,137,com.google.android.apps.nexuslauncher/.NexusLauncherActivity]
12-26 09:52:51.647  2682  2682 I wm_on_restart_called: [39696038,com.google.android.apps.nexuslauncher.NexusLauncherActivity,performRestartActivity]
12-26 09:52:51.648  2682  2682 I wm_on_start_called: [39696038,com.google.android.apps.nexuslauncher.NexusLauncherActivity,handleStartActivity]
12-26 09:52:51.649  1584  1798 I input_focus: [Requesting to set focus to null window,reason=UpdateInputWindows]
12-26 09:52:51.650 18114 18114 I wm_on_paused_called: [78748248,com.example.android.testing.espresso.BasicSample.MainActivity,performPause]
12-26 09:52:51.653  2682  2682 I wm_on_resume_called: [39696038,com.google.android.apps.nexuslauncher.NexusLauncherActivity,RESUME_ACTIVITY]
12-26 09:52:51.658  1584  1941 I input_focus: [Focus leaving f4fd9d2 com.example.android.testing.espresso.BasicSample/com.example.android.testing.espresso.BasicSample.MainActivity (server),reason=Waiting for window because NOT_FOCUSABLE]
12-26 09:52:51.660  1584  1798 I input_focus: [Focus request f00dd56 com.google.android.apps.nexuslauncher/com.google.android.apps.nexuslauncher.NexusLauncherActivity,reason=UpdateInputWindows]
12-26 09:52:51.665  2682  2682 I wm_on_top_resumed_gained_called: [39696038,com.google.android.apps.nexuslauncher.NexusLauncherActivity,topStateChangedWhenResumed]
12-26 09:52:51.666  1584  1798 I wm_wallpaper_surface: [0,1,Window{f00dd56 u0 com.google.android.apps.nexuslauncher/com.google.android.apps.nexuslauncher.NexusLauncherActivity}]
12-26 09:52:51.671  1584  1810 I am_proc_start: [0,18156,10160,com.google.android.googlequicksearchbox:search,service,{com.google.android.googlequicksearchbox/com.google.android.apps.gsa.nowoverlayservice.DrawerOverlayService}]
12-26 09:52:51.698  1584  1794 I sysui_multi_action: [319,38,322,29,325,3675,757,761,758,9,759,2,806,com.google.android.apps.nexuslauncher,871,com.google.android.apps.nexuslauncher.NexusLauncherActivity,905,0,1320,4,1321,24]
12-26 09:52:51.699  1584  1941 I input_focus: [Focus entering f00dd56 com.google.android.apps.nexuslauncher/com.google.android.apps.nexuslauncher.NexusLauncherActivity (server),reason=Window became focusable. Previous reason: NOT_VISIBLE]
12-26 09:52:51.707  1584  8653 I am_proc_bound: [0,18156,com.google.android.googlequicksearchbox:search]
12-26 09:52:51.721 13199 13391 I sysui_multi_action: [757,920,758,4,759,1324094355]
12-26 09:52:51.987  1584  2227 I am_uid_active: 10205
12-26 09:52:52.034  1584  1797 I wm_stop_activity: [0,78748248,com.example.android.testing.espresso.BasicSample/.MainActivity]
12-26 09:52:52.059 18114 18114 I wm_on_stop_called: [78748248,com.example.android.testing.espresso.BasicSample.MainActivity,STOP_ACTIVITY_ITEM]
12-26 09:52:52.099  1584  1932 I am_compact: [18114,com.example.android.testing.espresso.BasicSample,file,162208,107768,53200,0,0,0,0,0,32,0,0,700,15,1597616,0]
12-26 09:52:52.170  1584  1798 I input_focus: [Focus request e007213 com.google.android.apps.nexuslauncher/com.google.android.apps.nexuslauncher.NexusLauncherActivity,reason=UpdateInputWindows]
12-26 09:52:52.187  1584  1941 I input_focus: [Focus leaving f00dd56 com.google.android.apps.nexuslauncher/com.google.android.apps.nexuslauncher.NexusLauncherActivity (server),reason=Waiting for window because NO_WINDOW]
12-26 09:52:52.237  1584  1941 I input_focus: [Focus entering e007213 com.google.android.apps.nexuslauncher/com.google.android.apps.nexuslauncher.NexusLauncherActivity (server),reason=Window became focusable. Previous reason: NOT_VISIBLE]
12-26 09:52:52.253  1584  1798 I input_focus: [Focus request f00dd56 com.google.android.apps.nexuslauncher/com.google.android.apps.nexuslauncher.NexusLauncherActivity,reason=UpdateInputWindows]
12-26 09:52:52.254  1584  1941 I input_focus: [Focus leaving e007213 com.google.android.apps.nexuslauncher/com.google.android.apps.nexuslauncher.NexusLauncherActivity (server),reason=NOT_VISIBLE]
12-26 09:52:52.262  1584  1941 I input_focus: [Focus entering f00dd56 com.google.android.apps.nexuslauncher/com.google.android.apps.nexuslauncher.NexusLauncherActivity (server),reason=setFocusedWindow]
12-26 09:52:52.406  1584  8936 I am_uid_running: 10079
12-26 09:52:52.415  1584  1810 I am_proc_start: [0,18270,10079,com.android.providers.calendar,content provider,{com.android.providers.calendar/com.android.providers.calendar.CalendarProvider2}]
12-26 09:52:52.428  1584  8641 I am_proc_bound: [0,18270,com.android.providers.calendar]
12-26 09:52:52.430  1584  8641 I am_uid_active: 10079
12-26 09:52:52.475  1584  1941 I input_interaction: Interaction with: f00dd56 com.google.android.apps.nexuslauncher/com.google.android.apps.nexuslauncher.NexusLauncherActivity (server), c5ec6a2 com.android.systemui.wallpapers.ImageWallpaper (server), PointerEventDispatcher0 (server), 
12-26 09:52:53.067  1584  8641 I wm_task_moved: [139,1,2]
12-26 09:52:53.067  1584  8641 I wm_task_to_front: [0,139]
12-26 09:52:53.068  1584  8641 I wm_focused_root_task: [0,0,139,1,bringingFoundTaskToFront]
12-26 09:52:53.069  1584  8641 I wm_set_resumed_activity: [0,com.example.android.testing.espresso.BasicSample/.MainActivity,bringingFoundTaskToFront]
12-26 09:52:53.071  1584  8641 I wm_pause_activity: [0,39696038,com.google.android.apps.nexuslauncher/.NexusLauncherActivity,userLeaving=true,pauseBackTasks]
12-26 09:52:53.072  1584  1798 I input_focus: [Requesting to set focus to null window,reason=UpdateInputWindows]
12-26 09:52:53.073  2682  2682 I wm_on_top_resumed_lost_called: [39696038,com.google.android.apps.nexuslauncher.NexusLauncherActivity,topStateChangedWhenResumed]
12-26 09:52:53.074  2682  2682 I wm_on_paused_called: [39696038,com.google.android.apps.nexuslauncher.NexusLauncherActivity,performPause]
12-26 09:52:53.074  1584  8653 I wm_set_resumed_activity: [0,com.example.android.testing.espresso.BasicSample/.MainActivity,resumeTopActivity - onActivityStateChanged]
12-26 09:52:53.074  1584  8653 I wm_add_to_stopping: [0,39696038,com.google.android.apps.nexuslauncher/.NexusLauncherActivity,makeInvisible]
12-26 09:52:53.075  1584  8653 I wm_resume_activity: [0,78748248,139,com.example.android.testing.espresso.BasicSample/.MainActivity]
12-26 09:52:53.077  1584  1794 I sysui_multi_action: [757,803,799,window_time_0,802,1]
12-26 09:52:53.078 18114 18114 I wm_on_restart_called: [78748248,com.example.android.testing.espresso.BasicSample.MainActivity,performRestartActivity]
12-26 09:52:53.078 18114 18114 I wm_on_start_called: [78748248,com.example.android.testing.espresso.BasicSample.MainActivity,handleStartActivity]
12-26 09:52:53.078 18114 18114 I wm_on_resume_called: [78748248,com.example.android.testing.espresso.BasicSample.MainActivity,RESUME_ACTIVITY]
12-26 09:52:53.078 18114 18114 I wm_on_top_resumed_gained_called: [78748248,com.example.android.testing.espresso.BasicSample.MainActivity,topWhenResuming]
12-26 09:52:53.081  1584  1941 I input_focus: [Focus leaving f00dd56 com.google.android.apps.nexuslauncher/com.google.android.apps.nexuslauncher.NexusLauncherActivity (server),reason=Waiting for window because NOT_FOCUSABLE]
12-26 09:52:53.085  1584  1798 I input_focus: [Focus request f4fd9d2 com.example.android.testing.espresso.BasicSample/com.example.android.testing.espresso.BasicSample.MainActivity,reason=UpdateInputWindows]
12-26 09:52:53.096  1584  1794 I sysui_multi_action: [319,28,322,27,325,3676,757,761,758,9,759,2,806,com.example.android.testing.espresso.BasicSample,871,com.example.android.testing.espresso.BasicSample.MainActivity,904,com.google.android.apps.nexuslauncher,905,0,1320,4,1321,24]
12-26 09:52:53.157  1584  1941 I input_focus: [Focus entering f4fd9d2 com.example.android.testing.espresso.BasicSample/com.example.android.testing.espresso.BasicSample.MainActivity (server),reason=Window became focusable. Previous reason: NOT_VISIBLE]
12-26 09:52:53.609  1584  1798 I wm_wallpaper_surface: [0,0,null]
12-26 09:52:53.610  1584  1797 I wm_stop_activity: [0,39696038,com.google.android.apps.nexuslauncher/.NexusLauncherActivity]
12-26 09:52:53.623  2682  2682 I wm_on_stop_called: [39696038,com.google.android.apps.nexuslauncher.NexusLauncherActivity,STOP_ACTIVITY_ITEM]
12-26 09:52:53.674  1584  1941 I input_interaction: Interaction with: b2c5d09 NavigationBar0 (server), PointerEventDispatcher0 (server), 
12-26 09:52:53.675  2172  2172 I sysui_multi_action: [757,931,758,4,759,3,932,0,933,0]
12-26 09:52:53.724  2172  2172 I sysui_multi_action: [757,931,758,4,759,3,932,0,933,1]
12-26 09:52:53.730  1584  1795 I wm_task_moved: [1,1,2]
12-26 09:52:53.731  1584  1795 I wm_task_moved: [137,1,2147483647]
12-26 09:52:53.731  1584  1795 I wm_task_to_front: [0,137]
12-26 09:52:53.731  1584  1795 I wm_focused_root_task: [0,0,1,139,bringingFoundTaskToFront]
12-26 09:52:53.732  1584  1795 I wm_set_resumed_activity: [0,com.google.android.apps.nexuslauncher/.NexusLauncherActivity,bringingFoundTaskToFront]
12-26 09:52:53.732  1584  1795 I wm_new_intent: [0,39696038,137,com.google.android.apps.nexuslauncher/.NexusLauncherActivity,android.intent.action.MAIN,NULL,NULL,268435712]
12-26 09:52:53.732 18114 18114 I wm_on_top_resumed_lost_called: [78748248,com.example.android.testing.espresso.BasicSample.MainActivity,topStateChangedWhenResumed]
12-26 09:52:53.732  1584  1795 I wm_pause_activity: [0,78748248,com.example.android.testing.espresso.BasicSample/.MainActivity,userLeaving=true,pauseBackTasks]
12-26 09:52:53.733  1584  1795 I wm_add_to_stopping: [0,78748248,com.example.android.testing.espresso.BasicSample/.MainActivity,makeInvisible]
12-26 09:52:53.733  1584  1794 I sysui_multi_action: [757,803,799,window_time_0,802,1]
12-26 09:52:53.733  1584  1795 I wm_set_resumed_activity: [0,com.google.android.apps.nexuslauncher/.NexusLauncherActivity,resumeTopActivity - onActivityStateChanged]
12-26 09:52:53.733  1584  1795 I wm_resume_activity: [0,39696038,137,com.google.android.apps.nexuslauncher/.NexusLauncherActivity]
12-26 09:52:53.734  2682  2682 I wm_on_restart_called: [39696038,com.google.android.apps.nexuslauncher.NexusLauncherActivity,performRestartActivity]
12-26 09:52:53.734  2682  2682 I wm_on_start_called: [39696038,com.google.android.apps.nexuslauncher.NexusLauncherActivity,handleStartActivity]
12-26 09:52:53.736  1584  1798 I input_focus: [Requesting to set focus to null window,reason=UpdateInputWindows]
12-26 09:52:53.737 18114 18114 I wm_on_paused_called: [78748248,com.example.android.testing.espresso.BasicSample.MainActivity,performPause]
12-26 09:52:53.737  2682  2682 I wm_on_resume_called: [39696038,com.google.android.apps.nexuslauncher.NexusLauncherActivity,RESUME_ACTIVITY]
12-26 09:52:53.739  1584  1941 I input_focus: [Focus leaving f4fd9d2 com.example.android.testing.espresso.BasicSample/com.example.android.testing.espresso.BasicSample.MainActivity (server),reason=Waiting for window because NOT_FOCUSABLE]
12-26 09:52:53.745  1584  1798 I input_focus: [Focus request f00dd56 com.google.android.apps.nexuslauncher/com.google.android.apps.nexuslauncher.NexusLauncherActivity,reason=UpdateInputWindows]
12-26 09:52:53.751  2682  2682 I wm_on_top_resumed_gained_called: [39696038,com.google.android.apps.nexuslauncher.NexusLauncherActivity,topStateChangedWhenResumed]
12-26 09:52:53.761  1584  1798 I wm_wallpaper_surface: [0,1,Window{f00dd56 u0 com.google.android.apps.nexuslauncher/com.google.android.apps.nexuslauncher.NexusLauncherActivity}]
12-26 09:52:53.807  1584  1941 I input_focus: [Focus entering f00dd56 com.google.android.apps.nexuslauncher/com.google.android.apps.nexuslauncher.NexusLauncherActivity (server),reason=Window became focusable. Previous reason: NOT_VISIBLE]
12-26 09:52:53.807  1584  1794 I sysui_multi_action: [319,49,322,34,325,3677,757,761,758,9,759,2,806,com.google.android.apps.nexuslauncher,871,com.google.android.apps.nexuslauncher.NexusLauncherActivity,905,0,1320,4,1321,24]
12-26 09:52:54.143  1584  1797 I wm_stop_activity: [0,78748248,com.example.android.testing.espresso.BasicSample/.MainActivity]
12-26 09:52:54.170 18114 18114 I wm_on_stop_called: [78748248,com.example.android.testing.espresso.BasicSample.MainActivity,STOP_ACTIVITY_ITEM]
12-26 09:52:55.841  1584  1931 I commit_sys_config_file: [settings-0-0,15]
12-26 09:53:01.671  1584  1932 I am_compact: [5646,com.google.android.apps.turbo,file,104048,60068,42340,13200,0,0,0,0,38,1,3656735,700,5,1600688,0]
12-26 09:53:04.851  1584  1932 I am_compact: [3136,com.google.process.gservices,file,96740,52400,43172,5876,0,0,0,0,34,3,3321562,700,5,1600688,0]
12-26 09:53:12.607  1584  1808 I am_pss  : [18156,10160,com.google.android.googlequicksearchbox:search,190341120,137023488,0,394608640,0,3,62]
12-26 09:53:26.377  1584  8936 I battery_level: [71,4078,217]
12-26 09:53:26.429  1584  8936 I am_uid_active: 10201
12-26 09:53:26.649  1584  1931 I commit_sys_config_file: [settings-0-0,8]
12-26 09:53:27.289  1584  1931 I commit_sys_config_file: [settings-0-0,22]
12-26 09:53:28.738  1584  1932 I am_compact: [3136,com.google.process.gservices,file,96740,52400,43172,5876,0,0,0,0,28,1,3688485,700,5,1601200,0]
12-26 09:53:33.117  1584  1932 I am_compact: [5646,com.google.android.apps.turbo,file,107060,60324,45096,11372,0,0,0,0,41,1,3685305,700,5,1601200,0]
12-26 09:53:33.135  1584  1808 I am_pss  : [18156,10160,com.google.android.googlequicksearchbox:search,190263296,136945664,0,394530816,0,3,50]
12-26 09:53:39.590  2172  2172 I sysui_multi_action: [757,931,758,4,759,4,932,0,933,0]
12-26 09:53:39.593  1584  1941 I input_interaction: Interaction with: f00dd56 com.google.android.apps.nexuslauncher/com.google.android.apps.nexuslauncher.NexusLauncherActivity (server), PointerEventDispatcher0 (server), 
12-26 09:53:39.594  1584  1941 I input_interaction: Interaction with: b2c5d09 NavigationBar0 (server), PointerEventDispatcher0 (server), 
12-26 09:53:39.618  1584  1941 I input_interaction: Interaction with: b2c5d09 NavigationBar0 (server), f00dd56 com.google.android.apps.nexuslauncher/com.google.android.apps.nexuslauncher.NexusLauncherActivity (server), PointerEventDispatcher0 (server), 
12-26 09:53:39.618  2172  2172 I view_enqueue_input_event: [Motion - Cancel,NavigationBar0]
12-26 09:53:39.618  2172  2172 I sysui_multi_action: [757,931,758,4,759,4,932,32,933,1]
12-26 09:53:39.619  1584  8641 I sysui_multi_action: [757,803,799,key_back_press,802,1]
12-26 09:53:39.619  2682  2682 I view_enqueue_input_event: [Key - Cancel,com.google.android.apps.nexuslauncher/com.google.android.apps.nexuslauncher.NexusLauncherActivity]
12-26 09:53:39.623  1584  1941 I input_interaction: Interaction with: f00dd56 com.google.android.apps.nexuslauncher/com.google.android.apps.nexuslauncher.NexusLauncherActivity (server), PointerEventDispatcher0 (server), 
12-26 09:53:42.844  1584  1941 I input_interaction: Interaction with: f00dd56 com.google.android.apps.nexuslauncher/com.google.android.apps.nexuslauncher.NexusLauncherActivity (server), c5ec6a2 com.android.systemui.wallpapers.ImageWallpaper (server), PointerEventDispatcher0 (server), 
12-26 09:53:42.901  1584  8936 I wm_task_created: [140,-1]
12-26 09:53:42.905  1584  8936 I wm_task_moved: [140,1,3]
12-26 09:53:42.905  1584  8936 I wm_task_to_front: [0,140]
12-26 09:53:42.905  1584  8936 I wm_create_task: [0,140]
12-26 09:53:42.905  1584  8936 I wm_create_activity: [0,242301695,140,com.google.android.apps.nbu.files/.home.HomeActivity,android.intent.action.MAIN,NULL,NULL,270532608]
12-26 09:53:42.906  1584  8936 I wm_task_moved: [140,1,3]
12-26 09:53:42.907  1584  8936 I wm_pause_activity: [0,39696038,com.google.android.apps.nexuslauncher/.NexusLauncherActivity,userLeaving=true,pauseBackTasks]
12-26 09:53:42.911  2682  2682 I wm_on_top_resumed_lost_called: [39696038,com.google.android.apps.nexuslauncher.NexusLauncherActivity,topStateChangedWhenResumed]
12-26 09:53:42.911  1584  1797 I am_uid_running: 10159
12-26 09:53:42.911  2682  2682 I wm_on_paused_called: [39696038,com.google.android.apps.nexuslauncher.NexusLauncherActivity,performPause]
12-26 09:53:42.912  1584  6289 I wm_add_to_stopping: [0,39696038,com.google.android.apps.nexuslauncher/.NexusLauncherActivity,makeInvisible]
12-26 09:53:42.912  1584  1794 I sysui_multi_action: [757,803,799,window_time_0,802,49]
12-26 09:53:42.915  1584  1941 I input_focus: [Focus leaving f00dd56 com.google.android.apps.nexuslauncher/com.google.android.apps.nexuslauncher.NexusLauncherActivity (server),reason=NO_WINDOW]
12-26 09:53:42.922  1584  1810 I am_proc_start: [0,18386,10159,com.google.android.apps.nbu.files,next-top-activity,{com.google.android.apps.nbu.files/com.google.android.apps.nbu.files.home.HomeActivity}]
12-26 09:53:42.933  1584  1808 I am_pss  : [18114,10243,com.example.android.testing.espresso.BasicSample,39895040,33177600,0,166117376,0,15,8]
12-26 09:53:42.941  1584  1808 I am_pss  : [18270,10079,com.android.providers.calendar,6295552,4632576,0,104300544,0,19,6]
12-26 09:53:42.947  1584  8936 I am_proc_bound: [0,18386,com.google.android.apps.nbu.files]
12-26 09:53:42.949  1584  8936 I wm_restart_activity: [0,242301695,140,com.google.android.apps.nbu.files/.home.HomeActivity]
12-26 09:53:42.950  1584  8936 I wm_set_resumed_activity: [0,com.google.android.apps.nbu.files/.home.HomeActivity,minimalResumeActivityLocked - onActivityStateChanged]
12-26 09:53:42.950  1584  1797 I am_uid_active: 10159
12-26 09:53:43.045 18386 18386 I wm_on_create_called: [242301695,com.google.android.apps.nbu.files.home.HomeActivity,performCreate]
12-26 09:53:43.058  1584  1758 I am_uid_running: 10195
12-26 09:53:43.068  1584  1810 I am_proc_start: [0,18448,10195,com.google.android.apps.photos,content provider,{com.google.android.apps.photos/com.google.android.apps.photos.devicemanagement.contentprovider.FreeUpSpaceContentProvider}]
12-26 09:53:43.084  1584  8936 I am_proc_bound: [0,18448,com.google.android.apps.photos]
12-26 09:53:43.085  1584  8936 I am_uid_active: 10195
12-26 09:53:43.134  1584  6289 I wm_task_moved: [140,1,3]
12-26 09:53:43.135  1584  6289 I wm_create_activity: [0,219169866,140,com.google.android.permissioncontroller/com.android.permissioncontroller.permission.ui.GrantPermissionsActivity,android.content.pm.action.REQUEST_PERMISSIONS,NULL,NULL,8388608]
12-26 09:53:43.136  1584  6289 I wm_pause_activity: [0,242301695,com.google.android.apps.nbu.files/.home.HomeActivity,userLeaving=true,resumeTopActivity]
12-26 09:53:43.161 18386 18386 I wm_on_start_called: [242301695,com.google.android.apps.nbu.files.home.HomeActivity,handleStartActivity]
12-26 09:53:43.163 18386 18386 I wm_on_resume_called: [242301695,com.google.android.apps.nbu.files.home.HomeActivity,RESUME_ACTIVITY]
12-26 09:53:43.172 18386 18386 I wm_on_top_resumed_gained_called: [242301695,com.google.android.apps.nbu.files.home.HomeActivity,topStateChangedWhenResumed]
12-26 09:53:43.175 18386 18386 I wm_on_top_resumed_lost_called: [242301695,com.google.android.apps.nbu.files.home.HomeActivity,topStateChangedWhenResumed]
12-26 09:53:43.176 18386 18386 I wm_on_paused_called: [242301695,com.google.android.apps.nbu.files.home.HomeActivity,performPause]
12-26 09:53:43.178  1584  3390 I wm_restart_activity: [0,219169866,140,com.google.android.permissioncontroller/com.android.permissioncontroller.permission.ui.GrantPermissionsActivity]
12-26 09:53:43.179  1584  3390 I wm_set_resumed_activity: [0,com.google.android.permissioncontroller/com.android.permissioncontroller.permission.ui.GrantPermissionsActivity,minimalResumeActivityLocked - onActivityStateChanged]
12-26 09:53:43.180  1584  1797 I am_uid_active: 10224
12-26 09:53:43.181  1584  1794 I sysui_multi_action: [757,803,799,window_time_0,802,0]
12-26 09:53:43.223  2173  2173 I wm_on_create_called: [219169866,com.android.permissioncontroller.permission.ui.GrantPermissionsActivity,performCreate]
12-26 09:53:43.223  2173  2173 I wm_on_start_called: [219169866,com.android.permissioncontroller.permission.ui.GrantPermissionsActivity,handleStartActivity]
12-26 09:53:43.225  2173  2173 I wm_on_resume_called: [219169866,com.android.permissioncontroller.permission.ui.GrantPermissionsActivity,RESUME_ACTIVITY]
12-26 09:53:43.231  2173  2173 I wm_on_top_resumed_gained_called: [219169866,com.android.permissioncontroller.permission.ui.GrantPermissionsActivity,topStateChangedWhenResumed]
12-26 09:53:43.235  1584  1798 I input_focus: [Focus request a1abb05 com.google.android.permissioncontroller/com.android.permissioncontroller.permission.ui.GrantPermissionsActivity,reason=UpdateInputWindows]
12-26 09:53:43.241  1584  1794 I sysui_multi_action: [319,48,321,44,322,343,325,3726,757,761,758,7,759,1,806,com.google.android.permissioncontroller,871,com.android.permissioncontroller.permission.ui.GrantPermissionsActivity,904,com.google.android.apps.nbu.files,905,0,945,53,1320,3,1321,21]
12-26 09:53:43.242  1584  1794 I wm_activity_launch_time: [0,219169866,com.google.android.permissioncontroller/com.android.permissioncontroller.permission.ui.GrantPermissionsActivity,343]
12-26 09:53:43.249  1584  1941 I input_focus: [Focus entering a1abb05 com.google.android.permissioncontroller/com.android.permissioncontroller.permission.ui.GrantPermissionsActivity (server),reason=Window became focusable. Previous reason: NOT_VISIBLE]
12-26 09:53:43.255  1584  8936 I wm_finish_activity: [0,219169866,140,com.google.android.permissioncontroller/com.android.permissioncontroller.permission.ui.GrantPermissionsActivity,app-request]
12-26 09:53:43.267  1584  8936 I wm_pause_activity: [0,219169866,com.google.android.permissioncontroller/com.android.permissioncontroller.permission.ui.GrantPermissionsActivity,userLeaving=false,finish]
12-26 09:53:43.270  2173  2173 I wm_on_top_resumed_lost_called: [219169866,com.android.permissioncontroller.permission.ui.GrantPermissionsActivity,topStateChangedWhenResumed]
12-26 09:53:43.272  2173  2173 I wm_on_paused_called: [219169866,com.android.permissioncontroller.permission.ui.GrantPermissionsActivity,performPause]
12-26 09:53:43.272  1584  3390 I wm_add_to_stopping: [0,219169866,com.google.android.permissioncontroller/com.android.permissioncontroller.permission.ui.GrantPermissionsActivity,completeFinishing]
12-26 09:53:43.273  1584  1941 I input_focus: [Focus leaving a1abb05 com.google.android.permissioncontroller/com.android.permissioncontroller.permission.ui.GrantPermissionsActivity (server),reason=NO_WINDOW]
12-26 09:53:43.275  1584  3390 I wm_set_resumed_activity: [0,com.google.android.apps.nbu.files/.home.HomeActivity,resumeTopActivity - onActivityStateChanged]
12-26 09:53:43.277  1584  3390 I wm_resume_activity: [0,242301695,140,com.google.android.apps.nbu.files/.home.HomeActivity]
12-26 09:53:43.277  1584  1794 I sysui_multi_action: [757,803,799,window_time_0,802,0]
12-26 09:53:43.307  1584  1798 I input_focus: [Focus request 94f978f com.google.android.apps.nbu.files/com.google.android.apps.nbu.files.home.HomeActivity,reason=UpdateInputWindows]
12-26 09:53:43.323  1584  1851 I am_uid_active: 10106
12-26 09:53:43.342  1584  1941 I input_focus: [Focus entering 94f978f com.google.android.apps.nbu.files/com.google.android.apps.nbu.files.home.HomeActivity (server),reason=Window became focusable. Previous reason: NOT_VISIBLE]
12-26 09:53:43.352 18386 18386 I wm_on_activity_result_called: [242301695,com.google.android.apps.nbu.files.home.HomeActivity,ACTIVITY_RESULT]
12-26 09:53:43.353 18386 18386 I wm_on_resume_called: [242301695,com.google.android.apps.nbu.files.home.HomeActivity,RESUME_ACTIVITY]
12-26 09:53:43.358 18386 18386 I wm_on_top_resumed_gained_called: [242301695,com.google.android.apps.nbu.files.home.HomeActivity,topWhenResuming]
12-26 09:53:43.461  1584  1797 I wm_stop_activity: [0,39696038,com.google.android.apps.nexuslauncher/.NexusLauncherActivity]
12-26 09:53:43.462  1584  1798 I wm_wallpaper_surface: [0,0,null]
12-26 09:53:43.475  2682  2682 I wm_on_stop_called: [39696038,com.google.android.apps.nexuslauncher.NexusLauncherActivity,STOP_ACTIVITY_ITEM]
12-26 09:53:43.534  1584  1797 I wm_destroy_activity: [0,219169866,140,com.google.android.permissioncontroller/com.android.permissioncontroller.permission.ui.GrantPermissionsActivity,finish-imm:idle]
12-26 09:53:43.546  2173  2173 I wm_on_stop_called: [219169866,com.android.permissioncontroller.permission.ui.GrantPermissionsActivity,LIFECYCLER_STOP_ACTIVITY]
12-26 09:53:43.546  2173  2173 I wm_on_destroy_called: [219169866,com.android.permissioncontroller.permission.ui.GrantPermissionsActivity,performDestroy]
12-26 09:53:44.427  1584  1941 I input_interaction: Interaction with: 94f978f com.google.android.apps.nbu.files/com.google.android.apps.nbu.files.home.HomeActivity (server), PointerEventDispatcher0 (server), 
12-26 09:53:45.156  1584  1796 I commit_sys_config_file: [jobs,21]
12-26 09:53:45.820  1584  1851 I wm_task_moved: [140,1,3]
12-26 09:53:45.820  1584  1851 I wm_create_activity: [0,31942287,140,com.google.android.apps.nbu.files/.advancedbrowsing.browser.AdvancedBrowsingActivity,NULL,NULL,NULL,0]
12-26 09:53:45.821  1584  1851 I wm_pause_activity: [0,242301695,com.google.android.apps.nbu.files/.home.HomeActivity,userLeaving=true,resumeTopActivity]
12-26 09:53:45.828 18386 18386 I wm_on_top_resumed_lost_called: [242301695,com.google.android.apps.nbu.files.home.HomeActivity,topStateChangedWhenResumed]
12-26 09:53:45.830 18386 18386 I wm_on_paused_called: [242301695,com.google.android.apps.nbu.files.home.HomeActivity,performPause]
12-26 09:53:45.831  1584  6289 I wm_add_to_stopping: [0,242301695,com.google.android.apps.nbu.files/.home.HomeActivity,makeInvisible]
